Component: ARM Compiler 5.06 update 1 (build 61) Tool: armlink [4d35a8]

==============================================================================

Section Cross References

    system_stm32f10x.o(i.SetSysClock) refers to system_stm32f10x.o(i.SetSysClockTo72) for SetSysClockTo72
    system_stm32f10x.o(i.SystemCoreClockUpdate) refers to system_stm32f10x.o(.data) for SystemCoreClock
    system_stm32f10x.o(i.SystemInit) refers to system_stm32f10x.o(i.SetSysClock) for SetSysClock
    startup_stm32f10x_cl.o(RESET) refers to startup_stm32f10x_cl.o(STACK) for __initial_sp
    startup_stm32f10x_cl.o(RESET) refers to startup_stm32f10x_cl.o(.text) for Reset_Handler
    startup_stm32f10x_cl.o(RESET) refers to stm32f10x_it.o(i.NMI_Handler) for NMI_Handler
    startup_stm32f10x_cl.o(RESET) refers to stm32f10x_it.o(i.HardFault_Handler) for HardFault_Handler
    startup_stm32f10x_cl.o(RESET) refers to stm32f10x_it.o(i.MemManage_Handler) for MemManage_Handler
    startup_stm32f10x_cl.o(RESET) refers to stm32f10x_it.o(i.BusFault_Handler) for BusFault_Handler
    startup_stm32f10x_cl.o(RESET) refers to stm32f10x_it.o(i.UsageFault_Handler) for UsageFault_Handler
    startup_stm32f10x_cl.o(RESET) refers to port.o(.emb_text) for vPortSVCHandler
    startup_stm32f10x_cl.o(RESET) refers to stm32f10x_it.o(i.DebugMon_Handler) for DebugMon_Handler
    startup_stm32f10x_cl.o(RESET) refers to port.o(i.xPortSysTickHandler) for xPortSysTickHandler
    startup_stm32f10x_cl.o(RESET) refers to stm32f10x_it.o(i.WWDG_IRQHandler) for WWDG_IRQHandler
    startup_stm32f10x_cl.o(RESET) refers to stm32f10x_it.o(i.PVD_IRQHandler) for PVD_IRQHandler
    startup_stm32f10x_cl.o(RESET) refers to stm32f10x_it.o(i.TAMPER_IRQHandler) for TAMPER_IRQHandler
    startup_stm32f10x_cl.o(RESET) refers to stm32f10x_it.o(i.RTC_IRQHandler) for RTC_IRQHandler
    startup_stm32f10x_cl.o(RESET) refers to stm32f10x_it.o(i.FLASH_IRQHandler) for FLASH_IRQHandler
    startup_stm32f10x_cl.o(RESET) refers to stm32f10x_it.o(i.RCC_IRQHandler) for RCC_IRQHandler
    startup_stm32f10x_cl.o(RESET) refers to stm32f10x_it.o(i.EXTI0_IRQHandler) for EXTI0_IRQHandler
    startup_stm32f10x_cl.o(RESET) refers to stm32f10x_it.o(i.EXTI1_IRQHandler) for EXTI1_IRQHandler
    startup_stm32f10x_cl.o(RESET) refers to stm32f10x_it.o(i.EXTI2_IRQHandler) for EXTI2_IRQHandler
    startup_stm32f10x_cl.o(RESET) refers to stm32f10x_it.o(i.EXTI3_IRQHandler) for EXTI3_IRQHandler
    startup_stm32f10x_cl.o(RESET) refers to stm32f10x_it.o(i.EXTI4_IRQHandler) for EXTI4_IRQHandler
    startup_stm32f10x_cl.o(RESET) refers to stm32f10x_it.o(i.DMA1_Channel1_IRQHandler) for DMA1_Channel1_IRQHandler
    startup_stm32f10x_cl.o(RESET) refers to stm32f10x_it.o(i.DMA1_Channel2_IRQHandler) for DMA1_Channel2_IRQHandler
    startup_stm32f10x_cl.o(RESET) refers to stm32f10x_it.o(i.DMA1_Channel3_IRQHandler) for DMA1_Channel3_IRQHandler
    startup_stm32f10x_cl.o(RESET) refers to stm32f10x_it.o(i.DMA1_Channel4_IRQHandler) for DMA1_Channel4_IRQHandler
    startup_stm32f10x_cl.o(RESET) refers to stm32f10x_it.o(i.DMA1_Channel5_IRQHandler) for DMA1_Channel5_IRQHandler
    startup_stm32f10x_cl.o(RESET) refers to stm32f10x_it.o(i.DMA1_Channel6_IRQHandler) for DMA1_Channel6_IRQHandler
    startup_stm32f10x_cl.o(RESET) refers to stm32f10x_it.o(i.DMA1_Channel7_IRQHandler) for DMA1_Channel7_IRQHandler
    startup_stm32f10x_cl.o(RESET) refers to stm32f10x_it.o(i.ADC1_2_IRQHandler) for ADC1_2_IRQHandler
    startup_stm32f10x_cl.o(RESET) refers to stm32f10x_it.o(i.CAN1_RX1_IRQHandler) for CAN1_RX1_IRQHandler
    startup_stm32f10x_cl.o(RESET) refers to stm32f10x_it.o(i.CAN1_SCE_IRQHandler) for CAN1_SCE_IRQHandler
    startup_stm32f10x_cl.o(RESET) refers to stm32f10x_it.o(i.EXTI9_5_IRQHandler) for EXTI9_5_IRQHandler
    startup_stm32f10x_cl.o(RESET) refers to stm32f10x_it.o(i.TIM1_UP_IRQHandler) for TIM1_UP_IRQHandler
    startup_stm32f10x_cl.o(RESET) refers to stm32f10x_it.o(i.TIM1_CC_IRQHandler) for TIM1_CC_IRQHandler
    startup_stm32f10x_cl.o(RESET) refers to stm32f10x_it.o(i.TIM2_IRQHandler) for TIM2_IRQHandler
    startup_stm32f10x_cl.o(RESET) refers to stm32f10x_it.o(i.TIM3_IRQHandler) for TIM3_IRQHandler
    startup_stm32f10x_cl.o(RESET) refers to stm32f10x_it.o(i.TIM4_IRQHandler) for TIM4_IRQHandler
    startup_stm32f10x_cl.o(RESET) refers to stm32f10x_it.o(i.I2C1_EV_IRQHandler) for I2C1_EV_IRQHandler
    startup_stm32f10x_cl.o(RESET) refers to stm32f10x_it.o(i.I2C1_ER_IRQHandler) for I2C1_ER_IRQHandler
    startup_stm32f10x_cl.o(RESET) refers to stm32f10x_it.o(i.I2C2_EV_IRQHandler) for I2C2_EV_IRQHandler
    startup_stm32f10x_cl.o(RESET) refers to stm32f10x_it.o(i.I2C2_ER_IRQHandler) for I2C2_ER_IRQHandler
    startup_stm32f10x_cl.o(RESET) refers to stm32f10x_it.o(i.SPI1_IRQHandler) for SPI1_IRQHandler
    startup_stm32f10x_cl.o(RESET) refers to stm32f10x_it.o(i.SPI2_IRQHandler) for SPI2_IRQHandler
    startup_stm32f10x_cl.o(RESET) refers to stm32f10x_it.o(i.USART1_IRQHandler) for USART1_IRQHandler
[...]
    memp_PBUF                                0x08016c74   Data          16  memp.o(.constdata)
    memp_PBUF_POOL                           0x08016c84   Data          16  memp.o(.constdata)
    memp_pools                               0x08016c94   Data          40  memp.o(.constdata)
    tcp_pcb_lists                            0x08016cfc   Data          16  tcp.o(.constdata)
    ip_addr_any                              0x08016d0c   Data           4  ip4_addr.o(.constdata)
    ip_addr_broadcast                        0x08016d10   Data           4  ip4_addr.o(.constdata)
    ethbroadcast                             0x08016d14   Data           6  ethernet.o(.constdata)
    ethzero                                  0x08016d1a   Data           6  ethernet.o(.constdata)
    Region$$Table$$Base                      0x08016e80   Number         0  anon$$obj.o(Region$$Table)
    Region$$Table$$Limit                     0x08016ea0   Number         0  anon$$obj.o(Region$$Table)
    DMATxDescToSet                           0x20000014   Data           4  stm32f10x_eth.o(.data)
    DMARxDescToGet                           0x20000018   Data           4  stm32f10x_eth.o(.data)
    DMAPTPTxDescToSet                        0x2000001c   Data           4  stm32f10x_eth.o(.data)
    DMAPTPRxDescToGet                        0x20000020   Data           4  stm32f10x_eth.o(.data)
    pxCurrentTCB                             0x20000040   Data           4  tasks.o(.data)
    LocalTime                                0x2000007c   Data           4  csm.o(.data)
    task_api                                 0x20000080   Data           8  csm.o(.data)
    task_esam                                0x20000088   Data           8  csm.o(.data)
    task_update                              0x20000090   Data           8  csm.o(.data)
    Q_Handle_UART_Host                       0x20000098   Data           4  csm.o(.data)
    Q_Handle_NET_Host                        0x2000009c   Data           4  csm.o(.data)
    Q_Handle_USB_Host                        0x200000a0   Data           4  csm.o(.data)
    Q_Handle_MAIN                            0x200000a4   Data           4  csm.o(.data)
    Q_Handle_API                             0x200000a8   Data           4  csm.o(.data)
    Q_Handle_ESAM                            0x200000ac   Data           4  csm.o(.data)
    Q_Handle_UPDATE                          0x200000b0   Data           4  csm.o(.data)
    x_Handle_UART_Host                       0x200000b4   Data           4  csm.o(.data)
    x_Handle_NET_Host                        0x200000b8   Data           4  csm.o(.data)
    x_Handle_USB_Host                        0x200000bc   Data           4  csm.o(.data)
    x_Handle_MAIN                            0x200000c0   Data           4  csm.o(.data)
    x_Handle_API                             0x200000c4   Data           4  csm.o(.data)
    x_Handle_ESAM                            0x200000c8   Data           4  csm.o(.data)
    x_Handle_UPDATE                          0x200000cc   Data           4  csm.o(.data)
    g_uRealRFAddress                         0x200000d0   Data           6  csm.o(.data)
    g_uXorRFAddress                          0x200000d6   Data           6  csm.o(.data)
    Esam_Temp                                0x200000dc   Data        1024  csm.o(.data)
    uart_rf_rx_int_callback                  0x200004e0   Data           4  drv_usart.o(.data)
    uart_rf_tx_int_callback                  0x200004e4   Data           4  drv_usart.o(.data)
    uart_debug_rx_int_callback               0x200004e8   Data           4  drv_usart.o(.data)
    uart_debug_tx_int_callback               0x200004ec   Data           4  drv_usart.o(.data)
    Drv_RF_UART                              0x200004f0   Data          44  drv_usart.o(.data)
    Drv_Debug_UART                           0x2000051c   Data          44  drv_usart.o(.data)
    g_resources                              0x20000548   Data           4  drv_resource.o(.data)
    spi_esam_rx_int_callback                 0x20000560   Data           4  drv_spi.o(.data)
    spi_esam_tx_int_callback                 0x20000564   Data           4  drv_spi.o(.data)
    Drv_ESAM_SPI                             0x20000568   Data          60  drv_spi.o(.data)
    ant_active                               0x200005a4   Data           1  drv_ant.o(.data)
    RS232_pcb                                0x200005ac   Data           4  drv_lwip.o(.data)
    search_cmd                               0x200005b0   Data           4  drv_lwip.o(.data)
    search_pwd                               0x200005b4   Data           8  drv_lwip.o(.data)
    g_SystemInitWatchDog                     0x200005bc   Data           4  drv_fmsoftwatchdog.o(.data)
    TCPTimer                                 0x200005c0   Data           4  netconf.o(.data)
    ARPTimer                                 0x200005c4   Data           4  netconf.o(.data)
    DHCPfineTimer                            0x200005c8   Data           4  netconf.o(.data)
    DHCPcoarseTimer                          0x200005cc   Data           4  netconf.o(.data)
    DisplayTimer                             0x200005d0   Data           4  netconf.o(.data)
    LedToggle                                0x200005d4   Data           1  netconf.o(.data)
    Server                                   0x200005d5   Data           1  netconf.o(.data)
    reg_blocks                               0x200008d4   Data         128  hostif_regs.o(.data)
    g_uBootloadStep                          0x20000958   Data           4  protocol_bootload.o(.data)
    CustomHID_StringSerial                   0x2000095c   Data          26  usb_desc.o(.data)
    USB_Recv_len                             0x20000978   Data           4  usb_endp.o(.data)
    USB_Send_len                             0x2000097c   Data           4  usb_endp.o(.data)
    USB_err                                  0x20000980   Data           4  usb_endp.o(.data)
    PrevXferComplete                         0x20000984   Data           1  usb_endp.o(.data)
    wIstr                                    0x20000988   Data           2  usb_istr.o(.data)
    bIntPackSOF                              0x2000098a   Data           1  usb_istr.o(.data)
    pEpInt_IN                                0x2000098c   Data          28  usb_istr.o(.data)
    pEpInt_OUT                               0x200009a8   Data          28  usb_istr.o(.data)
    ProtocolValue                            0x200009c4   Data           4  usb_prop.o(.data)
    Device_Table                             0x200009c8   Data           2  usb_prop.o(.data)
    Device_Property                          0x200009cc   Data          48  usb_prop.o(.data)
    User_Standard_Requests                   0x200009fc   Data          36  usb_prop.o(.data)
    Device_Descriptor                        0x20000a20   Data           8  usb_prop.o(.data)
    Config_Descriptor                        0x20000a28   Data           8  usb_prop.o(.data)
    CustomHID_Report_Descriptor              0x20000a30   Data           8  usb_prop.o(.data)
    CustomHID_Descriptor                     0x20000a38   Data           8  usb_prop.o(.data)
    String_Descriptor                        0x20000a40   Data          32  usb_prop.o(.data)
    bDeviceState                             0x20000a60   Data           4  usb_pwr.o(.data)
    fSuspendEnabled                          0x20000a64   Data           1  usb_pwr.o(.data)
    ResumeS                                  0x20000a65   Data           2  usb_pwr.o(.data)
    IsocBuff                                 0x20000a68   Data           2  otgd_fs_int.o(.data)
    IsocBufferIdx                            0x20000a6c   Data           4  otgd_fs_int.o(.data)
    SaveRState                               0x20000a70   Data           2  otgd_fs_int.o(.data)
    SaveTState                               0x20000a72   Data           2  otgd_fs_int.o(.data)
    StatusInfo                               0x20000a74   Data           2  usb_core.o(.data)
    Data_Mul_MaxPacketSize                   0x20000a76   Data           1  usb_core.o(.data)
    EPindex                                  0x20000a78   Data           1  usb_init.o(.data)
    pInformation                             0x20000a7c   Data           4  usb_init.o(.data)
    pProperty                                0x20000a80   Data           4  usb_init.o(.data)
    SaveState                                0x20000a84   Data           2  usb_init.o(.data)
    wInterrupt_Mask                          0x20000a86   Data           2  usb_init.o(.data)
    pUser_Standard_Requests                  0x20000a88   Data           4  usb_init.o(.data)
    netif_list                               0x20000ac0   Data           4  netif.o(.data)
    netif_default                            0x20000ac4   Data           4  netif.o(.data)
    pbuf_free_ooseq_pending                  0x20000aca   Data           1  pbuf.o(.data)
    tcp_ticks                                0x20000ad0   Data           4  tcp.o(.data)
    tcp_bound_pcbs                           0x20000ad4   Data           4  tcp.o(.data)
    tcp_listen_pcbs                          0x20000ad8   Data           4  tcp.o(.data)
    tcp_active_pcbs                          0x20000adc   Data           4  tcp.o(.data)
    tcp_tw_pcbs                              0x20000ae0   Data           4  tcp.o(.data)
    tcp_active_pcbs_changed                  0x20000ae4   Data           1  tcp.o(.data)
    tcp_input_pcb                            0x20000b10   Data           4  tcp_in.o(.data)
    udp_pcbs                                 0x20000b24   Data           4  udp.o(.data)
    tcp_end_time                             0x20000b44   Data           4  ethernetif.o(.data)
    arp_end_time                             0x20000b48   Data           4  ethernetif.o(.data)
    MACaddr                                  0x20000b4c   Data           6  ethernetif.o(.data)
    DMATxDesc                                0x20000b54   Data           4  ethernetif.o(.data)
    __stdout                                 0x20000b58   Data           4  stdout.o(.data)
    g_RFSoftVersion                          0x20005024   Data           9  csm.o(.bss)
    g_RFErrorStatus                          0x2000502d   Data           9  csm.o(.bss)
    Esam_Back                                0x20005036   Data        1124  csm.o(.bss)
    uart_rf_tx_rx_buff                       0x2000549c   Data        2068  drv_usart.o(.bss)
    uart_debug_tx_rx_buff                    0x20005cb0   Data        2068  drv_usart.o(.bss)
    msg_buff                                 0x200064c4   Data        3216  drv_msg.o(.bss)
    g_tesam_in                               0x20007154   Data        1024  drv_esam.o(.bss)
    g_tesam_out                              0x20007554   Data         220  drv_esam.o(.bss)
    spi_esam_tx_rx_buff                      0x20007650   Data          28  drv_spi.o(.bss)
    lwip_rx_tx_buff                          0x2000766c   Data         312  drv_lwip.o(.bss)
    search_rsp_buf                           0x200077a4   Data         100  drv_lwip.o(.bss)
    netif                                    0x20007818   Data         112  netconf.o(.bss)
    host_msg_send_buf                        0x20007b78   Data         256  host_rf.o(.bss)
    host_para                                0x20007c78   Data         276  host_rf.o(.bss)
    host_uart_para                           0x20007d8c   Data         276  host_uart.o(.bss)
    host_net_para                            0x20007ea0   Data         276  host_net .o(.bss)
    host_usb_para                            0x20007fb4   Data         276  host_usb.o(.bss)
    flash_data_buf                           0x200080c8   Data        2048  hostif_oems.o(.bss)
    Recv_temp_Buffer                         0x200088dc   Data          64  usb_endp.o(.bss)
    USB_Recv_buf                             0x2000891c   Data         512  usb_endp.o(.bss)
    USB_Send_buf                             0x20008b1c   Data         512  usb_endp.o(.bss)
    uSendBuf                                 0x20008d1c   Data          64  usb_endp.o(.bss)
    USB_OTG_FS_regs                          0x20008d5c   Data          60  otgd_fs_cal.o(.bss)
    USBD_Data_Buffer                         0x20008d98   Data         128  otgd_fs_int.o(.bss)
    USB_OTG_PCD_dev                          0x20008e18   Data         224  otgd_fs_pcd.o(.bss)
    Device_Info                              0x20008ef8   Data          28  usb_init.o(.bss)
    ip_data                                  0x20008f14   Data          24  ip.o(.bss)
    ram_heap                                 0x20008f2c   Data        8211  mem.o(.bss)
    memp_memory_UDP_PCB_base                 0x2000af40   Data         163  memp.o(.bss)
    memp_memory_TCP_PCB_base                 0x2000afee   Data         843  memp.o(.bss)
    memp_memory_TCP_PCB_LISTEN_base          0x2000b344   Data         227  memp.o(.bss)
    memp_memory_TCP_SEG_base                 0x2000b432   Data        1283  memp.o(.bss)
    memp_memory_REASSDATA_base               0x2000b940   Data         163  memp.o(.bss)
    memp_memory_FRAG_PBUF_base               0x2000b9ee   Data         363  memp.o(.bss)
    memp_memory_IGMP_GROUP_base              0x2000bb64   Data         131  memp.o(.bss)
    memp_memory_SYS_TIMEOUT_base             0x2000bbf2   Data          67  memp.o(.bss)
    memp_memory_PBUF_base                    0x2000bc40   Data         163  memp.o(.bss)
    memp_memory_PBUF_POOL_base               0x2000bcee   Data        6083  memp.o(.bss)
    lwip_stats                               0x2000d4bc   Data         440  stats.o(.bss)
    DMARxDscrTab                             0x2000d774   Data          64  ethernetif.o(.bss)
    DMATxDscrTab                             0x2000d7b4   Data          32  ethernetif.o(.bss)
    Rx_Buff                                  0x2000d7d4   Data        6080  ethernetif.o(.bss)
    Tx_Buff                                  0x2000ef94   Data        3040  ethernetif.o(.bss)
    __initial_sp                             0x2000ff78   Data           0  startup_stm32f10x_cl.o(STACK)



==============================================================================

Memory Map of the image

  Image Entry point : 0x08000151

  Load Region LR_IROM1 (Base: 0x08000000, Size: 0x000179fc, Max: 0x00038000, ABSOLUTE, COMPRESSED[0x00017168])

    Execution Region ER_IROM1 (Base: 0x08000000, Size: 0x00016ea0, Max: 0x00038000, ABSOLUTE)

    Base Addr    Size         Type   Attr      Idx    E Section Name        Object

    0x08000000   0x00000150   Data   RO          129    RESET               startup_stm32f10x_cl.o
    0x08000150   0x00000000   Code   RO         9764  * .ARM.Collect$$$$00000000  mc_w.l(entry.o)
    0x08000150   0x00000004   Code   RO        10048    .ARM.Collect$$$$00000001  mc_w.l(entry2.o)
    0x08000154   0x00000004   Code   RO        10051    .ARM.Collect$$$$00000004  mc_w.l(entry5.o)
    0x08000158   0x00000000   Code   RO        10053    .ARM.Collect$$$$00000008  mc_w.l(entry7b.o)
    0x08000158   0x00000000   Code   RO        10055    .ARM.Collect$$$$0000000A  mc_w.l(entry8b.o)
    0x08000158   0x00000008   Code   RO        10056    .ARM.Collect$$$$0000000B  mc_w.l(entry9a.o)
    0x08000160   0x00000000   Code   RO        10058    .ARM.Collect$$$$0000000D  mc_w.l(entry10a.o)
    0x08000160   0x00000000   Code   RO        10060    .ARM.Collect$$$$0000000F  mc_w.l(entry11a.o)
    0x08000160   0x00000004   Code   RO        10049    .ARM.Collect$$$$00002712  mc_w.l(entry2.o)
    0x08000164   0x00000096   Code   RO         4447    .emb_text           port.o
    0x080001fa   0x00000002   PAD
    0x080001fc   0x00000024   Code   RO          130    .text               startup_stm32f10x_cl.o
    0x08000220   0x00000040   Code   RO         9773    .text               mc_w.l(memmovea.o)
    0x08000260   0x00000024   Code   RO         9775    .text               mc_w.l(memseta.o)
    0x08000284   0x0000000e   Code   RO         9777    .text               mc_w.l(strlen.o)
    0x08000292   0x0000001a   Code   RO         9779    .text               mc_w.l(memcmp.o)
    0x080002ac   0x0000002c   Code   RO        10065    .text               mc_w.l(uidiv.o)
    0x080002d8   0x00000024   Code   RO        10080    .text               mc_w.l(init.o)
    0x080002fc   0x00000000   Code   RO        10082    .text               mc_w.l(semi.o)
    0x080002fc   0x00000000   Code   RO        10089    .text               mc_w.l(iusesemip.o)
    0x080002fc   0x00000056   Code   RO        10100    .text               mc_w.l(__dczerorl2.o)
    0x08000352   0x00000004   Code   RO         1649    i.ADC1_2_IRQHandler  stm32f10x_it.o
    0x08000356   0x00000002   PAD
    0x08000358   0x00000130   Code   RO         6686    i.ARM_FLASH_PageWrite  protocol_bootload.o
    0x08000488   0x00000004   Code   RO         1651    i.BusFault_Handler  stm32f10x_it.o
    0x0800048c   0x00000010   Code   RO         7292    i.ByteSwap          otgd_fs_dev.o
    0x0800049c   0x00000004   Code   RO         1652    i.CAN1_RX1_IRQHandler  stm32f10x_it.o
    0x080004a0   0x00000004   Code   RO         1653    i.CAN1_SCE_IRQHandler  stm32f10x_it.o
    0x080004a4   0x000000ec   Code   RO         5609    i.Check_GB_FD_Auth_Para  drv_esam.o
    0x08000590   0x00000100   Code   RO         5610    i.Check_GB_FD_Sec_Comm_Para  drv_esam.o
    0x08000690   0x0000002a   Code   RO         6157    i.Cs_Verify         host_rf.o
    0x080006ba   0x00000002   PAD
    0x080006bc   0x0000007c   Code   RO         6951    i.CustomHID_Data_Setup  usb_prop.o
    0x08000738   0x00000014   Code   RO         6952    i.CustomHID_GetConfigDescriptor  usb_prop.o
    0x0800074c   0x00000014   Code   RO         6953    i.CustomHID_GetDeviceDescriptor  usb_prop.o
    0x08000760   0x00000014   Code   RO         6954    i.CustomHID_GetHIDDescriptor  usb_prop.o
    0x08000774   0x0000001c   Code   RO         6955    i.CustomHID_GetProtocolValue  usb_prop.o
    0x08000790   0x00000014   Code   RO         6956    i.CustomHID_GetReportDescriptor  usb_prop.o
    0x080007a4   0x00000028   Code   RO         6957    i.CustomHID_GetStringDescriptor  usb_prop.o
    0x080007cc   0x00000016   Code   RO         6958    i.CustomHID_Get_Interface_Setting  usb_prop.o
    0x080007e2   0x00000002   PAD
    0x080007e4   0x00000024   Code   RO         6959    i.CustomHID_NoData_Setup  usb_prop.o
    0x08000808   0x00000044   Code   RO         6960    i.CustomHID_Reset   usb_prop.o
    0x0800084c   0x00000018   Code   RO         6961    i.CustomHID_SetConfiguration  usb_prop.o
    0x08000864   0x0000000c   Code   RO         6962    i.CustomHID_SetDeviceAddress  usb_prop.o
    0x08000870   0x00000018   Code   RO         6963    i.CustomHID_SetProtocol  usb_prop.o
    0x08000888   0x00000002   Code   RO         6964    i.CustomHID_Status_In  usb_prop.o
    0x0800088a   0x00000002   Code   RO         6965    i.CustomHID_Status_Out  usb_prop.o
    0x0800088c   0x00000028   Code   RO         6966    i.CustomHID_init    usb_prop.o
    0x080008b4   0x00000004   Code   RO         1654    i.DMA1_Channel1_IRQHandler  stm32f10x_it.o
    0x080008b8   0x00000004   Code   RO         1655    i.DMA1_Channel2_IRQHandler  stm32f10x_it.o
    0x080008bc   0x00000004   Code   RO         1656    i.DMA1_Channel3_IRQHandler  stm32f10x_it.o
    0x080008c0   0x00000002   Code   RO         1657    i.DMA1_Channel4_IRQHandler  stm32f10x_it.o
    0x080008c2   0x00000004   Code   RO         1658    i.DMA1_Channel5_IRQHandler  stm32f10x_it.o
    0x080008c6   0x00000004   Code   RO         1659    i.DMA1_Channel6_IRQHandler  stm32f10x_it.o
    0x080008ca   0x00000004   Code   RO         1660    i.DMA1_Channel7_IRQHandler  stm32f10x_it.o
    0x080008ce   0x00000004   Code   RO         1661    i.DMA2_Channel1_IRQHandler  stm32f10x_it.o
    0x080008d2   0x00000004   Code   RO         1662    i.DMA2_Channel2_IRQHandler  stm32f10x_it.o
    0x080008d6   0x00000004   Code   RO         1663    i.DMA2_Channel3_IRQHandler  stm32f10x_it.o
    0x080008da   0x00000002   PAD
    0x080008dc   0x000000ac   Code   RO         7631    i.DataStageIn       usb_core.o
    0x08000988   0x000000a4   Code   RO         7632    i.DataStageOut      usb_core.o
    0x08000a2c   0x0000028c   Code   RO         7633    i.Data_Setup0       usb_core.o
    0x08000cb8   0x00000002   Code   RO         1665    i.DebugMon_Handler  stm32f10x_it.o
    0x08000cba   0x00000002   PAD
    0x08000cbc   0x00000014   Code   RO         6845    i.EP1_IN_Callback   usb_endp.o
    0x08000cd0   0x000000c8   Code   RO         6846    i.EP1_IN_Send_Task_Process  usb_endp.o
    0x08000d98   0x000000a0   Code   RO         6847    i.EP1_OUT_Callback  usb_endp.o
    0x08000e38   0x00000002   Code   RO         6848    i.EP2_IN_Callback   usb_endp.o
    0x08000e3a   0x00000002   PAD
    0x08000e3c   0x00000038   Code   RO         5611    i.ESAM_Init         drv_esam.o
    0x08000e74   0x00000024   Code   RO         5612    i.ESAM_Recvdata     drv_esam.o
    0x08000e98   0x00000020   Code   RO         5613    i.ESAM_Senddata     drv_esam.o
    0x08000eb8   0x00000060   Code   RO         5614    i.ESAM_Start        drv_esam.o
    0x08000f18   0x00000020   Code   RO         5615    i.ESAM_Stop         drv_esam.o
    0x08000f38   0x0000000c   Code   RO         3716    i.ETH_DMAClearITPendingBit  stm32f10x_eth.o
    0x08000f44   0x00000020   Code   RO         3717    i.ETH_DMAITConfig   stm32f10x_eth.o
    0x08000f64   0x00000024   Code   RO         3720    i.ETH_DMAReceptionCmd  stm32f10x_eth.o
    0x08000f88   0x00000054   Code   RO         3721    i.ETH_DMARxDescChainInit  stm32f10x_eth.o
    0x08000fdc   0x00000016   Code   RO         3723    i.ETH_DMARxDescReceiveITConfig  stm32f10x_eth.o
    0x08000ff2   0x00000002   PAD
    0x08000ff4   0x00000024   Code   RO         3726    i.ETH_DMATransmissionCmd  stm32f10x_eth.o
    0x08001018   0x00000050   Code   RO         3729    i.ETH_DMATxDescChainInit  stm32f10x_eth.o
    0x08001068   0x00000016   Code   RO         3738    i.ETH_DeInit        stm32f10x_eth.o
    0x0800107e   0x00000022   Code   RO         3739    i.ETH_Delay         stm32f10x_eth.o
    0x080010a0   0x00000014   Code   RO         3744    i.ETH_FlushTransmitFIFO  stm32f10x_eth.o
    0x080010b4   0x0000000c   Code   RO         9696    i.ETH_GetCurrentTxBuffer  ethernetif.o
    0x080010c0   0x0000000a   Code   RO         3755    i.ETH_GetDMARxDescFrameLength  stm32f10x_eth.o
    0x080010ca   0x00000002   PAD
    0x080010cc   0x00000048   Code   RO         3770    i.ETH_GetRxPktSize  stm32f10x_eth.o
    0x08001114   0x00000018   Code   RO         3771    i.ETH_GetSoftwareResetStatus  stm32f10x_eth.o
    0x0800112c   0x00000020   Code   RO         1666    i.ETH_IRQHandler    stm32f10x_it.o
    0x0800114c   0x00000270   Code   RO         3778    i.ETH_Init          stm32f10x_eth.o
    0x080013bc   0x00000034   Code   RO         3781    i.ETH_MACAddressConfig  stm32f10x_eth.o
    0x080013f0   0x00000024   Code   RO         3786    i.ETH_MACReceptionCmd  stm32f10x_eth.o
    0x08001414   0x00000024   Code   RO         3787    i.ETH_MACTransmissionCmd  stm32f10x_eth.o
    0x08001438   0x0000006c   Code   RO         3798    i.ETH_ReadPHYRegister  stm32f10x_eth.o
    0x080014a4   0x0000009c   Code   RO         9697    i.ETH_RxPkt_ChainMode  ethernetif.o
    0x08001540   0x00000014   Code   RO         3809    i.ETH_SoftwareReset  stm32f10x_eth.o
    0x08001554   0x00000020   Code   RO         3810    i.ETH_Start         stm32f10x_eth.o
    0x08001574   0x000000a4   Code   RO         3811    i.ETH_StructInit    stm32f10x_eth.o
    0x08001618   0x00000068   Code   RO         9698    i.ETH_TxPkt_ChainMode  ethernetif.o
    0x08001680   0x00000068   Code   RO         3813    i.ETH_WritePHYRegister  stm32f10x_eth.o
    0x080016e8   0x00000002   Code   RO         1667    i.EXTI0_IRQHandler  stm32f10x_it.o
    0x080016ea   0x00000002   Code   RO         1668    i.EXTI15_10_IRQHandler  stm32f10x_it.o
    0x080016ec   0x00000004   Code   RO         1669    i.EXTI1_IRQHandler  stm32f10x_it.o
    0x080016f0   0x00000004   Code   RO         1670    i.EXTI2_IRQHandler  stm32f10x_it.o
    0x080016f4   0x00000004   Code   RO         1671    i.EXTI3_IRQHandler  stm32f10x_it.o
    0x080016f8   0x00000004   Code   RO         1672    i.EXTI4_IRQHandler  stm32f10x_it.o
    0x080016fc   0x00000002   Code   RO         1673    i.EXTI9_5_IRQHandler  stm32f10x_it.o
    0x080016fe   0x00000002   PAD
    0x08001700   0x000003b8   Code   RO         5616    i.Esam_Gen_GW_Key_For_NARI_Auth  drv_esam.o
    0x08001ab8   0x0000000c   Code   RO         1037    i.FLASH_ClearFlag   stm32f10x_flash.o
    0x08001ac4   0x0000004c   Code   RO         1042    i.FLASH_ErasePage   stm32f10x_flash.o
    0x08001b10   0x00000034   Code   RO         1043    i.FLASH_GetBank1Status  stm32f10x_flash.o
    0x08001b44   0x00000004   Code   RO         1674    i.FLASH_IRQHandler  stm32f10x_it.o
    0x08001b48   0x00000014   Code   RO         1052    i.FLASH_Lock        stm32f10x_flash.o
    0x08001b5c   0x0000006c   Code   RO         1057    i.FLASH_ProgramWord  stm32f10x_flash.o
    0x08001bc8   0x00000018   Code   RO         1059    i.FLASH_SetLatency  stm32f10x_flash.o
    0x08001be0   0x00000018   Code   RO         1060    i.FLASH_Unlock      stm32f10x_flash.o
    0x08001bf8   0x00000018   Code   RO         1061    i.FLASH_UnlockBank1  stm32f10x_flash.o
    0x08001c10   0x00000026   Code   RO         1064    i.FLASH_WaitForLastOperation  stm32f10x_flash.o
    0x08001c36   0x00000002   Code   RO         6752    i.GPIO_AINConfig    hw_config.o
    0x08001c38   0x0000000c   Code   RO         1333    i.GPIO_ETH_MediaInterfaceConfig  stm32f10x_gpio.o
    0x08001c44   0x00000116   Code   RO         1337    i.GPIO_Init         stm32f10x_gpio.o
    0x08001d5a   0x00000002   PAD
    0x08001d5c   0x00000090   Code   RO         1339    i.GPIO_PinRemapConfig  stm32f10x_gpio.o
    0x08001dec   0x00000004   Code   RO         1344    i.GPIO_ResetBits    stm32f10x_gpio.o
    0x08001df0   0x00000004   Code   RO         1345    i.GPIO_SetBits      stm32f10x_gpio.o
    0x08001df4   0x00000120   Code   RO         5617    i.Gb_sec_comm_data  drv_esam.o
    0x08001f14   0x00000034   Code   RO         6753    i.Get_SerialNum     hw_config.o
    0x08001f48   0x00000004   Code   RO         1676    i.HardFault_Handler  stm32f10x_it.o
    0x08001f4c   0x00000004   Code   RO         1677    i.I2C1_ER_IRQHandler  stm32f10x_it.o
    0x08001f50   0x00000004   Code   RO         1678    i.I2C1_EV_IRQHandler  stm32f10x_it.o
    0x08001f54   0x00000004   Code   RO         1679    i.I2C2_ER_IRQHandler  stm32f10x_it.o
    0x08001f58   0x00000004   Code   RO         1680    i.I2C2_EV_IRQHandler  stm32f10x_it.o
    0x08001f5c   0x00000010   Code   RO         2158    i.IWDG_ReloadCounter  stm32f10x_iwdg.o
    0x08001f6c   0x00000070   Code   RO         7634    i.In0_Process       usb_core.o
    0x08001fdc   0x00000028   Code   RO         7106    i.InitDevSpeed      otgd_fs_cal.o
    0x08002004   0x0000003e   Code   RO         6754    i.IntToUnicode      hw_config.o
    0x08002042   0x00000002   PAD
    0x08002044   0x000000a8   Code   RO         5351    i.LED_Init          drv_led.o
    0x080020ec   0x0000007c   Code   RO         5352    i.LED_OFF           drv_led.o
    0x08002168   0x0000007c   Code   RO         5353    i.LED_ON            drv_led.o
    0x080021e4   0x00000002   Code   RO         6755    i.Leave_LowPowerMode  hw_config.o
    0x080021e6   0x00000002   PAD
    0x080021e8   0x00000188   Code   RO         6041    i.LwIP_Init         netconf.o
    0x08002370   0x0000003c   Code   RO         6042    i.LwIP_Periodic_Handle  netconf.o
    0x080023ac   0x00000010   Code   RO         6043    i.LwIP_Pkt_Handle   netconf.o
    0x080023bc   0x00000004   Code   RO         1681    i.MemManage_Handler  stm32f10x_it.o
    0x080023c0   0x00000030   Code   RO         6044    i.My_IP4_ADDR       netconf.o
    0x080023f0   0x00000002   Code   RO         1682    i.NMI_Handler       stm32f10x_it.o
    0x080023f2   0x00000002   Code   RO         7635    i.NOP_Process       usb_core.o
    0x080023f4   0x00000070   Code   RO          137    i.NVIC_Init         misc.o
    0x08002464   0x00000014   Code   RO          138    i.NVIC_PriorityGroupConfig  misc.o
    0x08002478   0x00000024   Code   RO         4963    i.NVIC_SystemReset  csm.o
    0x0800249c   0x00000134   Code   RO         7636    i.NoData_Setup0     usb_core.o
    0x080025d0   0x00000060   Code   RO         7107    i.OTGD_FS_CoreInit  otgd_fs_cal.o
    0x08002630   0x000001b4   Code   RO         7108    i.OTGD_FS_CoreInitDev  otgd_fs_cal.o
    0x080027e4   0x00000078   Code   RO         7109    i.OTGD_FS_CoreReset  otgd_fs_cal.o
    0x0800285c   0x00000028   Code   RO         7110    i.OTGD_FS_DisableGlobalInt  otgd_fs_cal.o
    0x08002884   0x00000048   Code   RO         7111    i.OTGD_FS_EP0Activate  otgd_fs_cal.o
    0x080028cc   0x00000124   Code   RO         7112    i.OTGD_FS_EP0StartXfer  otgd_fs_cal.o
    0x080029f0   0x000000a4   Code   RO         7113    i.OTGD_FS_EPActivate  otgd_fs_cal.o
    0x08002a94   0x00000054   Code   RO         7114    i.OTGD_FS_EPClearStall  otgd_fs_cal.o
    0x08002ae8   0x00000064   Code   RO         7116    i.OTGD_FS_EPSetStall  otgd_fs_cal.o
    0x08002b4c   0x000001cc   Code   RO         7117    i.OTGD_FS_EPStartXfer  otgd_fs_cal.o
    0x08002d18   0x0000008c   Code   RO         7118    i.OTGD_FS_EnableDevInt  otgd_fs_cal.o
    0x08002da4   0x00000028   Code   RO         7119    i.OTGD_FS_EnableGlobalInt  otgd_fs_cal.o
    0x08002dcc   0x00000050   Code   RO         7120    i.OTGD_FS_FlushRxFifo  otgd_fs_cal.o
    0x08002e1c   0x0000005c   Code   RO         7121    i.OTGD_FS_FlushTxFifo  otgd_fs_cal.o
    0x08002e78   0x00000070   Code   RO         7122    i.OTGD_FS_GetEPStatus  otgd_fs_cal.o
    0x08002ee8   0x00000044   Code   RO         7419    i.OTGD_FS_Handle_EarlySuspend_ISR  otgd_fs_int.o
    0x08002f2c   0x00000048   Code   RO         7420    i.OTGD_FS_Handle_EnumDone_ISR  otgd_fs_int.o
    0x08002f74   0x00000170   Code   RO         7423    i.OTGD_FS_Handle_InEP_ISR  otgd_fs_int.o
    0x080030e4   0x000000e0   Code   RO         7427    i.OTGD_FS_Handle_OutEP_ISR  otgd_fs_int.o
    0x080031c4   0x00000124   Code   RO         7428    i.OTGD_FS_Handle_RxStatusQueueLevel_ISR  otgd_fs_int.o
    0x080032e8   0x00000024   Code   RO         7429    i.OTGD_FS_Handle_Sof_ISR  otgd_fs_int.o
    0x0800330c   0x0000011c   Code   RO         7431    i.OTGD_FS_Handle_UsbReset_ISR  otgd_fs_int.o
    0x08003428   0x00000028   Code   RO         7432    i.OTGD_FS_Handle_Wakeup_ISR  otgd_fs_int.o
    0x08003450   0x00000018   Code   RO         7123    i.OTGD_FS_ReadCoreItr  otgd_fs_cal.o
    0x08003468   0x00000018   Code   RO         7124    i.OTGD_FS_ReadDevAllInEPItr  otgd_fs_cal.o
    0x08003480   0x00000018   Code   RO         7125    i.OTGD_FS_ReadDevAllOutEp_itr  otgd_fs_cal.o
    0x08003498   0x00000020   Code   RO         7126    i.OTGD_FS_ReadDevOutEP_itr  otgd_fs_cal.o
    0x080034b8   0x0000002c   Code   RO         7128    i.OTGD_FS_ReadPacket  otgd_fs_cal.o
    0x080034e4   0x00000024   Code   RO         7129    i.OTGD_FS_ResetRemoteWakeup  otgd_fs_cal.o
    0x08003508   0x00000068   Code   RO         7130    i.OTGD_FS_SetAddress  otgd_fs_cal.o
    0x08003570   0x00000034   Code   RO         7131    i.OTGD_FS_SetDeviceMode  otgd_fs_cal.o
    0x080035a4   0x00000114   Code   RO         7132    i.OTGD_FS_SetEPStatus  otgd_fs_cal.o
    0x080036b8   0x00000028   Code   RO         7133    i.OTGD_FS_SetRemoteWakeup  otgd_fs_cal.o
    0x080036e0   0x00000038   Code   RO         7134    i.OTGD_FS_WritePacket  otgd_fs_cal.o
    0x08003718   0x00000054   Code   RO         7297    i.OTG_DEV_EP_Init   otgd_fs_dev.o
    0x0800376c   0x0000001c   Code   RO         7298    i.OTG_DEV_GetEPRxStatus  otgd_fs_dev.o
    0x08003788   0x0000001c   Code   RO         7299    i.OTG_DEV_GetEPTxStatus  otgd_fs_dev.o
    0x080037a4   0x00000040   Code   RO         7300    i.OTG_DEV_Init      otgd_fs_dev.o
    0x080037e4   0x0000001a   Code   RO         7301    i.OTG_DEV_SetEPRxStatus  otgd_fs_dev.o
    0x080037fe   0x00000026   Code   RO         7302    i.OTG_DEV_SetEPTxStatus  otgd_fs_dev.o
    0x08003824   0x00000008   Code   RO         1683    i.OTG_FS_IRQHandler  stm32f10x_it.o
    0x0800382c   0x0000000a   Code   RO         1684    i.OTG_FS_WKUP_IRQHandler  stm32f10x_it.o
    0x08003836   0x00000002   PAD
    0x08003838   0x0000004c   Code   RO         7637    i.Out0_Process      usb_core.o
    0x08003884   0x00000038   Code   RO         7539    i.PCD_EP0_OutStart  otgd_fs_pcd.o
    0x080038bc   0x00000036   Code   RO         7541    i.PCD_EP_ClrStall   otgd_fs_pcd.o
    0x080038f2   0x00000034   Code   RO         7542    i.PCD_EP_Flush      otgd_fs_pcd.o
    0x08003926   0x00000054   Code   RO         7543    i.PCD_EP_Open       otgd_fs_pcd.o
    0x0800397a   0x00000050   Code   RO         7544    i.PCD_EP_Read       otgd_fs_pcd.o
    0x080039ca   0x00000002   PAD
    0x080039cc   0x00000024   Code   RO         7545    i.PCD_EP_SetAddress  otgd_fs_pcd.o
    0x080039f0   0x0000003e   Code   RO         7547    i.PCD_EP_Write      otgd_fs_pcd.o
    0x08003a2e   0x00000002   PAD
    0x08003a30   0x00000018   Code   RO         7548    i.PCD_GetInEP       otgd_fs_pcd.o
    0x08003a48   0x00000018   Code   RO         7549    i.PCD_GetOutEP      otgd_fs_pcd.o
    0x08003a60   0x00000094   Code   RO         7550    i.PCD_Init          otgd_fs_pcd.o
    0x08003af4   0x0000003c   Code   RO         7433    i.PCD_ReadDevInEP   otgd_fs_int.o
    0x08003b30   0x000000ac   Code   RO         7434    i.PCD_WriteEmptyTxFifo  otgd_fs_int.o
    0x08003bdc   0x00000004   Code   RO         1685    i.PVD_IRQHandler    stm32f10x_it.o
    0x08003be0   0x000000b4   Code   RO         4964    i.Packged_msg       csm.o
    0x08003c94   0x0000009c   Code   RO         7638    i.Post0_Process     usb_core.o
    0x08003d30   0x00000004   Code   RO         7065    i.PowerOn           usb_pwr.o
    0x08003d34   0x00000020   Code   RO         2259    i.RCC_AHBPeriphClockCmd  stm32f10x_rcc.o
    0x08003d54   0x00000020   Code   RO         2260    i.RCC_AHBPeriphResetCmd  stm32f10x_rcc.o
    0x08003d74   0x00000020   Code   RO         2261    i.RCC_APB1PeriphClockCmd  stm32f10x_rcc.o
    0x08003d94   0x00000020   Code   RO         2263    i.RCC_APB2PeriphClockCmd  stm32f10x_rcc.o
    0x08003db4   0x00000190   Code   RO         2271    i.RCC_GetClocksFreq  stm32f10x_rcc.o
    0x08003f44   0x0000003c   Code   RO         2272    i.RCC_GetFlagStatus  stm32f10x_rcc.o
    0x08003f80   0x00000004   Code   RO         1687    i.RCC_IRQHandler    stm32f10x_it.o
    0x08003f84   0x0000000c   Code   RO         2283    i.RCC_MCOConfig     stm32f10x_rcc.o
    0x08003f90   0x0000000c   Code   RO         2284    i.RCC_OTGFSCLKConfig  stm32f10x_rcc.o
    0x08003f9c   0x0000000c   Code   RO         2289    i.RCC_PLL3Cmd       stm32f10x_rcc.o
    0x08003fa8   0x00000018   Code   RO         2290    i.RCC_PLL3Config    stm32f10x_rcc.o
    0x08003fc0   0x00000538   Code   RO         4965    i.REAL_TASK_MAIN    csm.o
    0x080044f8   0x00000004   Code   RO         1688    i.RTCAlarm_IRQHandler  stm32f10x_it.o
    0x080044fc   0x00000004   Code   RO         1689    i.RTC_IRQHandler    stm32f10x_it.o
    0x08004500   0x0000008c   Code   RO         7066    i.Resume            usb_pwr.o
    0x0800458c   0x00000014   Code   RO         7067    i.Resume_Init       usb_pwr.o
    0x080045a0   0x00000004   Code   RO         1691    i.SPI1_IRQHandler   stm32f10x_it.o
    0x080045a4   0x00000004   Code   RO         1692    i.SPI2_IRQHandler   stm32f10x_it.o
    0x080045a8   0x00000004   Code   RO         1693    i.SPI3_IRQHandler   stm32f10x_it.o
    0x080045ac   0x00000018   Code   RO         2793    i.SPI_Cmd           stm32f10x_spi.o
    0x080045c4   0x00000012   Code   RO         2801    i.SPI_I2S_GetFlagStatus  stm32f10x_spi.o
    0x080045d6   0x00000020   Code   RO         2803    i.SPI_I2S_ITConfig  stm32f10x_spi.o
    0x080045f6   0x00000006   Code   RO         2804    i.SPI_I2S_ReceiveData  stm32f10x_spi.o
    0x080045fc   0x00000004   Code   RO         2805    i.SPI_I2S_SendData  stm32f10x_spi.o
    0x08004600   0x0000003c   Code   RO         2806    i.SPI_Init          stm32f10x_spi.o
    0x0800463c   0x0000009c   Code   RO         6933    i.STM32_PCD_OTG_ISR_Handler  usb_istr.o
    0x080046d8   0x0000000c   Code   RO         7639    i.SetDeviceAddress  usb_core.o
    0x080046e4   0x00000002   Code   RO         7303    i.SetEPRxCount      otgd_fs_dev.o
    0x080046e6   0x00000010   Code   RO         7304    i.SetEPRxStatus     otgd_fs_dev.o
    0x080046f6   0x00000002   Code   RO         7306    i.SetEPTxCount      otgd_fs_dev.o
    0x080046f8   0x00000010   Code   RO         7307    i.SetEPTxStatus     otgd_fs_dev.o
    0x08004708   0x0000000e   Code   RO         7308    i.SetEPTxValid      otgd_fs_dev.o
    0x08004716   0x00000008   Code   RO           17    i.SetSysClock       system_stm32f10x.o
    0x0800471e   0x00000002   PAD
    0x08004720   0x00000118   Code   RO           18    i.SetSysClockTo72   system_stm32f10x.o
    0x08004838   0x0000002c   Code   RO         9699    i.Set_MAC_Address   ethernetif.o
    0x08004864   0x00000012   Code   RO         6757    i.Set_USBClock      hw_config.o
    0x08004876   0x00000002   PAD
    0x08004878   0x00000038   Code   RO         6758    i.Set_UsbSystem     hw_config.o
    0x080048b0   0x000000a4   Code   RO         7640    i.Setup0_Process    usb_core.o
    0x08004954   0x000000f4   Code   RO         7641    i.Standard_ClearFeature  usb_core.o
    0x08004a48   0x0000002c   Code   RO         7642    i.Standard_GetConfiguration  usb_core.o
    0x08004a74   0x00000024   Code   RO         7643    i.Standard_GetDescriptorData  usb_core.o
    0x08004a98   0x0000002c   Code   RO         7644    i.Standard_GetInterface  usb_core.o
    0x08004ac4   0x000000ec   Code   RO         7645    i.Standard_GetStatus  usb_core.o
    0x08004bb0   0x00000048   Code   RO         7646    i.Standard_SetConfiguration  usb_core.o
    0x08004bf8   0x00000028   Code   RO         7647    i.Standard_SetDeviceFeature  usb_core.o
    0x08004c20   0x00000080   Code   RO         7648    i.Standard_SetEndPointFeature  usb_core.o
    0x08004ca0   0x0000006c   Code   RO         7649    i.Standard_SetInterface  usb_core.o
    0x08004d0c   0x00000060   Code   RO           20    i.SystemInit        system_stm32f10x.o
    0x08004d6c   0x00000004   Code   RO         1696    i.TAMPER_IRQHandler  stm32f10x_it.o
    0x08004d70   0x000000a8   Code   RO         6619    i.TASK_API_RF_CONTACK_MAIN_ESAM  fm_cmd_api.o
    0x08004e18   0x0000008c   Code   RO         6620    i.TASK_API_RF_CONTACT_MAIN  fm_cmd_api.o
    0x08004ea4   0x00000100   Code   RO         4966    i.TASK_BOOT_UPDATE  csm.o
    0x08004fa4   0x00000204   Code   RO         4967    i.TASK_ESAM_PASS    csm.o
    0x080051a8   0x00000060   Code   RO         4968    i.TASK_MAIN         csm.o
    0x08005208   0x000000f4   Code   RO         4969    i.TASK_NET_HOST     csm.o
    0x080052fc   0x000000ac   Code   RO         4970    i.TASK_UART_HOST    csm.o
    0x080053a8   0x000000ac   Code   RO         4971    i.TASK_USB_HOST     csm.o
    0x08005454   0x00000004   Code   RO         1698    i.TIM1_CC_IRQHandler  stm32f10x_it.o
    0x08005458   0x00000002   Code   RO         1700    i.TIM1_UP_IRQHandler  stm32f10x_it.o
    0x0800545a   0x00000016   Code   RO         1701    i.TIM2_IRQHandler   stm32f10x_it.o
    0x08005470   0x00000002   Code   RO         1702    i.TIM3_IRQHandler   stm32f10x_it.o
    0x08005472   0x00000002   Code   RO         1703    i.TIM4_IRQHandler   stm32f10x_it.o
    0x08005474   0x00000002   Code   RO         1704    i.TIM5_IRQHandler   stm32f10x_it.o
    0x08005476   0x00000002   Code   RO         1705    i.TIM6_IRQHandler   stm32f10x_it.o
    0x08005478   0x00000002   Code   RO         1706    i.TIM7_IRQHandler   stm32f10x_it.o
    0x0800547a   0x00000006   Code   RO         2943    i.TIM_ClearITPendingBit  stm32f10x_tim.o
    0x08005480   0x00000022   Code   RO         2969    i.TIM_GetITStatus   stm32f10x_tim.o
    0x080054a2   0x00000002   PAD
    0x080054a4   0x0000013c   Code   RO         5618    i.TesamCmd          drv_esam.o
    0x080055e0   0x00000064   Code   RO         1711    i.UART4_IRQHandler  stm32f10x_it.o
    0x08005644   0x00000064   Code   RO         1712    i.UART5_IRQHandler  stm32f10x_it.o
    0x080056a8   0x00000034   Code   RO         1713    i.USART1_IRQHandler  stm32f10x_it.o
    0x080056dc   0x00000034   Code   RO         1714    i.USART2_IRQHandler  stm32f10x_it.o
    0x08005710   0x00000002   Code   RO         1715    i.USART3_IRQHandler  stm32f10x_it.o
    0x08005712   0x0000001e   Code   RO         3481    i.USART_ClearITPendingBit  stm32f10x_usart.o
    0x08005730   0x00000018   Code   RO         3484    i.USART_Cmd         stm32f10x_usart.o
    0x08005748   0x0000001a   Code   RO         3487    i.USART_GetFlagStatus  stm32f10x_usart.o
    0x08005762   0x00000054   Code   RO         3488    i.USART_GetITStatus  stm32f10x_usart.o
    0x080057b6   0x0000004a   Code   RO         3490    i.USART_ITConfig    stm32f10x_usart.o
    0x08005800   0x000000d8   Code   RO         3491    i.USART_Init        stm32f10x_usart.o
    0x080058d8   0x0000000a   Code   RO         3498    i.USART_ReceiveData  stm32f10x_usart.o
    0x080058e2   0x00000008   Code   RO         3501    i.USART_SendData    stm32f10x_usart.o
    0x080058ea   0x00000002   PAD
    0x080058ec   0x00000014   Code   RO         7135    i.USBD_FS_IsDeviceMode  otgd_fs_cal.o
    0x08005900   0x00000014   Code   RO         6852    i.USB_EP1_IRPT_DISABLE  usb_endp.o
    0x08005914   0x00000018   Code   RO         6853    i.USB_EP1_IRPT_ENABLE  usb_endp.o
    0x0800592c   0x00000078   Code   RO         6854    i.USB_Get_Receive_Data  usb_endp.o
    0x080059a4   0x0000001c   Code   RO         6856    i.USB_Get_Send_Space  usb_endp.o
    0x080059c0   0x0000003c   Code   RO         7750    i.USB_Init          usb_init.o
    0x080059fc   0x0000003a   Code   RO         6760    i.USB_Interrupts_Config  hw_config.o
    0x08005a36   0x00000002   Code   RO         6761    i.USB_OTG_BSP_uDelay  hw_config.o
    0x08005a38   0x0000000a   Code   RO         7782    i.USB_SIL_Init      usb_sil.o
    0x08005a42   0x00000024   Code   RO         7783    i.USB_SIL_Read      usb_sil.o
    0x08005a66   0x00000016   Code   RO         7784    i.USB_SIL_Write     usb_sil.o
    0x08005a7c   0x00000064   Code   RO         6857    i.USB_Set_Send_Data  usb_endp.o
    0x08005ae0   0x00000004   Code   RO         1716    i.UsageFault_Handler  stm32f10x_it.o
    0x08005ae4   0x00000008   Code   RO         5385    i.WDG_Kick          drv_wdg.o
    0x08005aec   0x00000004   Code   RO         1717    i.WWDG_IRQHandler   stm32f10x_it.o
    0x08005af0   0x00000020   Code   RO         9876    i.__0printf$3       mc_w.l(printf3.o)
    0x08005b10   0x0000000e   Code   RO        10094    i.__scatterload_copy  mc_w.l(handlers.o)
    0x08005b1e   0x00000002   Code   RO        10095    i.__scatterload_null  mc_w.l(handlers.o)
    0x08005b20   0x0000000e   Code   RO        10096    i.__scatterload_zeroinit  mc_w.l(handlers.o)
    0x08005b2e   0x0000000a   Code   RO         4972    i.__set_FAULTMASK   csm.o
    0x08005b38   0x000001b8   Code   RO         9883    i._printf_core      mc_w.l(printf3.o)
    0x08005cf0   0x0000002e   Code   RO         4973    i.addr_cmp          csm.o
    0x08005d1e   0x00000002   PAD
    0x08005d20   0x00000030   Code   RO         5769    i.ant_led_on        drv_ant.o
    0x08005d50   0x00000060   Code   RO         6687    i.bootload_check_cfg  protocol_bootload.o
    0x08005db0   0x00000088   Code   RO         6689    i.bootload_write_cfg_to_flash  protocol_bootload.o
    0x08005e38   0x000005fc   Code   RO         4974    i.cmd_preview       csm.o
    0x08006434   0x00000022   Code   RO         4975    i.delay             csm.o
    0x08006456   0x00000002   PAD
    0x08006458   0x000000a8   Code   RO         8097    i.do_memp_free_pool  memp.o
    0x08006500   0x000000d0   Code   RO         8098    i.do_memp_malloc_pool  memp.o
    0x080065d0   0x000000ac   Code   RO         5909    i.drv_ETH_Configuration  drv_ethernet.o
    0x0800667c   0x00000128   Code   RO         5910    i.drv_ETH_GPIO_Configuration  drv_ethernet.o
    0x080067a4   0x00000026   Code   RO         5911    i.drv_ETH_NVIC_Configuration  drv_ethernet.o
    0x080067ca   0x00000002   PAD
    0x080067cc   0x00000070   Code   RO         5811    i.drv_TcpServer_Callback  drv_lwip.o
    0x0800683c   0x0000004c   Code   RO         5812    i.drv_TcpServer_Init  drv_lwip.o
    0x08006888   0x00000010   Code   RO         5813    i.drv_TcpServer_conn_err  drv_lwip.o
    0x08006898   0x000000ac   Code   RO         5814    i.drv_TcpServer_recv  drv_lwip.o
    0x08006944   0x00000034   Code   RO         5815    i.drv_UdpServer_Init  drv_lwip.o
    0x08006978   0x00000230   Code   RO         5816    i.drv_UdpServer_recv  drv_lwip.o
    0x08006ba8   0x0000000c   Code   RO         5771    i.drv_active_ant_get  drv_ant.o
    0x08006bb4   0x0000001c   Code   RO         5534    i.drv_msg_get_addr  drv_msg.o
    0x08006bd0   0x00000016   Code   RO         5535    i.drv_msg_init      drv_msg.o
    0x08006be6   0x00000002   PAD
    0x08006be8   0x000000f4   Code   RO         5536    i.drv_msg_read      drv_msg.o
    0x08006cdc   0x000000e0   Code   RO         5537    i.drv_msg_write     drv_msg.o
    0x08006dbc   0x00000028   Code   RO         5538    i.drv_one_msg_init  drv_msg.o
    0x08006de4   0x00000028   Code   RO         5579    i.drv_resource_apply  drv_resource.o
    0x08006e0c   0x00000018   Code   RO         5581    i.drv_resource_release  drv_resource.o
    0x08006e24   0x00000068   Code   RO         5707    i.drv_spi_init      drv_spi.o
    0x08006e8c   0x00000056   Code   RO         5708    i.drv_spi_rw_one_byte  drv_spi.o
    0x08006ee2   0x0000000e   Code   RO         5709    i.drv_spi_start     drv_spi.o
    0x08006ef0   0x0000006c   Code   RO         4668    i.eTaskGetState     tasks.o
    0x08006f5c   0x00000020   Code   RO         4976    i.err_info_gen      csm.o
    0x08006f7c   0x00000182   Code   RO         5619    i.esam_operate      drv_esam.o
    0x080070fe   0x00000002   PAD
    0x08007100   0x000002f8   Code   RO         9224    i.etharp_find_entry  etharp.o
    0x080073f8   0x00000040   Code   RO         9225    i.etharp_free_entry  etharp.o
    0x08007438   0x00000158   Code   RO         9227    i.etharp_input      etharp.o
    0x08007590   0x00000214   Code   RO         9228    i.etharp_output     etharp.o
    0x080077a4   0x0000015c   Code   RO         9229    i.etharp_output_to_arp_index  etharp.o
    0x08007900   0x000002a8   Code   RO         9230    i.etharp_query      etharp.o
    0x08007ba8   0x000001a4   Code   RO         9231    i.etharp_raw        etharp.o
    0x08007d4c   0x00000018   Code   RO         9233    i.etharp_request    etharp.o
    0x08007d64   0x0000002c   Code   RO         9234    i.etharp_request_dst  etharp.o
    0x08007d90   0x000000e0   Code   RO         9235    i.etharp_tmr        etharp.o
    0x08007e70   0x0000017c   Code   RO         9236    i.etharp_update_arp_entry  etharp.o
    0x08007fec   0x00000010   Code   RO         5912    i.ethernet_init     drv_ethernet.o
    0x08007ffc   0x00000124   Code   RO         9672    i.ethernet_input    ethernet.o
    0x08008120   0x00000104   Code   RO         9673    i.ethernet_output   ethernet.o
    0x08008224   0x000000ec   Code   RO         9700    i.ethernetif_init   ethernetif.o
    0x08008310   0x0000002c   Code   RO         9701    i.ethernetif_input  ethernetif.o
    0x0800833c   0x0000005e   Code   RO         4977    i.find_batch_demand  csm.o
    0x0800839a   0x00000058   Code   RO         4978    i.find_kill_request  csm.o
    0x080083f2   0x0000001a   Code   RO         5969    i.flash_AddressRead  drv_flash.o
    0x0800840c   0x00000020   Code   RO         5970    i.flash_PageRead    drv_flash.o
    0x0800842c   0x00000096   Code   RO         5971    i.flash_PageWrite   drv_flash.o
    0x080084c2   0x00000012   Code   RO        10062    i.fputc             mc_w.l(fputc.o)
    0x080084d4   0x00000044   Code   RO         5996    i.g_SystemActivateTask  drv_fmsoftwatchdog.o
    0x08008518   0x00000020   Code   RO         5997    i.g_SystemCreateTask  drv_fmsoftwatchdog.o
    0x08008538   0x00000020   Code   RO         5998    i.g_SystemDeleteTask  drv_fmsoftwatchdog.o
    0x08008558   0x0000002c   Code   RO         5999    i.g_SystemInit      drv_fmsoftwatchdog.o
    0x08008584   0x00000074   Code   RO         6000    i.g_SystemTick      drv_fmsoftwatchdog.o
    0x080085f8   0x00000048   Code   RO         4981    i.gm_RFUartCommDeleteTaskAPI  csm.o
    0x08008640   0x000000b2   Code   RO         4982    i.gm_RFUartCommPrepareData  csm.o
    0x080086f2   0x00000002   PAD
    0x080086f4   0x000001a8   Code   RO         4983    i.gm_RFUartCommProc  csm.o
    0x0800889c   0x00000064   Code   RO         5403    i.gm_RFUartInit     drv_usart.o
    0x08008900   0x000001c0   Code   RO         4986    i.gm_RFUartSelfAdaptionProc  csm.o
    0x08008ac0   0x0000000c   Code   RO         6692    i.gm_SetBootLoadStep  protocol_bootload.o
    0x08008acc   0x0000006c   Code   RO         6001    i.gm_SystemMonitorWatchDog  drv_fmsoftwatchdog.o
    0x08008b38   0x0000004a   Code   RO         5404    i.gm_UartBaudRateIndex2Value  drv_usart.o
    0x08008b82   0x00000002   PAD
    0x08008b84   0x000000e0   Code   RO         5620    i.gm_gw_generate_tokon1  drv_esam.o
    0x08008c64   0x000000dc   Code   RO         5621    i.gm_gw_verify_tokon2  drv_esam.o
    0x08008d40   0x0000003c   Code   RO         6514    i.host_cmd_find_next_partition  host_cmd.o
    0x08008d7c   0x00000090   Code   RO         6515    i.host_err_info_deal  host_cmd.o
    0x08008e0c   0x00000178   Code   RO         6516    i.host_gb_update_tag_auth_key_cmd_partition  host_cmd.o
    0x08008f84   0x0000002a   Code   RO         6306    i.host_net_Cs_Verify  host_net .o
    0x08008fae   0x0000001a   Code   RO         6307    i.host_net_cal_cs   host_net .o
    0x08008fc8   0x00000024   Code   RO         6308    i.host_net_find_next_partition  host_net .o
    0x08008fec   0x0000008a   Code   RO         6310    i.host_net_frame_unpack  host_net .o
    0x08009076   0x00000002   PAD
    0x08009078   0x00000034   Code   RO         6312    i.host_net_msg_receive  host_net .o
    0x080090ac   0x0000009c   Code   RO         6313    i.host_net_msg_send  host_net .o
    0x08009148   0x000001c8   Code   RO         6314    i.host_net_recv_check_frame  host_net .o
    0x08009310   0x00000044   Code   RO         6315    i.host_net_send_msg_to_main  host_net .o
    0x08009354   0x000000a4   Code   RO         6517    i.host_normal_cmd_deal  host_cmd.o
    0x080093f8   0x00000042   Code   RO         6107    i.host_rd_reg       hostif_regs.o
    0x0800943a   0x00000002   PAD
    0x0800943c   0x00000244   Code   RO         6160    i.host_recv_check_frame  host_rf.o
    0x08009680   0x00000010   Code   RO         6161    i.host_rf_clear_buff  host_rf.o
    0x08009690   0x0000009a   Code   RO         6162    i.host_rf_frame_pack  host_rf.o
    0x0800972a   0x00000064   Code   RO         6163    i.host_rf_frame_unpack  host_rf.o
    0x0800978e   0x00000002   PAD
    0x08009790   0x00000014   Code   RO         6164    i.host_rf_init      host_rf.o
    0x080097a4   0x0000003c   Code   RO         6165    i.host_rf_msg_receive  host_rf.o
    0x080097e0   0x00000040   Code   RO         6166    i.host_rf_msg_send  host_rf.o
    0x08009820   0x0000002a   Code   RO         6232    i.host_uart_Cs_Verify  host_uart.o
    0x0800984a   0x0000001a   Code   RO         6233    i.host_uart_cal_cs  host_uart.o
    0x08009864   0x00000024   Code   RO         6234    i.host_uart_find_next_partition  host_uart.o
    0x08009888   0x0000008a   Code   RO         6236    i.host_uart_frame_unpack  host_uart.o
    0x08009912   0x00000002   PAD
    0x08009914   0x00000038   Code   RO         6238    i.host_uart_msg_receive  host_uart.o
    0x0800994c   0x000000a4   Code   RO         6239    i.host_uart_msg_send  host_uart.o
    0x080099f0   0x000001d0   Code   RO         6240    i.host_uart_recv_check_frame  host_uart.o
    0x08009bc0   0x00000040   Code   RO         6241    i.host_uart_send_msg_to_main  host_uart.o
    0x08009c00   0x0000001a   Code   RO         6377    i.host_usb_cal_cs   host_usb.o
    0x08009c1a   0x0000002a   Code   RO         6378    i.host_usb_cs_verify  host_usb.o
    0x08009c44   0x00000024   Code   RO         6379    i.host_usb_find_next_partition  host_usb.o
    0x08009c68   0x0000008a   Code   RO         6380    i.host_usb_frame_unpack  host_usb.o
    0x08009cf2   0x00000002   PAD
    0x08009cf4   0x00000034   Code   RO         6382    i.host_usb_msg_receive  host_usb.o
    0x08009d28   0x000000a4   Code   RO         6383    i.host_usb_msg_send  host_usb.o
    0x08009dcc   0x000001c8   Code   RO         6384    i.host_usb_recv_check_frame  host_usb.o
    0x08009f94   0x00000044   Code   RO         6385    i.host_usb_send_msg_to_main  host_usb.o
    0x08009fd8   0x00000024   Code   RO         6108    i.host_wr_reg       hostif_regs.o
    0x08009ffc   0x00000024   Code   RO         9327    i.icmp_dest_unreach  icmp.o
    0x0800a020   0x000003f8   Code   RO         9328    i.icmp_input        icmp.o
    0x0800a418   0x00000140   Code   RO         9329    i.icmp_send_response  icmp.o
    0x0800a558   0x00000024   Code   RO         9330    i.icmp_time_exceeded  icmp.o
    0x0800a57c   0x0000002a   Code   RO         9367    i.igmp_delaying_member  igmp.o
    0x0800a5a6   0x00000002   PAD
    0x0800a5a8   0x00000198   Code   RO         9369    i.igmp_input        igmp.o
    0x0800a740   0x00000020   Code   RO         9375    i.igmp_lookfor_group  igmp.o
    0x0800a760   0x00000138   Code   RO         9376    i.igmp_lookup_group  igmp.o
    0x0800a898   0x0000001c   Code   RO         9378    i.igmp_report_groups  igmp.o
    0x0800a8b4   0x00000038   Code   RO         9380    i.igmp_start        igmp.o
    0x0800a8ec   0x00000016   Code   RO         9381    i.igmp_start_timer  igmp.o
    0x0800a902   0x00000014   Code   RO         7858    i.inet_chksum       inet_chksum.o
    0x0800a916   0x00000052   Code   RO         7859    i.inet_chksum_pbuf  inet_chksum.o
    0x0800a968   0x0000004c   Code   RO         7860    i.inet_chksum_pseudo  inet_chksum.o
    0x0800a9b4   0x0000007e   Code   RO         7862    i.inet_cksum_pseudo_base  inet_chksum.o
    0x0800aa32   0x0000004e   Code   RO         9550    i.ip4_addr_isbroadcast_u32  ip4_addr.o
    0x0800aa80   0x000002e8   Code   RO         9603    i.ip4_frag          ip4_frag.o
    0x0800ad68   0x00000360   Code   RO         9487    i.ip4_input         ip4.o
    0x0800b0c8   0x00000034   Code   RO         9489    i.ip4_output_if     ip4.o
    0x0800b0fc   0x00000044   Code   RO         9490    i.ip4_output_if_opt  ip4.o
    0x0800b140   0x000002b8   Code   RO         9491    i.ip4_output_if_opt_src  ip4.o
    0x0800b3f8   0x00000034   Code   RO         9492    i.ip4_output_if_src  ip4.o
    0x0800b42c   0x00000244   Code   RO         9604    i.ip4_reass         ip4_frag.o
    0x0800b670   0x000000c8   Code   RO         9493    i.ip4_route         ip4.o
    0x0800b738   0x00000024   Code   RO         7864    i.ip_chksum_pseudo  inet_chksum.o
    0x0800b75c   0x0000000a   Code   RO         9605    i.ip_frag_alloc_pbuf_custom_ref  ip4_frag.o
    0x0800b766   0x00000002   PAD
    0x0800b768   0x00000088   Code   RO         9606    i.ip_frag_free_pbuf_custom_ref  ip4_frag.o
    0x0800b7f0   0x0000030c   Code   RO         9607    i.ip_reass_chain_frag_into_datagram_and_validate  ip4_frag.o
    0x0800bafc   0x000000b4   Code   RO         9608    i.ip_reass_dequeue_datagram  ip4_frag.o
    0x0800bbb0   0x00000064   Code   RO         9609    i.ip_reass_enqueue_new_datagram  ip4_frag.o
    0x0800bc14   0x000001f8   Code   RO         9610    i.ip_reass_free_complete_datagram  ip4_frag.o
    0x0800be0c   0x00000088   Code   RO         9611    i.ip_reass_remove_oldest_datagram  ip4_frag.o
    0x0800be94   0x000000c0   Code   RO         9613    i.ipfrag_free_pbuf_custom  ip4_frag.o
    0x0800bf54   0x00000054   Code   RO         6109    i.llisvalreg        hostif_regs.o
    0x0800bfa8   0x0000008c   Code   RO         6110    i.llrdreg           hostif_regs.o
    0x0800c034   0x00000024   Code   RO         6111    i.llrdreginfo       hostif_regs.o
    0x0800c058   0x00000094   Code   RO         6112    i.llwrreg           hostif_regs.o
    0x0800c0ec   0x000000fc   Code   RO         6518    i.local_create_pwkey  host_cmd.o
    0x0800c1e8   0x00000110   Code   RO         4987    i.local_operate     csm.o
    0x0800c2f8   0x00000040   Code   RO         6519    i.local_read_addr   host_cmd.o
    0x0800c338   0x00000072   Code   RO         6520    i.local_read_error  host_cmd.o
    0x0800c3aa   0x00000072   Code   RO         6521    i.local_read_oem    host_cmd.o
    0x0800c41c   0x00000070   Code   RO         6522    i.local_read_reg    host_cmd.o
    0x0800c48c   0x0000009e   Code   RO         6523    i.local_read_ver    host_cmd.o
    0x0800c52a   0x000000e4   Code   RO         6524    i.local_set_esam_pwkey  host_cmd.o
    0x0800c60e   0x000000e4   Code   RO         6525    i.local_set_security_pwkey  host_cmd.o
    0x0800c6f2   0x0000006c   Code   RO         6526    i.local_write_oem   host_cmd.o
    0x0800c75e   0x00000068   Code   RO         6527    i.local_write_reg   host_cmd.o
    0x0800c7c6   0x00000002   PAD
    0x0800c7c8   0x0000008c   Code   RO         9702    i.low_level_init    ethernetif.o
    0x0800c854   0x00000074   Code   RO         9703    i.low_level_input   ethernetif.o
    0x0800c8c8   0x00000034   Code   RO         9704    i.low_level_output  ethernetif.o
    0x0800c8fc   0x0000001a   Code   RO         7806    i.lwip_htonl        def.o
    0x0800c916   0x0000000c   Code   RO         7807    i.lwip_htons        def.o
    0x0800c922   0x00000002   PAD
    0x0800c924   0x000000c8   Code   RO         5817    i.lwip_read_buf     drv_lwip.o
    0x0800c9ec   0x0000005e   Code   RO         7866    i.lwip_standard_chksum  inet_chksum.o
    0x0800ca4a   0x00000002   PAD
    0x0800ca4c   0x00000030   Code   RO         5818    i.lwip_write_buf    drv_lwip.o
    0x0800ca7c   0x00000134   Code   RO         5206    i.mac_reg_wr_by_uid  main.o
    0x0800cbb0   0x0000004c   Code   RO         5207    i.main              main.o
    0x0800cbfc   0x00000022   Code   RO         8032    i.mem_calloc        mem.o
    0x0800cc1e   0x00000002   PAD
    0x0800cc20   0x00000184   Code   RO         8033    i.mem_free          mem.o
    0x0800cda4   0x00000068   Code   RO         8034    i.mem_init          mem.o
    0x0800ce0c   0x000002c8   Code   RO         8035    i.mem_malloc        mem.o
    0x0800d0d4   0x0000021c   Code   RO         8036    i.mem_trim          mem.o
    0x0800d2f0   0x0000009c   Code   RO         8099    i.memp_free         memp.o
    0x0800d38c   0x00000030   Code   RO         8101    i.memp_init         memp.o
    0x0800d3bc   0x00000032   Code   RO         8102    i.memp_init_pool    memp.o
    0x0800d3ee   0x00000002   PAD
    0x0800d3f0   0x0000009c   Code   RO         8103    i.memp_malloc       memp.o
    0x0800d48c   0x00000100   Code   RO         8191    i.netif_add         netif.o
    0x0800d58c   0x00000034   Code   RO         8196    i.netif_issue_reports  netif.o
    0x0800d5c0   0x00000048   Code   RO         8198    i.netif_set_addr    netif.o
    0x0800d608   0x0000000c   Code   RO         8199    i.netif_set_default  netif.o
    0x0800d614   0x0000000c   Code   RO         8201    i.netif_set_gw      netif.o
    0x0800d620   0x0000004c   Code   RO         8202    i.netif_set_ipaddr  netif.o
    0x0800d66c   0x0000000c   Code   RO         8205    i.netif_set_netmask  netif.o
    0x0800d678   0x0000003a   Code   RO         8206    i.netif_set_up      netif.o
    0x0800d6b2   0x00000002   PAD
    0x0800d6b4   0x0000003c   Code   RO         6451    i.oemif_llisval_flash  hostif_oems.o
    0x0800d6f0   0x0000007c   Code   RO         6452    i.oemif_powerup_read  hostif_oems.o
    0x0800d76c   0x00000004   Code   RO         6453    i.oemif_rd_config   hostif_oems.o
    0x0800d770   0x000000f8   Code   RO         6454    i.oemif_rd_flash    hostif_oems.o
    0x0800d868   0x0000011c   Code   RO         6456    i.oemif_wr_flash    hostif_oems.o
    0x0800d984   0x0000004e   Code   RO         6457    i.oemif_wr_reg      hostif_oems.o
    0x0800d9d2   0x00000002   PAD
    0x0800d9d4   0x00000454   Code   RO         8319    i.pbuf_alloc        pbuf.o
    0x0800de28   0x000000f8   Code   RO         8320    i.pbuf_alloced_custom  pbuf.o
    0x0800df20   0x0000014c   Code   RO         8321    i.pbuf_cat          pbuf.o
    0x0800e06c   0x00000016   Code   RO         8322    i.pbuf_chain        pbuf.o
    0x0800e082   0x00000012   Code   RO         8323    i.pbuf_clen         pbuf.o
    0x0800e094   0x00000238   Code   RO         8325    i.pbuf_copy         pbuf.o
    0x0800e2cc   0x00000144   Code   RO         8326    i.pbuf_copy_partial  pbuf.o
    0x0800e410   0x000001bc   Code   RO         8328    i.pbuf_free         pbuf.o
    0x0800e5cc   0x00000012   Code   RO         8331    i.pbuf_header       pbuf.o
    0x0800e5de   0x00000012   Code   RO         8332    i.pbuf_header_force  pbuf.o
    0x0800e5f0   0x00000160   Code   RO         8333    i.pbuf_header_impl  pbuf.o
    0x0800e750   0x00000010   Code   RO         8336    i.pbuf_pool_is_empty  pbuf.o
    0x0800e760   0x000001ec   Code   RO         8338    i.pbuf_realloc      pbuf.o
    0x0800e94c   0x00000090   Code   RO         8339    i.pbuf_ref          pbuf.o
    0x0800e9dc   0x00000100   Code   RO         8342    i.pbuf_split_64k    pbuf.o
    0x0800eadc   0x00000064   Code   RO         6693    i.pc_usart_erase_flash  protocol_bootload.o
    0x0800eb40   0x000001d0   Code   RO         8037    i.plug_holes        mem.o
    0x0800ed10   0x00000056   Code   RO         6528    i.protocol_rd_reg   host_cmd.o
    0x0800ed66   0x0000005a   Code   RO         6529    i.protocol_wr_reg   host_cmd.o
    0x0800edc0   0x00000098   Code   RO         4670    i.prvAddCurrentTaskToDelayedList  tasks.o
    0x0800ee58   0x000000b4   Code   RO         4671    i.prvAddNewTaskToReadyList  tasks.o
    0x0800ef0c   0x00000048   Code   RO         4672    i.prvCheckTasksWaitingTermination  tasks.o
    0x0800ef54   0x0000002a   Code   RO         4518    i.prvCopyDataFromQueue  queue.o
    0x0800ef7e   0x0000006a   Code   RO         4519    i.prvCopyDataToQueue  queue.o
    0x0800efe8   0x00000012   Code   RO         4673    i.prvDeleteTCB      tasks.o
    0x0800effa   0x00000002   PAD
    0x0800effc   0x00000038   Code   RO         4361    i.prvHeapInit       heap_2.o
    0x0800f034   0x00000028   Code   RO         4674    i.prvIdleTask       tasks.o
    0x0800f05c   0x00000026   Code   RO         4520    i.prvInitialiseNewQueue  queue.o
    0x0800f082   0x00000080   Code   RO         4675    i.prvInitialiseNewTask  tasks.o
    0x0800f102   0x00000002   PAD
    0x0800f104   0x00000068   Code   RO         4676    i.prvInitialiseTaskLists  tasks.o
    0x0800f16c   0x0000001a   Code   RO         4521    i.prvIsQueueEmpty   queue.o
    0x0800f186   0x0000001e   Code   RO         4522    i.prvIsQueueFull    queue.o
    0x0800f1a4   0x00000034   Code   RO         4677    i.prvResetNextTaskUnblockTime  tasks.o
    0x0800f1d8   0x00000016   Code   RO         4448    i.prvTaskExitError  port.o
    0x0800f1ee   0x00000002   PAD
    0x0800f1f0   0x00000040   Code   RO         4678    i.prvTaskIsTaskSuspended  tasks.o
    0x0800f230   0x0000007e   Code   RO         4523    i.prvUnlockQueue    queue.o
    0x0800f2ae   0x0000000c   Code   RO         6623    i.prv_get_buff_cmdid  fm_cmd_api.o
    0x0800f2ba   0x00000028   Code   RO         6625    i.prv_get_cmdid_dest  fm_cmd_api.o
    0x0800f2e2   0x00000028   Code   RO         6626    i.prv_judge_cmdid_esam_send_rf  fm_cmd_api.o
    0x0800f30a   0x00000002   PAD
    0x0800f30c   0x000000b8   Code   RO         4362    i.pvPortMalloc      heap_2.o
    0x0800f3c4   0x00000024   Code   RO         4449    i.pxPortInitialiseStack  port.o
    0x0800f3e8   0x00000050   Code   RO         5484    i.rf_init           drv_rf.o
    0x0800f438   0x00000024   Code   RO         5485    i.rf_power_off      drv_rf.o
    0x0800f45c   0x00000024   Code   RO         5486    i.rf_power_on       drv_rf.o
    0x0800f480   0x00000042   Code   RO         5711    i.spi_enable_interrupt  drv_spi.o
    0x0800f4c2   0x00000002   PAD
    0x0800f4c4   0x0000006c   Code   RO         5712    i.spi_init_one_port  drv_spi.o
    0x0800f530   0x00000002   Code   RO         5713    i.spi_read_buf_handle  drv_spi.o
    0x0800f532   0x00000002   PAD
    0x0800f534   0x0000001c   Code   RO         5714    i.spi_set_callback  drv_spi.o
    0x0800f550   0x00000002   Code   RO         5715    i.spi_write_buf_handle  drv_spi.o
    0x0800f552   0x00000002   PAD
    0x0800f554   0x000001d0   Code   RO         4988    i.sys_main          csm.o
    0x0800f724   0x0000000c   Code   RO         8542    i.sys_now           sys.o
    0x0800f730   0x0000017c   Code   RO         9024    i.sys_timeout       timeouts.o
    0x0800f8ac   0x000000ac   Code   RO         4989    i.task_deliever     csm.o
    0x0800f958   0x00000190   Code   RO         8555    i.tcp_abandon       tcp.o
    0x0800fae8   0x0000000e   Code   RO         8556    i.tcp_abort         tcp.o
    0x0800faf6   0x00000010   Code   RO         8557    i.tcp_accept        tcp.o
    0x0800fb06   0x00000014   Code   RO         8558    i.tcp_accept_null   tcp.o
    0x0800fb1a   0x00000002   PAD
    0x0800fb1c   0x00000110   Code   RO         8559    i.tcp_alloc         tcp.o
    0x0800fc2c   0x00000006   Code   RO         8560    i.tcp_arg           tcp.o
    0x0800fc32   0x00000002   PAD
    0x0800fc34   0x00000130   Code   RO         8561    i.tcp_bind          tcp.o
    0x0800fd64   0x0000000c   Code   RO         8911    i.tcp_build_wnd_scale_option  tcp_out.o
    0x0800fd70   0x0000001c   Code   RO         8562    i.tcp_close         tcp.o
    0x0800fd8c   0x0000020c   Code   RO         8563    i.tcp_close_shutdown  tcp.o
    0x0800ff98   0x00000108   Code   RO         8564    i.tcp_close_shutdown_fin  tcp.o
    0x080100a0   0x00000158   Code   RO         8912    i.tcp_create_segment  tcp_out.o
    0x080101f8   0x0000003a   Code   RO         8567    i.tcp_eff_send_mss_impl  tcp.o
    0x08010232   0x00000002   PAD
    0x08010234   0x000002ec   Code   RO         8913    i.tcp_enqueue_flags  tcp_out.o
    0x08010520   0x000000a0   Code   RO         8568    i.tcp_err           tcp.o
    0x080105c0   0x00000090   Code   RO         8569    i.tcp_fasttmr       tcp.o
    0x08010650   0x00000058   Code   RO         8839    i.tcp_getoptbyte    tcp_in.o
    0x080106a8   0x00000948   Code   RO         8840    i.tcp_input         tcp_in.o
    0x08010ff0   0x0000004c   Code   RO         8841    i.tcp_input_delayed_close  tcp_in.o
    0x0801103c   0x00000084   Code   RO         8914    i.tcp_keepalive     tcp_out.o
    0x080110c0   0x00000058   Code   RO         8571    i.tcp_kill_prio     tcp.o
    0x08011118   0x000000c4   Code   RO         8572    i.tcp_kill_state    tcp.o
    0x080111dc   0x0000003c   Code   RO         8573    i.tcp_kill_timewait  tcp.o
    0x08011218   0x000000cc   Code   RO         8574    i.tcp_listen_closed  tcp.o
    0x080112e4   0x00000168   Code   RO         8842    i.tcp_listen_input  tcp_in.o
    0x0801144c   0x00000012   Code   RO         8575    i.tcp_listen_with_backlog  tcp.o
    0x0801145e   0x00000002   PAD
    0x08011460   0x0000014c   Code   RO         8576    i.tcp_listen_with_backlog_and_err  tcp.o
    0x080115ac   0x00000054   Code   RO         8577    i.tcp_netif_ip_addr_changed  tcp.o
    0x08011600   0x0000002a   Code   RO         8578    i.tcp_netif_ip_addr_changed_pcblist  tcp.o
    0x0801162a   0x0000000a   Code   RO         8579    i.tcp_new           tcp.o
    0x08011634   0x00000068   Code   RO         8581    i.tcp_new_port      tcp.o
    0x0801169c   0x00000020   Code   RO         8582    i.tcp_next_iss      tcp.o
    0x080116bc   0x00000090   Code   RO         8843    i.tcp_oos_insert_segment  tcp_in.o
    0x0801174c   0x00000320   Code   RO         8915    i.tcp_output        tcp_out.o
    0x08011a6c   0x00000138   Code   RO         8916    i.tcp_output_alloc_header  tcp_out.o
    0x08011ba4   0x00000150   Code   RO         8917    i.tcp_output_segment  tcp_out.o
    0x08011cf4   0x000001c0   Code   RO         8844    i.tcp_parseopt      tcp_in.o
    0x08011eb4   0x000000f4   Code   RO         8918    i.tcp_pbuf_prealloc  tcp_out.o
    0x08011fa8   0x0000004e   Code   RO         8583    i.tcp_pcb_purge     tcp.o
    0x08011ff6   0x00000002   PAD
    0x08011ff8   0x00000168   Code   RO         8584    i.tcp_pcb_remove    tcp.o
    0x08012160   0x000006e4   Code   RO         8845    i.tcp_process       tcp_in.o
    0x08012844   0x000000cc   Code   RO         8586    i.tcp_process_refused_data  tcp.o
    0x08012910   0x00000dc8   Code   RO         8846    i.tcp_receive       tcp_in.o
    0x080136d8   0x000000a0   Code   RO         8587    i.tcp_recv          tcp.o
    0x08013778   0x0000002e   Code   RO         8588    i.tcp_recv_null     tcp.o
    0x080137a6   0x00000002   PAD
    0x080137a8   0x00000158   Code   RO         8589    i.tcp_recved        tcp.o
    0x08013900   0x0000001c   Code   RO         8590    i.tcp_remove_listener  tcp.o
    0x0801391c   0x00000074   Code   RO         8919    i.tcp_rexmit        tcp_out.o
    0x08013990   0x00000052   Code   RO         8920    i.tcp_rexmit_fast   tcp_out.o
    0x080139e2   0x00000042   Code   RO         8921    i.tcp_rexmit_rto    tcp_out.o
    0x08013a24   0x00000150   Code   RO         8922    i.tcp_rst           tcp_out.o
    0x08013b74   0x00000024   Code   RO         8591    i.tcp_seg_copy      tcp.o
    0x08013b98   0x0000001a   Code   RO         8592    i.tcp_seg_free      tcp.o
    0x08013bb2   0x00000018   Code   RO         8593    i.tcp_segs_free     tcp.o
    0x08013bca   0x0000008e   Code   RO         8923    i.tcp_send_empty_ack  tcp_out.o
    0x08013c58   0x0000004a   Code   RO         8924    i.tcp_send_fin      tcp_out.o
    0x08013ca2   0x00000002   PAD
    0x08013ca4   0x0000062c   Code   RO         8597    i.tcp_slowtmr       tcp.o
    0x080142d0   0x00000038   Code   RO         9028    i.tcp_timer_needed  timeouts.o
    0x08014308   0x000000a4   Code   RO         8847    i.tcp_timewait_input  tcp_in.o
    0x080143ac   0x00000024   Code   RO         8598    i.tcp_tmr           tcp.o
    0x080143d0   0x00000014   Code   RO         8848    i.tcp_trigger_input_pcb_close  tcp_in.o
    0x080143e4   0x0000004a   Code   RO         8600    i.tcp_update_rcv_ann_wnd  tcp.o
    0x0801442e   0x00000002   PAD
    0x08014430   0x00000858   Code   RO         8925    i.tcp_write         tcp_out.o
    0x08014c88   0x00000188   Code   RO         8926    i.tcp_write_checks  tcp_out.o
    0x08014e10   0x00000100   Code   RO         8927    i.tcp_zero_window_probe  tcp_out.o
    0x08014f10   0x00000038   Code   RO         9029    i.tcpip_tcp_timer   timeouts.o
    0x08014f48   0x00000020   Code   RO         5406    i.uart_clear_buff   drv_usart.o
    0x08014f68   0x0000004a   Code   RO         5407    i.uart_enable_interrupt  drv_usart.o
    0x08014fb2   0x00000002   PAD
    0x08014fb4   0x00000100   Code   RO         5408    i.uart_init         drv_usart.o
    0x080150b4   0x00000078   Code   RO         5409    i.uart_init_one_port  drv_usart.o
    0x0801512c   0x000000d4   Code   RO         5410    i.uart_read_buf     drv_usart.o
    0x08015200   0x00000070   Code   RO         5411    i.uart_read_buf_handle  drv_usart.o
    0x08015270   0x00000030   Code   RO         5412    i.uart_set_callback  drv_usart.o
    0x080152a0   0x00000104   Code   RO         5413    i.uart_write_buf    drv_usart.o
    0x080153a4   0x000000b4   Code   RO         5414    i.uart_write_buf_handle  drv_usart.o
    0x08015458   0x00000094   Code   RO         9089    i.udp_bind          udp.o
    0x080154ec   0x0000027c   Code   RO         9093    i.udp_input         udp.o
    0x08015768   0x00000048   Code   RO         9094    i.udp_input_local_match  udp.o
    0x080157b0   0x00000030   Code   RO         9095    i.udp_netif_ip_addr_changed  udp.o
    0x080157e0   0x00000022   Code   RO         9096    i.udp_new           udp.o
    0x08015802   0x00000002   PAD
    0x08015804   0x00000058   Code   RO         9098    i.udp_new_port      udp.o
    0x0801585c   0x00000006   Code   RO         9099    i.udp_recv          udp.o
    0x08015862   0x00000002   PAD
    0x08015864   0x00000044   Code   RO         9100    i.udp_remove        udp.o
    0x080158a8   0x00000070   Code   RO         9102    i.udp_sendto        udp.o
    0x08015918   0x00000052   Code   RO         9103    i.udp_sendto_if     udp.o
    0x0801596a   0x00000002   PAD
    0x0801596c   0x000001d0   Code   RO         9104    i.udp_sendto_if_src  udp.o
    0x08015b3c   0x00000018   Code   RO         5945    i.usb_init          drv_usb.o
    0x08015b54   0x00000070   Code   RO         5946    i.usb_vbus_float_input  drv_usb.o
    0x08015bc4   0x00000028   Code   RO         4411    i.uxListRemove      list.o
    0x08015bec   0x00000012   Code   RO         4524    i.uxQueueMessagesWaiting  queue.o
    0x08015bfe   0x0000001a   Code   RO         4412    i.vListInitialise   list.o
    0x08015c18   0x00000006   Code   RO         4413    i.vListInitialiseItem  list.o
    0x08015c1e   0x00000034   Code   RO         4414    i.vListInsert       list.o
    0x08015c52   0x00000018   Code   RO         4415    i.vListInsertEnd    list.o
    0x08015c6a   0x00000002   PAD
    0x08015c6c   0x00000024   Code   RO         4451    i.vPortEnterCritical  port.o
    0x08015c90   0x00000020   Code   RO         4452    i.vPortExitCritical  port.o
    0x08015cb0   0x00000040   Code   RO         4363    i.vPortFree         heap_2.o
    0x08015cf0   0x00000018   Code   RO         4453    i.vPortSetupTimerInterrupt  port.o
    0x08015d08   0x0000000e   Code   RO         4527    i.vQueueDelete      queue.o
    0x08015d16   0x00000002   PAD
    0x08015d18   0x00000034   Code   RO         4684    i.vTaskDelay        tasks.o
    0x08015d4c   0x000000cc   Code   RO         4686    i.vTaskDelete       tasks.o
    0x08015e18   0x00000018   Code   RO         4688    i.vTaskInternalSetTimeOutState  tasks.o
    0x08015e30   0x0000000c   Code   RO         4689    i.vTaskMissedYield  tasks.o
    0x08015e3c   0x00000020   Code   RO         4691    i.vTaskPlaceOnEventList  tasks.o
    0x08015e5c   0x00000078   Code   RO         4695    i.vTaskResume       tasks.o
    0x08015ed4   0x00000064   Code   RO         4697    i.vTaskStartScheduler  tasks.o
    0x08015f38   0x000000cc   Code   RO         4698    i.vTaskSuspend      tasks.o
    0x08016004   0x00000010   Code   RO         4699    i.vTaskSuspendAll   tasks.o
    0x08016014   0x00000060   Code   RO         4700    i.vTaskSwitchContext  tasks.o
    0x08016074   0x00000034   Code   RO         4454    i.xPortStartScheduler  port.o
    0x080160a8   0x00000038   Code   RO         4455    i.xPortSysTickHandler  port.o
    0x080160e0   0x00000038   Code   RO         4528    i.xQueueGenericCreate  queue.o
    0x08016118   0x00000080   Code   RO         4529    i.xQueueGenericReset  queue.o
    0x08016198   0x00000118   Code   RO         4530    i.xQueueGenericSend  queue.o
    0x080162b0   0x00000104   Code   RO         4537    i.xQueueReceive     queue.o
    0x080163b4   0x0000005c   Code   RO         4701    i.xTaskCheckForTimeOut  tasks.o
    0x08016410   0x00000060   Code   RO         4702    i.xTaskCreate       tasks.o
    0x08016470   0x0000000c   Code   RO         4705    i.xTaskGetTickCount  tasks.o
    0x0801647c   0x0000011c   Code   RO         4707    i.xTaskIncrementTick  tasks.o
    0x08016598   0x00000080   Code   RO         4710    i.xTaskRemoveFromEventList  tasks.o
    0x08016618   0x000000e8   Code   RO         4711    i.xTaskResumeAll    tasks.o
    0x08016700   0x00000388   Data   RO         6114    .constdata          hostif_regs.o
    0x08016a88   0x000000c8   Data   RO         6459    .constdata          hostif_oems.o
    0x08016b50   0x000000a2   Data   RO         6832    .constdata          usb_desc.o
    0x08016bf2   0x00000002   PAD
    0x08016bf4   0x000000c8   Data   RO         8106    .constdata          memp.o
    0x08016cbc   0x00000050   Data   RO         8601    .constdata          tcp.o
    0x08016d0c   0x00000008   Data   RO         9557    .constdata          ip4_addr.o
    0x08016d14   0x0000000c   Data   RO         9674    .constdata          ethernet.o
    0x08016d20   0x00000008   Data   RO         5820    .conststring        drv_lwip.o
    0x08016d28   0x00000075   Data   RO         8602    .conststring        tcp.o
    0x08016d9d   0x00000003   PAD
    0x08016da0   0x00000055   Data   RO         8928    .conststring        tcp_out.o
    0x08016df5   0x00000003   PAD
    0x08016df8   0x00000041   Data   RO         9238    .conststring        etharp.o
    0x08016e39   0x00000003   PAD
    0x08016e3c   0x00000041   Data   RO         9385    .conststring        igmp.o
    0x08016e7d   0x00000003   PAD
    0x08016e80   0x00000020   Data   RO        10092    Region$$Table       anon$$obj.o


    Execution Region RW_IRAM1 (Base: 0x20000000, Size: 0x0000ff78, Max: 0x00010000, ABSOLUTE, COMPRESSED[0x000002c8])

    Base Addr    Size         Type   Attr      Idx    E Section Name        Object

    0x20000000   0x00000014   Data   RW         2299    .data               stm32f10x_rcc.o
    0x20000014   0x00000010   Data   RW         3814    .data               stm32f10x_eth.o
    0x20000024   0x00000018   Data   RW         4367    .data               heap_2.o
    0x2000003c   0x00000004   Data   RW         4456    .data               port.o
    0x20000040   0x0000003c   Data   RW         4714    .data               tasks.o
    0x2000007c   0x00000462   Data   RW         4991    .data               csm.o
    0x200004de   0x00000002   PAD
    0x200004e0   0x00000068   Data   RW         5416    .data               drv_usart.o
    0x20000548   0x00000004   Data   RW         5582    .data               drv_resource.o
    0x2000054c   0x00000014   Data   RW         5623    .data               drv_esam.o
    0x20000560   0x00000044   Data   RW         5717    .data               drv_spi.o
    0x200005a4   0x00000008   Data   RW         5774    .data               drv_ant.o
    0x200005ac   0x00000010   Data   RW         5821    .data               drv_lwip.o
    0x200005bc   0x00000004   Data   RW         6003    .data               drv_fmsoftwatchdog.o
    0x200005c0   0x00000016   Data   RW         6046    .data               netconf.o
    0x200005d6   0x00000002   PAD
    0x200005d8   0x0000037c   Data   RW         6115    .data               hostif_regs.o
    0x20000954   0x00000008   Data   RW         6697    .data               protocol_bootload.o
    0x2000095c   0x0000001a   Data   RW         6833    .data               usb_desc.o
    0x20000976   0x00000002   PAD
    0x20000978   0x0000000d   Data   RW         6859    .data               usb_endp.o
    0x20000985   0x00000003   PAD
    0x20000988   0x0000003c   Data   RW         6934    .data               usb_istr.o
    0x200009c4   0x0000009c   Data   RW         6967    .data               usb_prop.o
    0x20000a60   0x00000007   Data   RW         7069    .data               usb_pwr.o
    0x20000a67   0x00000001   PAD
    0x20000a68   0x0000000c   Data   RW         7436    .data               otgd_fs_int.o
    0x20000a74   0x00000003   Data   RW         7650    .data               usb_core.o
    0x20000a77   0x00000001   PAD
    0x20000a78   0x00000014   Data   RW         7752    .data               usb_init.o
    0x20000a8c   0x0000000c   Data   RW         8039    .data               mem.o
    0x20000a98   0x00000028   Data   RW         8107    .data               memp.o
    0x20000ac0   0x0000000a   Data   RW         8207    .data               netif.o
    0x20000aca   0x00000001   Data   RW         8347    .data               pbuf.o
    0x20000acb   0x00000001   PAD
    0x20000acc   0x00000020   Data   RW         8603    .data               tcp.o
    0x20000aec   0x00000028   Data   RW         8850    .data               tcp_in.o
    0x20000b14   0x0000000c   Data   RW         9031    .data               timeouts.o
    0x20000b20   0x00000008   Data   RW         9105    .data               udp.o
    0x20000b28   0x00000001   Data   RW         9239    .data               etharp.o
    0x20000b29   0x00000003   PAD
    0x20000b2c   0x00000008   Data   RW         9386    .data               igmp.o
    0x20000b34   0x00000008   Data   RW         9495    .data               ip4.o
    0x20000b3c   0x00000006   Data   RW         9614    .data               ip4_frag.o
    0x20000b42   0x00000002   PAD
    0x20000b44   0x00000014   Data   RW         9706    .data               ethernetif.o
    0x20000b58   0x00000004   Data   RW        10064    .data               mc_w.l(stdout.o)
    0x20000b5c   0x00004400   Zero   RW         4366    .bss                heap_2.o
    0x20004f5c   0x000000c8   Zero   RW         4713    .bss                tasks.o
    0x20005024   0x00000476   Zero   RW         4990    .bss                csm.o
    0x2000549a   0x00000002   PAD
    0x2000549c   0x00001028   Zero   RW         5415    .bss                drv_usart.o
    0x200064c4   0x00000c90   Zero   RW         5539    .bss                drv_msg.o
    0x20007154   0x000004fc   Zero   RW         5622    .bss                drv_esam.o
    0x20007650   0x0000001c   Zero   RW         5716    .bss                drv_spi.o
    0x2000766c   0x0000019c   Zero   RW         5819    .bss                drv_lwip.o
    0x20007808   0x00000010   Zero   RW         6002    .bss                drv_fmsoftwatchdog.o
    0x20007818   0x00000070   Zero   RW         6045    .bss                netconf.o
    0x20007888   0x000002f0   Zero   RW         6113    .bss                hostif_regs.o
    0x20007b78   0x00000214   Zero   RW         6167    .bss                host_rf.o
    0x20007d8c   0x00000114   Zero   RW         6242    .bss                host_uart.o
    0x20007ea0   0x00000114   Zero   RW         6316    .bss                host_net .o
    0x20007fb4   0x00000114   Zero   RW         6386    .bss                host_usb.o
    0x200080c8   0x00000800   Zero   RW         6458    .bss                hostif_oems.o
    0x200088c8   0x00000014   Zero   RW         6695    .bss                protocol_bootload.o
    0x200088dc   0x00000480   Zero   RW         6858    .bss                usb_endp.o
    0x20008d5c   0x0000003c   Zero   RW         7136    .bss                otgd_fs_cal.o
    0x20008d98   0x00000080   Zero   RW         7435    .bss                otgd_fs_int.o
    0x20008e18   0x000000e0   Zero   RW         7551    .bss                otgd_fs_pcd.o
    0x20008ef8   0x0000001c   Zero   RW         7751    .bss                usb_init.o
    0x20008f14   0x00000018   Zero   RW         7995    .bss                ip.o
    0x20008f2c   0x00002013   Zero   RW         8038    .bss                mem.o
    0x2000af3f   0x00000001   PAD
    0x2000af40   0x0000257c   Zero   RW         8105    .bss                memp.o
    0x2000d4bc   0x000001b8   Zero   RW         8518    .bss                stats.o
    0x2000d674   0x00000010   Zero   RW         8849    .bss                tcp_in.o
    0x2000d684   0x000000f0   Zero   RW         9237    .bss                etharp.o
    0x2000d774   0x00002400   Zero   RW         9705    .bss                ethernetif.o
    0x2000fb74   0x00000004   PAD
    0x2000fb78   0x00000400   Zero   RW          127    STACK               startup_stm32f10x_cl.o


==============================================================================

Image component sizes


      Code (inc. data)   RO Data    RW Data    ZI Data      Debug   Object Name

         0          0          0          0          0       4528   core_cm3.o
         0          0          0          0          0       9936   croutine.o
      6874        458          0       1122       1142      44475   csm.o
        38          0          0          0          0       2786   def.o
        60         10          0          8          0       1167   drv_ant.o
      3130        162          0         20       1276      12577   drv_esam.o
       522         20          0          0          0       2984   drv_ethernet.o
       208          0          0          0          0       2483   drv_flash.o
       400         46          0          4         16       3830   drv_fmsoftwatchdog.o
       416         24          0          0          0       1638   drv_led.o
      1236         94          8         16        412      22095   drv_lwip.o
       558         22          0          0       3216       5003   drv_msg.o
        64         10          0          4          0       1978   drv_resource.o
       152         18          0          0          0       1335   drv_rf.o
       410         38          0         68         28       6042   drv_spi.o
      1468        158          0        104       4136       9452   drv_usart.o
       136         10          0          0          0       1002   drv_usb.o
         8          0          0          0          0        411   drv_wdg.o
      3820       1052         65          1        240      10676   etharp.o
       552        140         12          0          0       2534   ethernet.o
       904        158          0         20       9216       7192   ethernetif.o
       400         30          0          0          0       3780   fm_cmd_api.o
       304         40          0         24      17408       4719   heap_2.o
         0          0          0          0          0      22386   helloworld.o
      2402          0          0          0          0      15122   host_cmd.o
       974         18          0          0        276       8346   host_net .o
      1036         36          0          0        532       7734   host_rf.o
       990         24          0          0        276       9101   host_uart.o
       982         18          0          0        276       8394   host_usb.o
       798         30        200          0       2048       5459   hostif_oems.o
       510         18        904        892        752      20720   hostif_regs.o
       252         14          0          0          0       4298   hw_config.o
      1408        318          0          0          0       7193   icmp.o
       900        148         65          8          0       7004   igmp.o
       434          0          0          0          0      11956   inet_chksum.o
         0          0          0          0         24      12800   ip.o
      1932        176          0          8          0       7116   ip4.o
        78          0          8          0          0       7346   ip4_addr.o
      3362        912          0          6          0      10883   ip4_frag.o
       148          0          0          0          0       2906   list.o
       384         12          0          0          0       1187   main.o
      2242        778          0         12       8211       6046   mem.o
       786        416        200         40       9596      10166   memp.o
       132         22          0          0          0     222999   misc.o
       516         48          0         22        112      11897   netconf.o
       550        110          0         10          0       8453   netif.o
      3100        148          0          0         60      18827   otgd_fs_cal.o
       334          0          0          0          0       7549   otgd_fs_dev.o
      1616         90          0         12        128       7895   otgd_fs_int.o
       620         22          0          0        224       6931   otgd_fs_pcd.o
      4360       1744          0          1          0      13826   pbuf.o
       408         48          0          4          0       8416   port.o
       648         50          0          8         20       5010   protocol_bootload.o
      1124         14          0          0          0      19587   queue.o
        36          8        336          0       1024        868   startup_stm32f10x_cl.o
         0          0          0          0        440       4953   stats.o
      1660        136          0         16          0      14619   stm32f10x_eth.o
       378         56          0          0          0       6491   stm32f10x_flash.o
       442         12          0          0          0       4482   stm32f10x_gpio.o
       542         32          0          0          0      73344   stm32f10x_it.o
        16          6          0          0          0        481   stm32f10x_iwdg.o
       648         78          0         20          0       9182   stm32f10x_rcc.o
       144          0          0          0          0       4601   stm32f10x_spi.o
        40          0          0          0          0       1790   stm32f10x_tim.o
       472          6          0          0          0       6895   stm32f10x_usart.o
        12          6          0          0          0        430   sys.o
       384         28          0          0          0      63809   system_stm32f10x.o
      2622        430          0         60        200      27020   tasks.o
      6376       1850        197         32          0      34889   tcp.o
      8968       1508          0         40         16      20639   tcp_in.o
      6528       1600         85          0          0      25938   tcp_out.o
       492        180          0         12          0       3578   timeouts.o
      1758        266          0          8          0      13628   udp.o
      2770        216          0          3          0      14279   usb_core.o
         0          0        162         26          0       1024   usb_desc.o
       674         76          0         13       1152       6040   usb_endp.o
        60         24          0         20         28       4102   usb_init.o
       156          6          0         60          0       1421   usb_istr.o
       502        108          0        156          0      11973   usb_prop.o
       164         20          0          7          0       2708   usb_pwr.o
        68          0          0          0          0       2182   usb_sil.o

    ----------------------------------------------------------------------
     90722      14356       2288       2904      62492    1041542   Object Totals
         0          0         32          0          0          0   (incl. Generated)
       124          0         14         17          7          0   (incl. Padding)

    ----------------------------------------------------------------------

      Code (inc. data)   RO Data    RW Data    ZI Data      Debug   Library Member Name

        86          0          0          0          0          0   __dczerorl2.o
         0          0          0          0          0          0   entry.o
         0          0          0          0          0          0   entry10a.o
         0          0          0          0          0          0   entry11a.o
         8          4          0          0          0          0   entry2.o
         4          0          0          0          0          0   entry5.o
         0          0          0          0          0          0   entry7b.o
         0          0          0          0          0          0   entry8b.o
         8          4          0          0          0          0   entry9a.o
        18          0          0          0          0         80   fputc.o
        30          0          0          0          0          0   handlers.o
        36          8          0          0          0         68   init.o
         0          0          0          0          0          0   iusesemip.o
        26          0          0          0          0         80   memcmp.o
        64          0          0          0          0         76   memmovea.o
        36          0          0          0          0        108   memseta.o
       472         14          0          0          0        184   printf3.o
         0          0          0          0          0          0   semi.o
         0          0          0          4          0          0   stdout.o
        14          0          0          0          0         68   strlen.o
        44          0          0          0          0         80   uidiv.o

    ----------------------------------------------------------------------
       846         30          0          4          0        744   Library Totals
         0          0          0          0          0          0   (incl. Padding)

    ----------------------------------------------------------------------

      Code (inc. data)   RO Data    RW Data    ZI Data      Debug   Library Name

       846         30          0          4          0        744   mc_w.l

    ----------------------------------------------------------------------
       846         30          0          4          0        744   Library Totals

    ----------------------------------------------------------------------

==============================================================================


      Code (inc. data)   RO Data    RW Data    ZI Data      Debug   

     91568      14386       2288       2908      62492    1009238   Grand Totals
     91568      14386       2288        712      62492    1009238   ELF Image Totals (compressed)
     91568      14386       2288        712          0          0   ROM Totals

==============================================================================

    Total RO  Size (Code + RO Data)                93856 (  91.66kB)
    Total RW  Size (RW Data + ZI Data)             65400 (  63.87kB)
    Total ROM Size (Code + RO Data + RW Data)      94568 (  92.35kB)

==============================================================================

