Product: MDK-ARM Professional 5.10
Component: ARM Compiler 5.04 update 1 (build 49)
Tool: armlink [5040049]

==============================================================================

Section Cross References

    main.o(i.TASK_MAIN) refers to drv_ethernet.o(i.lwip_comm_init) for lwip_comm_init
    main.o(i.TASK_MAIN) refers to tcpecho.o(i.tcpecho_init) for tcpecho_init
    main.o(i.TASK_MAIN) refers to tasks.o(i.xTaskGetTickCount) for xTaskGetTickCount
    main.o(i.TASK_MAIN) refers to drv_ethernet.o(.data) for lwip_localtime
    main.o(i.main) refers to misc.o(i.NVIC_PriorityGroupConfig) for NVIC_PriorityGroupConfig
    main.o(i.main) refers to stm32f10x_gpio.o(i.GPIO_PinRemapConfig) for GPIO_PinRemapConfig
    main.o(i.main) refers to tasks.o(i.xTaskCreate) for xTaskCreate
    main.o(i.main) refers to tasks.o(i.vTaskStartScheduler) for vTaskStartScheduler
    main.o(i.main) refers to main.o(.data) for x_Handle_MAIN
    main.o(i.main) refers to main.o(i.TASK_MAIN) for TASK_MAIN
    stm32f10x_it.o(i.ETH_IRQHandler) refers to drv_ethernet.o(i.lwip_pkt_handle) for lwip_pkt_handle
    stm32f10x_it.o(i.ETH_IRQHandler) refers to stm32_eth.o(i.ETH_GetRxPktSize) for ETH_GetRxPktSize
    stm32f10x_it.o(i.ETH_IRQHandler) refers to stm32_eth.o(i.ETH_DMAClearITPendingBit) for ETH_DMAClearITPendingBit
    drv_ethernet.o(i.drv_ETH_Configuration) refers to stm32f10x_rcc.o(i.RCC_AHBPeriphClockCmd) for RCC_AHBPeriphClockCmd
    drv_ethernet.o(i.drv_ETH_Configuration) refers to stm32f10x_gpio.o(i.GPIO_ETH_MediaInterfaceConfig) for GPIO_ETH_MediaInterfaceConfig
    drv_ethernet.o(i.drv_ETH_Configuration) refers to stm32f10x_rcc.o(i.RCC_PLL3Config) for RCC_PLL3Config
    drv_ethernet.o(i.drv_ETH_Configuration) refers to stm32f10x_rcc.o(i.RCC_PLL3Cmd) for RCC_PLL3Cmd
    drv_ethernet.o(i.drv_ETH_Configuration) refers to stm32f10x_rcc.o(i.RCC_GetFlagStatus) for RCC_GetFlagStatus
    drv_ethernet.o(i.drv_ETH_Configuration) refers to stm32f10x_rcc.o(i.RCC_MCOConfig) for RCC_MCOConfig
    drv_ethernet.o(i.drv_ETH_Configuration) refers to stm32_eth.o(i.ETH_DeInit) for ETH_DeInit
    drv_ethernet.o(i.drv_ETH_Configuration) refers to stm32_eth.o(i.ETH_SoftwareReset) for ETH_SoftwareReset
    drv_ethernet.o(i.drv_ETH_Configuration) refers to stm32_eth.o(i.ETH_GetSoftwareResetStatus) for ETH_GetSoftwareResetStatus
    drv_ethernet.o(i.drv_ETH_Configuration) refers to stm32_eth.o(i.ETH_StructInit) for ETH_StructInit
    drv_ethernet.o(i.drv_ETH_Configuration) refers to stm32_eth.o(i.ETH_Init) for ETH_Init
    drv_ethernet.o(i.drv_ETH_Configuration) refers to stm32_eth.o(i.ETH_DMAITConfig) for ETH_DMAITConfig
    drv_ethernet.o(i.drv_ETH_GPIO_Configuration) refers to stm32f10x_rcc.o(i.RCC_APB2PeriphClockCmd) for RCC_APB2PeriphClockCmd
    drv_ethernet.o(i.drv_ETH_GPIO_Configuration) refers to stm32f10x_gpio.o(i.GPIO_Init) for GPIO_Init
    drv_ethernet.o(i.drv_ETH_NVIC_Configuration) refers to misc.o(i.NVIC_Init) for NVIC_Init
    drv_ethernet.o(i.ethernet_init) refers to drv_ethernet.o(i.drv_ETH_GPIO_Configuration) for drv_ETH_GPIO_Configuration
    drv_ethernet.o(i.ethernet_init) refers to drv_ethernet.o(i.drv_ETH_NVIC_Configuration) for drv_ETH_NVIC_Configuration
    drv_ethernet.o(i.ethernet_init) refers to drv_ethernet.o(i.drv_ETH_Configuration) for drv_ETH_Configuration
    drv_ethernet.o(i.lwip_comm_init) refers to drv_ethernet.o(i.ethernet_init) for ethernet_init
    drv_ethernet.o(i.lwip_comm_init) refers to tcpip.o(i.tcpip_init) for tcpip_init
    drv_ethernet.o(i.lwip_comm_init) refers to ethernetif.o(i.Set_MAC_Address) for Set_MAC_Address
    drv_ethernet.o(i.lwip_comm_init) refers to netif.o(i.netif_add) for netif_add
    drv_ethernet.o(i.lwip_comm_init) refers to netif.o(i.netif_set_default) for netif_set_default
    drv_ethernet.o(i.lwip_comm_init) refers to netif.o(i.netif_set_up) for netif_set_up
    drv_ethernet.o(i.lwip_comm_init) refers to drv_ethernet.o(.data) for IP
    drv_ethernet.o(i.lwip_comm_init) refers to ethernet.o(i.ethernet_input) for ethernet_input
    drv_ethernet.o(i.lwip_comm_init) refers to ethernetif.o(i.ethernetif_init) for ethernetif_init
    drv_ethernet.o(i.lwip_comm_init) refers to drv_ethernet.o(.bss) for lwip_netif
    drv_ethernet.o(i.lwip_periodic_handle) refers to tcp.o(i.tcp_tmr) for tcp_tmr
    drv_ethernet.o(i.lwip_periodic_handle) refers to etharp.o(i.etharp_tmr) for etharp_tmr
    drv_ethernet.o(i.lwip_periodic_handle) refers to drv_ethernet.o(.data) for lwip_localtime
    drv_ethernet.o(i.lwip_pkt_handle) refers to ethernetif.o(i.ethernetif_input) for ethernetif_input
    drv_ethernet.o(i.lwip_pkt_handle) refers to drv_ethernet.o(.bss) for lwip_netif
    heap_2.o(i.prvHeapInit) refers to heap_2.o(.bss) for ucHeap
    heap_2.o(i.prvHeapInit) refers to heap_2.o(.data) for xStart
    heap_2.o(i.pvPortMalloc) refers to tasks.o(i.vTaskSuspendAll) for vTaskSuspendAll
    heap_2.o(i.pvPortMalloc) refers to heap_2.o(i.prvHeapInit) for prvHeapInit
[...]
    xNextTaskUnblockTime                     0x20000074   Data           4  tasks.o(.data)
    xIdleTaskHandle                          0x20000078   Data           4  tasks.o(.data)
    uxSchedulerSuspended                     0x2000007c   Data           4  tasks.o(.data)
    .data                                    0x20000080   Section       20  stm32f10x_rcc.o(.data)
    APBAHBPrescTable                         0x20000080   Data          16  stm32f10x_rcc.o(.data)
    ADCPrescTable                            0x20000090   Data           4  stm32f10x_rcc.o(.data)
    .data                                    0x20000094   Section       16  stm32_eth.o(.data)
    .data                                    0x200000a4   Section       20  ethernetif.o(.data)
    .data                                    0x200000b8   Section       16  mem.o(.data)
    ram                                      0x200000b8   Data           4  mem.o(.data)
    ram_end                                  0x200000bc   Data           4  mem.o(.data)
    lfree                                    0x200000c0   Data           4  mem.o(.data)
    mem_mutex                                0x200000c4   Data           4  mem.o(.data)
    .data                                    0x200000c8   Section        9  netif.o(.data)
    netif_num                                0x200000d0   Data           1  netif.o(.data)
    .data                                    0x200000d4   Section       32  tcp.o(.data)
    tcp_port                                 0x200000d4   Data           2  tcp.o(.data)
    tcp_timer                                0x200000ed   Data           1  tcp.o(.data)
    tcp_timer_ctr                            0x200000ee   Data           1  tcp.o(.data)
    iss                                      0x200000f0   Data           4  tcp.o(.data)
    .data                                    0x200000f4   Section       40  tcp_in.o(.data)
    tcphdr                                   0x200000f4   Data           4  tcp_in.o(.data)
    tcphdr_optlen                            0x200000f8   Data           2  tcp_in.o(.data)
    tcphdr_opt1len                           0x200000fa   Data           2  tcp_in.o(.data)
    tcphdr_opt2                              0x200000fc   Data           4  tcp_in.o(.data)
    tcp_optidx                               0x20000100   Data           2  tcp_in.o(.data)
    seqno                                    0x20000104   Data           4  tcp_in.o(.data)
    ackno                                    0x20000108   Data           4  tcp_in.o(.data)
    recv_acked                               0x2000010c   Data           2  tcp_in.o(.data)
    tcplen                                   0x2000010e   Data           2  tcp_in.o(.data)
    flags                                    0x20000110   Data           1  tcp_in.o(.data)
    recv_flags                               0x20000111   Data           1  tcp_in.o(.data)
    recv_data                                0x20000114   Data           4  tcp_in.o(.data)
    .data                                    0x2000011c   Section       12  timeouts.o(.data)
    next_timeout                             0x2000011c   Data           4  timeouts.o(.data)
    timeouts_last_time                       0x20000120   Data           4  timeouts.o(.data)
    tcpip_tcp_timer_active                   0x20000124   Data           4  timeouts.o(.data)
    .data                                    0x20000128   Section        8  udp.o(.data)
    udp_port                                 0x20000128   Data           2  udp.o(.data)
    .data                                    0x20000130   Section        1  etharp.o(.data)
    etharp_cached_entry                      0x20000130   Data           1  etharp.o(.data)
    .data                                    0x20000132   Section        2  ip4.o(.data)
    ip_id                                    0x20000132   Data           2  ip4.o(.data)
    .data                                    0x20000134   Section        6  ip4_frag.o(.data)
    reassdatagrams                           0x20000134   Data           4  ip4_frag.o(.data)
    ip_reass_pbufcount                       0x20000138   Data           2  ip4_frag.o(.data)
    .data                                    0x2000013a   Section        1  api_msg.o(.data)
    .data                                    0x2000013c   Section       12  tcpip.o(.data)
    tcpip_init_done                          0x2000013c   Data           4  tcpip.o(.data)
    tcpip_init_done_arg                      0x20000140   Data           4  tcpip.o(.data)
    mbox                                     0x20000144   Data           4  tcpip.o(.data)
    .data                                    0x20000148   Section        4  stdout.o(.data)
    .bss                                     0x2000014c   Section       48  drv_ethernet.o(.bss)
    .bss                                     0x2000017c   Section    20480  heap_2.o(.bss)
    ucHeap                                   0x2000017c   Data       20480  heap_2.o(.bss)
    .bss                                     0x2000517c   Section      200  tasks.o(.bss)
    pxReadyTasksLists                        0x2000517c   Data         100  tasks.o(.bss)
    xDelayedTaskList1                        0x200051e0   Data          20  tasks.o(.bss)
    xDelayedTaskList2                        0x200051f4   Data          20  tasks.o(.bss)
    xPendingReadyList                        0x20005208   Data          20  tasks.o(.bss)
    xTasksWaitingTermination                 0x2000521c   Data          20  tasks.o(.bss)
    xSuspendedTaskList                       0x20005230   Data          20  tasks.o(.bss)
    .bss                                     0x20005244   Section    12288  ethernetif.o(.bss)
    .bss                                     0x20008244   Section       24  ip.o(.bss)
    .bss                                     0x2000825c   Section    15379  mem.o(.bss)
    .bss                                     0x2000be70   Section       20  tcp_in.o(.bss)
    inseg                                    0x2000be70   Data          20  tcp_in.o(.bss)
    .bss                                     0x2000be84   Section      240  etharp.o(.bss)
    arp_table                                0x2000be84   Data         240  etharp.o(.bss)
    STACK                                    0x2000bf78   Section     1024  startup_stm32f10x_cl.o(STACK)

    Global Symbols

    Symbol Name                              Value     Ov Type        Size  Object(Section)

    BuildAttributes$$THM_ISAv4$P$D$K$B$S$PE$A:L22UL41UL21$X:L11$S22US41US21$IEEE1$IW$USESV6$~STKCKD$USESV7$~SHL$OSPACE$ROPI$EBA8$MICROLIB$REQ8$PRES8$EABIv2 0x00000000   Number         0  anon$$obj.o ABSOLUTE
    __ARM_use_no_argv                        0x00000000   Number         0  main.o ABSOLUTE
    _printf_a                                0x00000000   Number         0  stubs.o ABSOLUTE
    _printf_c                                0x00000000   Number         0  stubs.o ABSOLUTE
    _printf_charcount                        0x00000000   Number         0  stubs.o ABSOLUTE
    _printf_d                                0x00000000   Number         0  stubs.o ABSOLUTE
    _printf_e                                0x00000000   Number         0  stubs.o ABSOLUTE
    _printf_f                                0x00000000   Number         0  stubs.o ABSOLUTE
    _printf_flags                            0x00000000   Number         0  stubs.o ABSOLUTE
    _printf_fp_dec                           0x00000000   Number         0  stubs.o ABSOLUTE
    _printf_fp_hex                           0x00000000   Number         0  stubs.o ABSOLUTE
    _printf_g                                0x00000000   Number         0  stubs.o ABSOLUTE
    _printf_i                                0x00000000   Number         0  stubs.o ABSOLUTE
    _printf_int_dec                          0x00000000   Number         0  stubs.o ABSOLUTE
    _printf_l                                0x00000000   Number         0  stubs.o ABSOLUTE
    _printf_lc                               0x00000000   Number         0  stubs.o ABSOLUTE
    _printf_ll                               0x00000000   Number         0  stubs.o ABSOLUTE
    _printf_lld                              0x00000000   Number         0  stubs.o ABSOLUTE
    _printf_lli                              0x00000000   Number         0  stubs.o ABSOLUTE
    _printf_llo                              0x00000000   Number         0  stubs.o ABSOLUTE
    _printf_llu                              0x00000000   Number         0  stubs.o ABSOLUTE
    _printf_llx                              0x00000000   Number         0  stubs.o ABSOLUTE
    _printf_longlong_dec                     0x00000000   Number         0  stubs.o ABSOLUTE
    _printf_longlong_hex                     0x00000000   Number         0  stubs.o ABSOLUTE
    _printf_longlong_oct                     0x00000000   Number         0  stubs.o ABSOLUTE
    _printf_ls                               0x00000000   Number         0  stubs.o ABSOLUTE
    _printf_mbtowc                           0x00000000   Number         0  stubs.o ABSOLUTE
    _printf_n                                0x00000000   Number         0  stubs.o ABSOLUTE
    _printf_o                                0x00000000   Number         0  stubs.o ABSOLUTE
    _printf_p                                0x00000000   Number         0  stubs.o ABSOLUTE
    _printf_percent                          0x00000000   Number         0  stubs.o ABSOLUTE
    _printf_pre_padding                      0x00000000   Number         0  stubs.o ABSOLUTE
    _printf_return_value                     0x00000000   Number         0  stubs.o ABSOLUTE
    _printf_s                                0x00000000   Number         0  stubs.o ABSOLUTE
    _printf_sizespec                         0x00000000   Number         0  stubs.o ABSOLUTE
    _printf_str                              0x00000000   Number         0  stubs.o ABSOLUTE
    _printf_truncate_signed                  0x00000000   Number         0  stubs.o ABSOLUTE
    _printf_truncate_unsigned                0x00000000   Number         0  stubs.o ABSOLUTE
    _printf_u                                0x00000000   Number         0  stubs.o ABSOLUTE
    _printf_wc                               0x00000000   Number         0  stubs.o ABSOLUTE
    _printf_wctomb                           0x00000000   Number         0  stubs.o ABSOLUTE
    _printf_widthprec                        0x00000000   Number         0  stubs.o ABSOLUTE
    _printf_x                                0x00000000   Number         0  stubs.o ABSOLUTE
    __cpp_initialize__aeabi_                  - Undefined Weak Reference
    __cxa_finalize                            - Undefined Weak Reference
    _clock_init                               - Undefined Weak Reference
    _microlib_exit                            - Undefined Weak Reference
    __Vectors_Size                           0x00000150   Number         0  startup_stm32f10x_cl.o ABSOLUTE
    __Vectors                                0x08000000   Data           4  startup_stm32f10x_cl.o(RESET)
    __Vectors_End                            0x08000150   Data           0  startup_stm32f10x_cl.o(RESET)
    __main                                   0x08000151   Thumb Code     0  entry.o(.ARM.Collect$$$$00000000)
    _main_stk                                0x08000151   Thumb Code     0  entry2.o(.ARM.Collect$$$$00000001)
    _main_scatterload                        0x08000155   Thumb Code     0  entry5.o(.ARM.Collect$$$$00000004)
    __main_after_scatterload                 0x08000159   Thumb Code     0  entry5.o(.ARM.Collect$$$$00000004)
    _main_clock                              0x08000159   Thumb Code     0  entry7b.o(.ARM.Collect$$$$00000008)
    _main_cpp_init                           0x08000159   Thumb Code     0  entry8b.o(.ARM.Collect$$$$0000000A)
    _main_init                               0x08000159   Thumb Code     0  entry9a.o(.ARM.Collect$$$$0000000B)
    __rt_final_cpp                           0x08000161   Thumb Code     0  entry10a.o(.ARM.Collect$$$$0000000D)
    __rt_final_exit                          0x08000161   Thumb Code     0  entry11a.o(.ARM.Collect$$$$0000000F)
    vPortSVCHandler                          0x08000165   Thumb Code    32  port.o(.emb_text)
    __asm___6_port_c_39a90d8d__prvStartFirstTask 0x08000189   Thumb Code    28  port.o(.emb_text)
    xPortPendSVHandler                       0x080001a9   Thumb Code    72  port.o(.emb_text)
    vPortGetIPSR                             0x080001f5   Thumb Code     6  port.o(.emb_text)
    Reset_Handler                            0x080001fd   Thumb Code     8  startup_stm32f10x_cl.o(.text)
    ADC1_2_IRQHandler                        0x08000217   Thumb Code     0  startup_stm32f10x_cl.o(.text)
    CAN1_RX0_IRQHandler                      0x08000217   Thumb Code     0  startup_stm32f10x_cl.o(.text)
    CAN1_RX1_IRQHandler                      0x08000217   Thumb Code     0  startup_stm32f10x_cl.o(.text)
    CAN1_SCE_IRQHandler                      0x08000217   Thumb Code     0  startup_stm32f10x_cl.o(.text)
    CAN1_TX_IRQHandler                       0x08000217   Thumb Code     0  startup_stm32f10x_cl.o(.text)
    CAN2_RX0_IRQHandler                      0x08000217   Thumb Code     0  startup_stm32f10x_cl.o(.text)
    CAN2_RX1_IRQHandler                      0x08000217   Thumb Code     0  startup_stm32f10x_cl.o(.text)
    CAN2_SCE_IRQHandler                      0x08000217   Thumb Code     0  startup_stm32f10x_cl.o(.text)
    CAN2_TX_IRQHandler                       0x08000217   Thumb Code     0  startup_stm32f10x_cl.o(.text)
    DMA1_Channel1_IRQHandler                 0x08000217   Thumb Code     0  startup_stm32f10x_cl.o(.text)
    DMA1_Channel2_IRQHandler                 0x08000217   Thumb Code     0  startup_stm32f10x_cl.o(.text)
    DMA1_Channel3_IRQHandler                 0x08000217   Thumb Code     0  startup_stm32f10x_cl.o(.text)
    DMA1_Channel4_IRQHandler                 0x08000217   Thumb Code     0  startup_stm32f10x_cl.o(.text)
    DMA1_Channel5_IRQHandler                 0x08000217   Thumb Code     0  startup_stm32f10x_cl.o(.text)
    DMA1_Channel6_IRQHandler                 0x08000217   Thumb Code     0  startup_stm32f10x_cl.o(.text)
    DMA1_Channel7_IRQHandler                 0x08000217   Thumb Code     0  startup_stm32f10x_cl.o(.text)
    DMA2_Channel1_IRQHandler                 0x08000217   Thumb Code     0  startup_stm32f10x_cl.o(.text)
    DMA2_Channel2_IRQHandler                 0x08000217   Thumb Code     0  startup_stm32f10x_cl.o(.text)
    DMA2_Channel3_IRQHandler                 0x08000217   Thumb Code     0  startup_stm32f10x_cl.o(.text)
    DMA2_Channel4_IRQHandler                 0x08000217   Thumb Code     0  startup_stm32f10x_cl.o(.text)
    DMA2_Channel5_IRQHandler                 0x08000217   Thumb Code     0  startup_stm32f10x_cl.o(.text)
    ETH_WKUP_IRQHandler                      0x08000217   Thumb Code     0  startup_stm32f10x_cl.o(.text)
    EXTI0_IRQHandler                         0x08000217   Thumb Code     0  startup_stm32f10x_cl.o(.text)
    EXTI15_10_IRQHandler                     0x08000217   Thumb Code     0  startup_stm32f10x_cl.o(.text)
    EXTI1_IRQHandler                         0x08000217   Thumb Code     0  startup_stm32f10x_cl.o(.text)
    EXTI2_IRQHandler                         0x08000217   Thumb Code     0  startup_stm32f10x_cl.o(.text)
    EXTI3_IRQHandler                         0x08000217   Thumb Code     0  startup_stm32f10x_cl.o(.text)
    EXTI4_IRQHandler                         0x08000217   Thumb Code     0  startup_stm32f10x_cl.o(.text)
    EXTI9_5_IRQHandler                       0x08000217   Thumb Code     0  startup_stm32f10x_cl.o(.text)
    FLASH_IRQHandler                         0x08000217   Thumb Code     0  startup_stm32f10x_cl.o(.text)
    I2C1_ER_IRQHandler                       0x08000217   Thumb Code     0  startup_stm32f10x_cl.o(.text)
    I2C1_EV_IRQHandler                       0x08000217   Thumb Code     0  startup_stm32f10x_cl.o(.text)
    I2C2_ER_IRQHandler                       0x08000217   Thumb Code     0  startup_stm32f10x_cl.o(.text)
    I2C2_EV_IRQHandler                       0x08000217   Thumb Code     0  startup_stm32f10x_cl.o(.text)
    OTG_FS_IRQHandler                        0x08000217   Thumb Code     0  startup_stm32f10x_cl.o(.text)
    OTG_FS_WKUP_IRQHandler                   0x08000217   Thumb Code     0  startup_stm32f10x_cl.o(.text)
    PVD_IRQHandler                           0x08000217   Thumb Code     0  startup_stm32f10x_cl.o(.text)
    RCC_IRQHandler                           0x08000217   Thumb Code     0  startup_stm32f10x_cl.o(.text)
    RTCAlarm_IRQHandler                      0x08000217   Thumb Code     0  startup_stm32f10x_cl.o(.text)
    RTC_IRQHandler                           0x08000217   Thumb Code     0  startup_stm32f10x_cl.o(.text)
    SPI1_IRQHandler                          0x08000217   Thumb Code     0  startup_stm32f10x_cl.o(.text)
    SPI2_IRQHandler                          0x08000217   Thumb Code     0  startup_stm32f10x_cl.o(.text)
    SPI3_IRQHandler                          0x08000217   Thumb Code     0  startup_stm32f10x_cl.o(.text)
    TAMPER_IRQHandler                        0x08000217   Thumb Code     0  startup_stm32f10x_cl.o(.text)
    TIM1_BRK_IRQHandler                      0x08000217   Thumb Code     0  startup_stm32f10x_cl.o(.text)
    TIM1_CC_IRQHandler                       0x08000217   Thumb Code     0  startup_stm32f10x_cl.o(.text)
    TIM1_TRG_COM_IRQHandler                  0x08000217   Thumb Code     0  startup_stm32f10x_cl.o(.text)
    TIM1_UP_IRQHandler                       0x08000217   Thumb Code     0  startup_stm32f10x_cl.o(.text)
    TIM2_IRQHandler                          0x08000217   Thumb Code     0  startup_stm32f10x_cl.o(.text)
    TIM3_IRQHandler                          0x08000217   Thumb Code     0  startup_stm32f10x_cl.o(.text)
    TIM4_IRQHandler                          0x08000217   Thumb Code     0  startup_stm32f10x_cl.o(.text)
    TIM5_IRQHandler                          0x08000217   Thumb Code     0  startup_stm32f10x_cl.o(.text)
    TIM6_IRQHandler                          0x08000217   Thumb Code     0  startup_stm32f10x_cl.o(.text)
    TIM7_IRQHandler                          0x08000217   Thumb Code     0  startup_stm32f10x_cl.o(.text)
    UART4_IRQHandler                         0x08000217   Thumb Code     0  startup_stm32f10x_cl.o(.text)
    UART5_IRQHandler                         0x08000217   Thumb Code     0  startup_stm32f10x_cl.o(.text)
    USART1_IRQHandler                        0x08000217   Thumb Code     0  startup_stm32f10x_cl.o(.text)
    USART2_IRQHandler                        0x08000217   Thumb Code     0  startup_stm32f10x_cl.o(.text)
    USART3_IRQHandler                        0x08000217   Thumb Code     0  startup_stm32f10x_cl.o(.text)
    WWDG_IRQHandler                          0x08000217   Thumb Code     0  startup_stm32f10x_cl.o(.text)
    __aeabi_memcpy                           0x08000221   Thumb Code    36  memcpya.o(.text)
    __aeabi_memcpy4                          0x08000221   Thumb Code     0  memcpya.o(.text)
    __aeabi_memcpy8                          0x08000221   Thumb Code     0  memcpya.o(.text)
    __aeabi_memset                           0x08000245   Thumb Code    14  memseta.o(.text)
    __aeabi_memset4                          0x08000245   Thumb Code     0  memseta.o(.text)
    __aeabi_memset8                          0x08000245   Thumb Code     0  memseta.o(.text)
    __aeabi_memclr                           0x08000253   Thumb Code     4  memseta.o(.text)
    __aeabi_memclr4                          0x08000253   Thumb Code     0  memseta.o(.text)
    __aeabi_memclr8                          0x08000253   Thumb Code     0  memseta.o(.text)
    _memset$wrapper                          0x08000257   Thumb Code    18  memseta.o(.text)
    memcmp                                   0x08000269   Thumb Code    26  memcmp.o(.text)
    __aeabi_uidiv                            0x08000283   Thumb Code     0  uidiv.o(.text)
    __aeabi_uidivmod                         0x08000283   Thumb Code    44  uidiv.o(.text)
    __scatterload                            0x080002b1   Thumb Code    28  init.o(.text)
    __scatterload_rt2                        0x080002b1   Thumb Code     0  init.o(.text)
    __I$use$semihosting$fputc                0x080002d5   Thumb Code     0  iusesemip.o(.text)
    __decompress                             0x080002d5   Thumb Code     0  __dczerorl2.o(.text)
    __decompress1                            0x080002d5   Thumb Code    86  __dczerorl2.o(.text)
    __semihosting_library_function           0x080002d5   Thumb Code     0  semi.o(.text)
    BusFault_Handler                         0x0800032b   Thumb Code     4  stm32f10x_it.o(i.BusFault_Handler)
    DebugMon_Handler                         0x0800032f   Thumb Code     2  stm32f10x_it.o(i.DebugMon_Handler)
    ETH_DMAClearITPendingBit                 0x08000331   Thumb Code     6  stm32_eth.o(i.ETH_DMAClearITPendingBit)
    ETH_DMAITConfig                          0x0800033d   Thumb Code    26  stm32_eth.o(i.ETH_DMAITConfig)
    ETH_DMAReceptionCmd                      0x0800035d   Thumb Code    30  stm32_eth.o(i.ETH_DMAReceptionCmd)
    ETH_DMARxDescChainInit                   0x08000381   Thumb Code    76  stm32_eth.o(i.ETH_DMARxDescChainInit)
    ETH_DMARxDescReceiveITConfig             0x080003d5   Thumb Code    22  stm32_eth.o(i.ETH_DMARxDescReceiveITConfig)
    ETH_DMATransmissionCmd                   0x080003ed   Thumb Code    30  stm32_eth.o(i.ETH_DMATransmissionCmd)
    ETH_DMATxDescChainInit                   0x08000411   Thumb Code    70  stm32_eth.o(i.ETH_DMATxDescChainInit)
    ETH_DMATxDescChecksumInsertionConfig     0x08000461   Thumb Code     8  stm32_eth.o(i.ETH_DMATxDescChecksumInsertionConfig)
    ETH_DeInit                               0x08000469   Thumb Code    22  stm32_eth.o(i.ETH_DeInit)
    ETH_FlushTransmitFIFO                    0x0800049d   Thumb Code    14  stm32_eth.o(i.ETH_FlushTransmitFIFO)
    ETH_GetCurrentTxBuffer                   0x080004b1   Thumb Code     8  ethernetif.o(i.ETH_GetCurrentTxBuffer)
    ETH_GetDMARxDescFrameLength              0x080004bd   Thumb Code    10  stm32_eth.o(i.ETH_GetDMARxDescFrameLength)
    ETH_GetRxPktSize                         0x080004c9   Thumb Code    66  stm32_eth.o(i.ETH_GetRxPktSize)
    ETH_GetSoftwareResetStatus               0x08000511   Thumb Code    20  stm32_eth.o(i.ETH_GetSoftwareResetStatus)
    ETH_IRQHandler                           0x08000529   Thumb Code    32  stm32f10x_it.o(i.ETH_IRQHandler)
    ETH_Init                                 0x08000549   Thumb Code   576  stm32_eth.o(i.ETH_Init)
    ETH_MACAddressConfig                     0x080007ad   Thumb Code    46  stm32_eth.o(i.ETH_MACAddressConfig)
    ETH_MACReceptionCmd                      0x080007e1   Thumb Code    30  stm32_eth.o(i.ETH_MACReceptionCmd)
    ETH_MACTransmissionCmd                   0x08000805   Thumb Code    30  stm32_eth.o(i.ETH_MACTransmissionCmd)
    ETH_ReadPHYRegister                      0x08000829   Thumb Code    98  stm32_eth.o(i.ETH_ReadPHYRegister)
    ETH_RxPkt_ChainMode                      0x08000895   Thumb Code   148  ethernetif.o(i.ETH_RxPkt_ChainMode)
    ETH_SoftwareReset                        0x08000931   Thumb Code    14  stm32_eth.o(i.ETH_SoftwareReset)
    ETH_Start                                0x08000945   Thumb Code    32  stm32_eth.o(i.ETH_Start)
    ETH_StructInit                           0x08000965   Thumb Code   164  stm32_eth.o(i.ETH_StructInit)
    ETH_TxPkt_ChainMode                      0x08000a09   Thumb Code    94  ethernetif.o(i.ETH_TxPkt_ChainMode)
    ETH_WritePHYRegister                     0x08000a71   Thumb Code    96  stm32_eth.o(i.ETH_WritePHYRegister)
    GPIO_ETH_MediaInterfaceConfig            0x08000ad9   Thumb Code     6  stm32f10x_gpio.o(i.GPIO_ETH_MediaInterfaceConfig)
    GPIO_Init                                0x08000ae5   Thumb Code   278  stm32f10x_gpio.o(i.GPIO_Init)
    GPIO_PinRemapConfig                      0x08000bfd   Thumb Code   106  stm32f10x_gpio.o(i.GPIO_PinRemapConfig)
    HardFault_Handler                        0x08000c6d   Thumb Code     4  stm32f10x_it.o(i.HardFault_Handler)
    MemManage_Handler                        0x08000c71   Thumb Code     4  stm32f10x_it.o(i.MemManage_Handler)
    NMI_Handler                              0x08000c75   Thumb Code     2  stm32f10x_it.o(i.NMI_Handler)
    NVIC_Init                                0x08000c79   Thumb Code   100  misc.o(i.NVIC_Init)
    NVIC_PriorityGroupConfig                 0x08000ce9   Thumb Code    10  misc.o(i.NVIC_PriorityGroupConfig)
    RCC_AHBPeriphClockCmd                    0x08000cfd   Thumb Code    26  stm32f10x_rcc.o(i.RCC_AHBPeriphClockCmd)
    RCC_AHBPeriphResetCmd                    0x08000d1d   Thumb Code    26  stm32f10x_rcc.o(i.RCC_AHBPeriphResetCmd)
    RCC_APB2PeriphClockCmd                   0x08000d3d   Thumb Code    26  stm32f10x_rcc.o(i.RCC_APB2PeriphClockCmd)
    RCC_GetClocksFreq                        0x08000d5d   Thumb Code   374  stm32f10x_rcc.o(i.RCC_GetClocksFreq)
    RCC_GetFlagStatus                        0x08000eed   Thumb Code    56  stm32f10x_rcc.o(i.RCC_GetFlagStatus)
    RCC_MCOConfig                            0x08000f29   Thumb Code     6  stm32f10x_rcc.o(i.RCC_MCOConfig)
    RCC_PLL3Cmd                              0x08000f35   Thumb Code     6  stm32f10x_rcc.o(i.RCC_PLL3Cmd)
    RCC_PLL3Config                           0x08000f41   Thumb Code    18  stm32f10x_rcc.o(i.RCC_PLL3Config)
    Set_MAC_Address                          0x08001079   Thumb Code    40  ethernetif.o(i.Set_MAC_Address)
    SystemInit                               0x080010a5   Thumb Code    84  system_stm32f10x.o(i.SystemInit)
    TASK_MAIN                                0x08001105   Thumb Code    26  main.o(i.TASK_MAIN)
    UsageFault_Handler                       0x08001125   Thumb Code     4  stm32f10x_it.o(i.UsageFault_Handler)
    __0printf$3                              0x08001129   Thumb Code    22  printf3.o(i.__0printf$3)
    __1printf$3                              0x08001129   Thumb Code     0  printf3.o(i.__0printf$3)
    __2printf                                0x08001129   Thumb Code     0  printf3.o(i.__0printf$3)
    __scatterload_copy                       0x08001149   Thumb Code    14  handlers.o(i.__scatterload_copy)
    __scatterload_null                       0x08001157   Thumb Code     2  handlers.o(i.__scatterload_null)
    __scatterload_zeroinit                   0x08001159   Thumb Code    14  handlers.o(i.__scatterload_zeroinit)
    etharp_input                             0x08001d19   Thumb Code   226  etharp.o(i.etharp_input)
    etharp_output                            0x08001e5d   Thumb Code   360  etharp.o(i.etharp_output)
    etharp_query                             0x080021a5   Thumb Code   484  etharp.o(i.etharp_query)
    etharp_request                           0x080025b1   Thumb Code    22  etharp.o(i.etharp_request)
    etharp_tmr                               0x080025f9   Thumb Code   224  etharp.o(i.etharp_tmr)
    ethernet_init                            0x08002835   Thumb Code    16  drv_ethernet.o(i.ethernet_init)
    ethernet_input                           0x08002845   Thumb Code   216  ethernet.o(i.ethernet_input)
    ethernet_output                          0x08002921   Thumb Code   120  ethernet.o(i.ethernet_output)
    ethernetif_init                          0x08002a19   Thumb Code    86  ethernetif.o(i.ethernetif_init)
    ethernetif_input                         0x08002ad9   Thumb Code    48  ethernetif.o(i.ethernetif_input)
    fputc                                    0x08002b09   Thumb Code    18  fputc.o(i.fputc)
    icmp_dest_unreach                        0x08002b1b   Thumb Code    18  icmp.o(i.icmp_dest_unreach)
    icmp_input                               0x08002b2d   Thumb Code   488  icmp.o(i.icmp_input)
    icmp_time_exceeded                       0x08002ef9   Thumb Code    18  icmp.o(i.icmp_time_exceeded)
    inet_chksum                              0x08002f0b   Thumb Code    20  inet_chksum.o(i.inet_chksum)
    inet_chksum_pbuf                         0x08002f1f   Thumb Code    82  inet_chksum.o(i.inet_chksum_pbuf)
    ip4_addr_isbroadcast_u32                 0x08002f71   Thumb Code    78  ip4_addr.o(i.ip4_addr_isbroadcast_u32)
    ip4_frag                                 0x08002fc1   Thumb Code   504  ip4_frag.o(i.ip4_frag)
    ip4_input                                0x08003271   Thumb Code   512  ip4.o(i.ip4_input)
    ip4_output_if                            0x08003479   Thumb Code    54  ip4.o(i.ip4_output_if)
    ip4_output_if_src                        0x080034b1   Thumb Code   250  ip4.o(i.ip4_output_if_src)
    ip4_reass                                0x0800363d   Thumb Code   488  ip4_frag.o(i.ip4_reass)
    ip4_route                                0x0800382d   Thumb Code   138  ip4.o(i.ip4_route)
    ip_reass_tmr                             0x08003f85   Thumb Code    56  ip4_frag.o(i.ip_reass_tmr)
    lwip_comm_init                           0x080041c1   Thumb Code   480  drv_ethernet.o(i.lwip_comm_init)
    lwip_htonl                               0x080043bd   Thumb Code    26  def.o(i.lwip_htonl)
    lwip_htons                               0x080043d7   Thumb Code    12  def.o(i.lwip_htons)
    lwip_init                                0x080043e5   Thumb Code    68  init.o(i.lwip_init)
    lwip_netconn_do_bind                     0x08004475   Thumb Code   144  api_msg.o(i.lwip_netconn_do_bind)
    lwip_netconn_do_close                    0x08004505   Thumb Code   192  api_msg.o(i.lwip_netconn_do_close)
    lwip_netconn_do_delconn                  0x08004991   Thumb Code   336  api_msg.o(i.lwip_netconn_do_delconn)
    lwip_netconn_do_listen                   0x08004b7d   Thumb Code   284  api_msg.o(i.lwip_netconn_do_listen)
    lwip_netconn_do_newconn                  0x08004c9d   Thumb Code    78  api_msg.o(i.lwip_netconn_do_newconn)
    lwip_netconn_do_recv                     0x08004ceb   Thumb Code   126  api_msg.o(i.lwip_netconn_do_recv)
    lwip_netconn_do_write                    0x08004d69   Thumb Code   210  api_msg.o(i.lwip_netconn_do_write)
    lwip_pkt_handle                          0x08005211   Thumb Code    10  drv_ethernet.o(i.lwip_pkt_handle)
    lwip_standard_chksum                     0x08005221   Thumb Code    94  inet_chksum.o(i.lwip_standard_chksum)
    main                                     0x08005281   Thumb Code    48  main.o(i.main)
    mem_free                                 0x080052c5   Thumb Code   182  mem.o(i.mem_free)
    mem_init                                 0x08005425   Thumb Code   108  mem.o(i.mem_init)
    mem_malloc                               0x08005509   Thumb Code   390  mem.o(i.mem_malloc)
    mem_trim                                 0x08005789   Thumb Code   338  mem.o(i.mem_trim)
    memp_free                                0x0800596d   Thumb Code    54  memp.o(i.memp_free)
    memp_init                                0x08005a0d   Thumb Code    26  memp.o(i.memp_init)
    memp_init_pool                           0x08005a2d   Thumb Code     2  memp.o(i.memp_init_pool)
    memp_malloc                              0x08005a31   Thumb Code    50  memp.o(i.memp_malloc)
    netbuf_data                              0x08005ad1   Thumb Code   118  netbuf.o(i.netbuf_data)
    netbuf_delete                            0x08005be9   Thumb Code    32  netbuf.o(i.netbuf_delete)
    netbuf_next                              0x08005c09   Thumb Code    64  netbuf.o(i.netbuf_next)
    netconn_accept                           0x08005cad   Thumb Code   194  api_lib.o(i.netconn_accept)
    netconn_alloc                            0x08005e01   Thumb Code   152  api_msg.o(i.netconn_alloc)
    netconn_bind                             0x08005f35   Thumb Code    66  api_lib.o(i.netconn_bind)
    netconn_close                            0x08005fe9   Thumb Code    14  api_lib.o(i.netconn_close)
    netconn_delete                           0x080060a9   Thumb Code    48  api_lib.o(i.netconn_delete)
    netconn_free                             0x08006191   Thumb Code   126  api_msg.o(i.netconn_free)
    netconn_listen_with_backlog              0x08006305   Thumb Code    56  api_lib.o(i.netconn_listen_with_backlog)
    netconn_new_with_proto_and_callback      0x080063ad   Thumb Code   200  api_lib.o(i.netconn_new_with_proto_and_callback)
    netconn_recv                             0x08006541   Thumb Code   180  api_lib.o(i.netconn_recv)
    netconn_write_partly                     0x08006895   Thumb Code   178  api_lib.o(i.netconn_write_partly)
    netif_add                                0x080069d9   Thumb Code   156  netif.o(i.netif_add)
    netif_init                               0x08006add   Thumb Code     2  netif.o(i.netif_init)
    netif_set_addr                           0x08006b03   Thumb Code    72  netif.o(i.netif_set_addr)
    netif_set_default                        0x08006b4d   Thumb Code    10  netif.o(i.netif_set_default)
    netif_set_gw                             0x08006b5d   Thumb Code    16  netif.o(i.netif_set_gw)
    netif_set_ipaddr                         0x08006b6d   Thumb Code    80  netif.o(i.netif_set_ipaddr)
    netif_set_netmask                        0x08006bc1   Thumb Code    16  netif.o(i.netif_set_netmask)
    netif_set_up                             0x08006bd1   Thumb Code    44  netif.o(i.netif_set_up)
    pbuf_alloc                               0x08006bfd   Thumb Code   668  pbuf.o(i.pbuf_alloc)
    pbuf_alloced_custom                      0x08007021   Thumb Code   150  pbuf.o(i.pbuf_alloced_custom)
    pbuf_cat                                 0x08007125   Thumb Code   126  pbuf.o(i.pbuf_cat)
    pbuf_clen                                0x08007265   Thumb Code    18  pbuf.o(i.pbuf_clen)
    pbuf_copy                                0x08007279   Thumb Code   322  pbuf.o(i.pbuf_copy)
    pbuf_copy_partial                        0x080074a5   Thumb Code   182  pbuf.o(i.pbuf_copy_partial)
    pbuf_free                                0x080075e9   Thumb Code   272  pbuf.o(i.pbuf_free)
    pbuf_header                              0x080077a1   Thumb Code    18  pbuf.o(i.pbuf_header)
    pbuf_header_force                        0x080077b3   Thumb Code    18  pbuf.o(i.pbuf_header_force)
    pbuf_realloc                             0x08007925   Thumb Code   256  pbuf.o(i.pbuf_realloc)
    pbuf_ref                                 0x08007ae9   Thumb Code    60  pbuf.o(i.pbuf_ref)
    pvPortMalloc                             0x080083c9   Thumb Code   166  heap_2.o(i.pvPortMalloc)
    pxPortInitialiseStack                    0x08008481   Thumb Code    30  port.o(i.pxPortInitialiseStack)
    sys_arch_mbox_fetch                      0x080088c5   Thumb Code    88  sys_arch.o(i.sys_arch_mbox_fetch)
    sys_arch_mbox_tryfetch                   0x0800891d   Thumb Code    18  sys_arch.o(i.sys_arch_mbox_tryfetch)
    sys_arch_protect                         0x0800892f   Thumb Code    10  sys_arch.o(i.sys_arch_protect)
    sys_arch_sem_wait                        0x08008939   Thumb Code    72  sys_arch.o(i.sys_arch_sem_wait)
    sys_arch_unprotect                       0x08008981   Thumb Code    10  sys_arch.o(i.sys_arch_unprotect)
    sys_init                                 0x080089f9   Thumb Code     2  sys_arch.o(i.sys_init)
    sys_mbox_free                            0x080089fb   Thumb Code    16  sys_arch.o(i.sys_mbox_free)
    sys_mbox_new                             0x08008a0b   Thumb Code    32  sys_arch.o(i.sys_mbox_new)
    sys_mbox_post                            0x08008a2b   Thumb Code    24  sys_arch.o(i.sys_mbox_post)
    sys_mbox_set_invalid                     0x08008a43   Thumb Code     6  sys_arch.o(i.sys_mbox_set_invalid)
    sys_mbox_trypost                         0x08008a49   Thumb Code    30  sys_arch.o(i.sys_mbox_trypost)
    sys_mbox_valid                           0x08008a67   Thumb Code    14  sys_arch.o(i.sys_mbox_valid)
    sys_now                                  0x08008a75   Thumb Code     8  sys_arch.o(i.sys_now)
    sys_sem_free                             0x08008a7d   Thumb Code    16  sys_arch.o(i.sys_sem_free)
    sys_sem_new                              0x08008a8d   Thumb Code    44  sys_arch.o(i.sys_sem_new)
    sys_sem_set_invalid                      0x08008ab9   Thumb Code     6  sys_arch.o(i.sys_sem_set_invalid)
    sys_sem_signal                           0x08008abf   Thumb Code    18  sys_arch.o(i.sys_sem_signal)
    sys_sem_valid                            0x08008ad1   Thumb Code    14  sys_arch.o(i.sys_sem_valid)
    sys_thread_new                           0x08008adf   Thumb Code    50  sys_arch.o(i.sys_thread_new)
    sys_timeout                              0x08008b11   Thumb Code   226  timeouts.o(i.sys_timeout)
    sys_timeouts_init                        0x08008c89   Thumb Code    38  timeouts.o(i.sys_timeouts_init)
    sys_timeouts_mbox_fetch                  0x08008cbd   Thumb Code    58  timeouts.o(i.sys_timeouts_mbox_fetch)
    tcp_abandon                              0x08008d35   Thumb Code   248  tcp.o(i.tcp_abandon)
    tcp_abort                                0x08008eb9   Thumb Code    14  tcp.o(i.tcp_abort)
    tcp_accept                               0x08008ec7   Thumb Code    16  tcp.o(i.tcp_accept)
    tcp_alloc                                0x08008eed   Thumb Code   184  tcp.o(i.tcp_alloc)
    tcp_arg                                  0x08008fb5   Thumb Code     6  tcp.o(i.tcp_arg)
    tcp_bind                                 0x08008fbd   Thumb Code   184  tcp.o(i.tcp_bind)
    tcp_close                                0x080090f1   Thumb Code    32  tcp.o(i.tcp_close)
    tcp_eff_send_mss_impl                    0x08009515   Thumb Code    58  tcp.o(i.tcp_eff_send_mss_impl)
    tcp_enqueue_flags                        0x08009551   Thumb Code   412  tcp_out.o(i.tcp_enqueue_flags)
    tcp_err                                  0x080097e5   Thumb Code    44  tcp.o(i.tcp_err)
    tcp_fasttmr                              0x08009881   Thumb Code   138  tcp.o(i.tcp_fasttmr)
    tcp_init                                 0x08009971   Thumb Code     2  tcp.o(i.tcp_init)
    tcp_input                                0x08009975   Thumb Code  1870  tcp_in.o(i.tcp_input)
    tcp_keepalive                            0x0800a155   Thumb Code   114  tcp_out.o(i.tcp_keepalive)
    tcp_listen_with_backlog_and_err          0x0800a53d   Thumb Code   212  tcp.o(i.tcp_listen_with_backlog_and_err)
    tcp_netif_ip_addr_changed                0x0800a689   Thumb Code    70  tcp.o(i.tcp_netif_ip_addr_changed)
    tcp_new_ip_type                          0x0800a70b   Thumb Code    16  tcp.o(i.tcp_new_ip_type)
    tcp_next_iss                             0x0800a785   Thumb Code    22  tcp.o(i.tcp_next_iss)
    tcp_output                               0x0800a7a5   Thumb Code   642  tcp_out.o(i.tcp_output)
    tcp_pcb_purge                            0x0800ae3d   Thumb Code    88  tcp.o(i.tcp_pcb_purge)
    tcp_pcb_remove                           0x0800ae95   Thumb Code   164  tcp.o(i.tcp_pcb_remove)
    tcp_poll                                 0x0800afb5   Thumb Code    44  tcp.o(i.tcp_poll)
    tcp_process_refused_data                 0x0800b745   Thumb Code   152  tcp.o(i.tcp_process_refused_data)
    tcp_recv                                 0x0800c0c1   Thumb Code    42  tcp.o(i.tcp_recv)
    tcp_recv_null                            0x0800c15d   Thumb Code    46  tcp.o(i.tcp_recv_null)
    tcp_recved                               0x0800c18d   Thumb Code   142  tcp.o(i.tcp_recved)
    tcp_rexmit                               0x0800c2c9   Thumb Code    98  tcp_out.o(i.tcp_rexmit)
    tcp_rexmit_fast                          0x0800c32b   Thumb Code   118  tcp_out.o(i.tcp_rexmit_fast)
    tcp_rexmit_rto                           0x0800c3a1   Thumb Code    76  tcp_out.o(i.tcp_rexmit_rto)
    tcp_rst                                  0x0800c3ed   Thumb Code   168  tcp_out.o(i.tcp_rst)
    tcp_seg_free                             0x0800c511   Thumb Code    26  tcp.o(i.tcp_seg_free)
    tcp_segs_free                            0x0800c52b   Thumb Code    24  tcp.o(i.tcp_segs_free)
    tcp_send_empty_ack                       0x0800c543   Thumb Code   126  tcp_out.o(i.tcp_send_empty_ack)
    tcp_send_fin                             0x0800c5c1   Thumb Code    74  tcp_out.o(i.tcp_send_fin)
    tcp_sent                                 0x0800c60d   Thumb Code    42  tcp.o(i.tcp_sent)
    tcp_shutdown                             0x0800c6a9   Thumb Code    98  tcp.o(i.tcp_shutdown)
    tcp_slowtmr                              0x0800c70d   Thumb Code  1428  tcp.o(i.tcp_slowtmr)
    tcp_timer_needed                         0x0800cd29   Thumb Code    38  timeouts.o(i.tcp_timer_needed)
    tcp_tmr                                  0x0800ce05   Thumb Code    30  tcp.o(i.tcp_tmr)
    tcp_trigger_input_pcb_close              0x0800ce29   Thumb Code    14  tcp_in.o(i.tcp_trigger_input_pcb_close)
    tcp_update_rcv_ann_wnd                   0x0800ce3d   Thumb Code   102  tcp.o(i.tcp_update_rcv_ann_wnd)
    tcp_write                                0x0800cf09   Thumb Code  2016  tcp_out.o(i.tcp_write)
    tcp_zero_window_probe                    0x0800d931   Thumb Code   246  tcp_out.o(i.tcp_zero_window_probe)
    tcpecho_init                             0x0800da29   Thumb Code    22  tcpecho.o(i.tcpecho_init)
    tcpip_init                               0x0800db51   Thumb Code    72  tcpip.o(i.tcpip_init)
    tcpip_send_msg_wait_sem                  0x0800dc25   Thumb Code   100  tcpip.o(i.tcpip_send_msg_wait_sem)
    udp_bind                                 0x0800de7d   Thumb Code   170  udp.o(i.udp_bind)
    udp_init                                 0x0800df31   Thumb Code     2  udp.o(i.udp_init)
    udp_input                                0x0800df35   Thumb Code   384  udp.o(i.udp_input)
    udp_netif_ip_addr_changed                0x0800e161   Thumb Code    42  udp.o(i.udp_netif_ip_addr_changed)
    udp_new                                  0x0800e191   Thumb Code    28  udp.o(i.udp_new)
    udp_new_ip_type                          0x0800e1ad   Thumb Code    14  udp.o(i.udp_new_ip_type)
    udp_recv                                 0x0800e215   Thumb Code     6  udp.o(i.udp_recv)
    udp_remove                               0x0800e21d   Thumb Code    64  udp.o(i.udp_remove)
    uxListRemove                             0x0800e261   Thumb Code    40  list.o(i.uxListRemove)
    vListInitialise                          0x0800e289   Thumb Code    26  list.o(i.vListInitialise)
    vListInitialiseItem                      0x0800e2a3   Thumb Code     6  list.o(i.vListInitialiseItem)
    vListInsert                              0x0800e2a9   Thumb Code    52  list.o(i.vListInsert)
    vListInsertEnd                           0x0800e2dd   Thumb Code    24  list.o(i.vListInsertEnd)
    vPortEnterCritical                       0x0800e2f5   Thumb Code    30  port.o(i.vPortEnterCritical)
    vPortExitCritical                        0x0800e319   Thumb Code    28  port.o(i.vPortExitCritical)
    vPortFree                                0x0800e339   Thumb Code    56  heap_2.o(i.vPortFree)
    vPortSetupTimerInterrupt                 0x0800e379   Thumb Code    20  port.o(i.vPortSetupTimerInterrupt)
    vQueueDelete                             0x0800e391   Thumb Code    14  queue.o(i.vQueueDelete)
    vTaskInternalSetTimeOutState             0x0800e3a1   Thumb Code    14  tasks.o(i.vTaskInternalSetTimeOutState)
    vTaskMissedYield                         0x0800e3b9   Thumb Code     8  tasks.o(i.vTaskMissedYield)
    vTaskPlaceOnEventList                    0x0800e3c5   Thumb Code    28  tasks.o(i.vTaskPlaceOnEventList)
    vTaskStartScheduler                      0x0800e3e5   Thumb Code    72  tasks.o(i.vTaskStartScheduler)
    vTaskSuspendAll                          0x0800e449   Thumb Code    12  tasks.o(i.vTaskSuspendAll)
    vTaskSwitchContext                       0x0800e459   Thumb Code    76  tasks.o(i.vTaskSwitchContext)
    xPortStartScheduler                      0x0800e4b9   Thumb Code    42  port.o(i.xPortStartScheduler)
    xPortSysTickHandler                      0x0800e4ed   Thumb Code    46  port.o(i.xPortSysTickHandler)
    xQueueCreateCountingSemaphore            0x0800e521   Thumb Code    26  queue.o(i.xQueueCreateCountingSemaphore)
    xQueueGenericCreate                      0x0800e53b   Thumb Code    56  queue.o(i.xQueueGenericCreate)
    xQueueGenericReset                       0x0800e575   Thumb Code   122  queue.o(i.xQueueGenericReset)
    xQueueGenericSend                        0x0800e5f5   Thumb Code   276  queue.o(i.xQueueGenericSend)
    xQueueReceive                            0x0800e70d   Thumb Code   256  queue.o(i.xQueueReceive)
    xQueueSemaphoreTake                      0x0800e811   Thumb Code   234  queue.o(i.xQueueSemaphoreTake)
    xTaskCheckForTimeOut                     0x0800e901   Thumb Code    84  tasks.o(i.xTaskCheckForTimeOut)
    xTaskCreate                              0x0800e95d   Thumb Code    96  tasks.o(i.xTaskCreate)
    xTaskGetTickCount                        0x0800e9bd   Thumb Code     6  tasks.o(i.xTaskGetTickCount)
    xTaskIncrementTick                       0x0800e9c9   Thumb Code   238  tasks.o(i.xTaskIncrementTick)
    xTaskRemoveFromEventList                 0x0800eae5   Thumb Code   104  tasks.o(i.xTaskRemoveFromEventList)
    xTaskResumeAll                           0x0800eb65   Thumb Code   196  tasks.o(i.xTaskResumeAll)
    ethbroadcast                             0x0800ec4c   Data           6  ethernet.o(.constdata)
    ethzero                                  0x0800ec52   Data           6  ethernet.o(.constdata)
    memp_UDP_PCB                             0x0800ec58   Data           8  memp.o(.constdata)
    memp_TCP_PCB                             0x0800ec60   Data           8  memp.o(.constdata)
    memp_TCP_PCB_LISTEN                      0x0800ec68   Data           8  memp.o(.constdata)
    memp_TCP_SEG                             0x0800ec70   Data           8  memp.o(.constdata)
    memp_REASSDATA                           0x0800ec78   Data           8  memp.o(.constdata)
    memp_FRAG_PBUF                           0x0800ec80   Data           8  memp.o(.constdata)
    memp_NETBUF                              0x0800ec88   Data           8  memp.o(.constdata)
    memp_NETCONN                             0x0800ec90   Data           8  memp.o(.constdata)
    memp_TCPIP_MSG_API                       0x0800ec98   Data           8  memp.o(.constdata)
    memp_TCPIP_MSG_INPKT                     0x0800eca0   Data           8  memp.o(.constdata)
    memp_SYS_TIMEOUT                         0x0800eca8   Data           8  memp.o(.constdata)
    memp_PBUF                                0x0800ecb0   Data           8  memp.o(.constdata)
    memp_PBUF_POOL                           0x0800ecb8   Data           8  memp.o(.constdata)
    memp_pools                               0x0800ecc0   Data          52  memp.o(.constdata)
    tcp_pcb_lists                            0x0800ed34   Data          16  tcp.o(.constdata)
    lwip_cyclic_timers                       0x0800ed44   Data          24  timeouts.o(.constdata)
    ip_addr_any                              0x0800ed5c   Data           4  ip4_addr.o(.constdata)
    ip_addr_broadcast                        0x0800ed60   Data           4  ip4_addr.o(.constdata)
    Region$$Table$$Base                      0x0800ef4c   Number         0  anon$$obj.o(Region$$Table)
    Region$$Table$$Limit                     0x0800ef6c   Number         0  anon$$obj.o(Region$$Table)
    x_Handle_MAIN                            0x20000000   Data           4  main.o(.data)
    x_Handle_TcpEcho                         0x20000004   Data           4  main.o(.data)
    IP                                       0x20000008   Data           4  drv_ethernet.o(.data)
    NETMASK                                  0x2000000c   Data           4  drv_ethernet.o(.data)
    GATEWAY                                  0x20000010   Data           4  drv_ethernet.o(.data)
    MACData                                  0x20000014   Data           6  drv_ethernet.o(.data)
    TCPTimer                                 0x2000001c   Data           4  drv_ethernet.o(.data)
    ARPTimer                                 0x20000020   Data           4  drv_ethernet.o(.data)
    lwip_localtime                           0x20000024   Data           4  drv_ethernet.o(.data)
    pxCurrentTCB                             0x20000044   Data           4  tasks.o(.data)
    DMATxDescToSet                           0x20000094   Data           4  stm32_eth.o(.data)
    DMARxDescToGet                           0x20000098   Data           4  stm32_eth.o(.data)
    DMAPTPTxDescToSet                        0x2000009c   Data           4  stm32_eth.o(.data)
    DMAPTPRxDescToGet                        0x200000a0   Data           4  stm32_eth.o(.data)
    tcp_end_time                             0x200000a4   Data           4  ethernetif.o(.data)
    arp_end_time                             0x200000a8   Data           4  ethernetif.o(.data)
    MACaddr                                  0x200000ac   Data           6  ethernetif.o(.data)
    DMATxDesc                                0x200000b4   Data           4  ethernetif.o(.data)
    netif_list                               0x200000c8   Data           4  netif.o(.data)
    netif_default                            0x200000cc   Data           4  netif.o(.data)
    tcp_ticks                                0x200000d8   Data           4  tcp.o(.data)
    tcp_bound_pcbs                           0x200000dc   Data           4  tcp.o(.data)
    tcp_listen_pcbs                          0x200000e0   Data           4  tcp.o(.data)
    tcp_active_pcbs                          0x200000e4   Data           4  tcp.o(.data)
    tcp_tw_pcbs                              0x200000e8   Data           4  tcp.o(.data)
    tcp_active_pcbs_changed                  0x200000ec   Data           1  tcp.o(.data)
    tcp_input_pcb                            0x20000118   Data           4  tcp_in.o(.data)
    udp_pcbs                                 0x2000012c   Data           4  udp.o(.data)
    netconn_aborted                          0x2000013a   Data           1  api_msg.o(.data)
    __stdout                                 0x20000148   Data           4  stdout.o(.data)
    lwip_netif                               0x2000014c   Data          48  drv_ethernet.o(.bss)
    DMARxDscrTab                             0x20005244   Data          64  ethernetif.o(.bss)
    DMATxDscrTab                             0x20005284   Data          64  ethernetif.o(.bss)
    Rx_Buff                                  0x200052c4   Data        6080  ethernetif.o(.bss)
    Tx_Buff                                  0x20006a84   Data        6080  ethernetif.o(.bss)
    ip_data                                  0x20008244   Data          24  ip.o(.bss)
    ram_heap                                 0x2000825c   Data       15379  mem.o(.bss)
    __initial_sp                             0x2000c378   Data           0  startup_stm32f10x_cl.o(STACK)



==============================================================================

Memory Map of the image

  Image Entry point : 0x08000151

  Load Region LR_IROM1 (Base: 0x08000000, Size: 0x0000f0b8, Max: 0x00040000, ABSOLUTE, COMPRESSED[0x0000efa8])

    Execution Region ER_IROM1 (Base: 0x08000000, Size: 0x0000ef6c, Max: 0x00040000, ABSOLUTE)

    Base Addr    Size         Type   Attr      Idx    E Section Name        Object

    0x08000000   0x00000150   Data   RO         3430    RESET               startup_stm32f10x_cl.o
    0x08000150   0x00000000   Code   RO         5957  * .ARM.Collect$$$$00000000  mc_w.l(entry.o)
    0x08000150   0x00000004   Code   RO         6233    .ARM.Collect$$$$00000001  mc_w.l(entry2.o)
    0x08000154   0x00000004   Code   RO         6236    .ARM.Collect$$$$00000004  mc_w.l(entry5.o)
    0x08000158   0x00000000   Code   RO         6238    .ARM.Collect$$$$00000008  mc_w.l(entry7b.o)
    0x08000158   0x00000000   Code   RO         6240    .ARM.Collect$$$$0000000A  mc_w.l(entry8b.o)
    0x08000158   0x00000008   Code   RO         6241    .ARM.Collect$$$$0000000B  mc_w.l(entry9a.o)
    0x08000160   0x00000000   Code   RO         6243    .ARM.Collect$$$$0000000D  mc_w.l(entry10a.o)
    0x08000160   0x00000000   Code   RO         6245    .ARM.Collect$$$$0000000F  mc_w.l(entry11a.o)
    0x08000160   0x00000004   Code   RO         6234    .ARM.Collect$$$$00002712  mc_w.l(entry2.o)
    0x08000164   0x00000096   Code   RO          539    .emb_text           port.o
    0x080001fa   0x00000002   PAD
    0x080001fc   0x00000024   Code   RO         3431    .text               startup_stm32f10x_cl.o
    0x08000220   0x00000024   Code   RO         5960    .text               mc_w.l(memcpya.o)
    0x08000244   0x00000024   Code   RO         5962    .text               mc_w.l(memseta.o)
    0x08000268   0x0000001a   Code   RO         5966    .text               mc_w.l(memcmp.o)
    0x08000282   0x0000002c   Code   RO         6250    .text               mc_w.l(uidiv.o)
    0x080002ae   0x00000002   PAD
    0x080002b0   0x00000024   Code   RO         6265    .text               mc_w.l(init.o)
    0x080002d4   0x00000000   Code   RO         6267    .text               mc_w.l(semi.o)
    0x080002d4   0x00000000   Code   RO         6274    .text               mc_w.l(iusesemip.o)
    0x080002d4   0x00000056   Code   RO         6285    .text               mc_w.l(__dczerorl2.o)
    0x0800032a   0x00000004   Code   RO          270    i.BusFault_Handler  stm32f10x_it.o
    0x0800032e   0x00000002   Code   RO          271    i.DebugMon_Handler  stm32f10x_it.o
    0x08000330   0x0000000c   Code   RO         2756    i.ETH_DMAClearITPendingBit  stm32_eth.o
    0x0800033c   0x00000020   Code   RO         2757    i.ETH_DMAITConfig   stm32_eth.o
    0x0800035c   0x00000024   Code   RO         2760    i.ETH_DMAReceptionCmd  stm32_eth.o
    0x08000380   0x00000054   Code   RO         2761    i.ETH_DMARxDescChainInit  stm32_eth.o
    0x080003d4   0x00000016   Code   RO         2763    i.ETH_DMARxDescReceiveITConfig  stm32_eth.o
    0x080003ea   0x00000002   PAD
    0x080003ec   0x00000024   Code   RO         2766    i.ETH_DMATransmissionCmd  stm32_eth.o
    0x08000410   0x00000050   Code   RO         2769    i.ETH_DMATxDescChainInit  stm32_eth.o
    0x08000460   0x00000008   Code   RO         2770    i.ETH_DMATxDescChecksumInsertionConfig  stm32_eth.o
    0x08000468   0x00000016   Code   RO         2778    i.ETH_DeInit        stm32_eth.o
    0x0800047e   0x0000001c   Code   RO         2779    i.ETH_Delay         stm32_eth.o
    0x0800049a   0x00000002   PAD
    0x0800049c   0x00000014   Code   RO         2784    i.ETH_FlushTransmitFIFO  stm32_eth.o
    0x080004b0   0x0000000c   Code   RO         3669    i.ETH_GetCurrentTxBuffer  ethernetif.o
    0x080004bc   0x0000000a   Code   RO         2795    i.ETH_GetDMARxDescFrameLength  stm32_eth.o
    0x080004c6   0x00000002   PAD
    0x080004c8   0x00000048   Code   RO         2810    i.ETH_GetRxPktSize  stm32_eth.o
    0x08000510   0x00000018   Code   RO         2811    i.ETH_GetSoftwareResetStatus  stm32_eth.o
    0x08000528   0x00000020   Code   RO          272    i.ETH_IRQHandler    stm32f10x_it.o
    0x08000548   0x00000264   Code   RO         2818    i.ETH_Init          stm32_eth.o
    0x080007ac   0x00000034   Code   RO         2821    i.ETH_MACAddressConfig  stm32_eth.o
    0x080007e0   0x00000024   Code   RO         2826    i.ETH_MACReceptionCmd  stm32_eth.o
    0x08000804   0x00000024   Code   RO         2827    i.ETH_MACTransmissionCmd  stm32_eth.o
    0x08000828   0x0000006c   Code   RO         2838    i.ETH_ReadPHYRegister  stm32_eth.o
    0x08000894   0x0000009c   Code   RO         3670    i.ETH_RxPkt_ChainMode  ethernetif.o
    0x08000930   0x00000014   Code   RO         2849    i.ETH_SoftwareReset  stm32_eth.o
    0x08000944   0x00000020   Code   RO         2850    i.ETH_Start         stm32_eth.o
    0x08000964   0x000000a4   Code   RO         2851    i.ETH_StructInit    stm32_eth.o
    0x08000a08   0x00000068   Code   RO         3671    i.ETH_TxPkt_ChainMode  ethernetif.o
    0x08000a70   0x00000068   Code   RO         2853    i.ETH_WritePHYRegister  stm32_eth.o
    0x08000ad8   0x0000000c   Code   RO         1372    i.GPIO_ETH_MediaInterfaceConfig  stm32f10x_gpio.o
    0x08000ae4   0x00000116   Code   RO         1376    i.GPIO_Init         stm32f10x_gpio.o
    0x08000bfa   0x00000002   PAD
    0x08000bfc   0x00000070   Code   RO         1378    i.GPIO_PinRemapConfig  stm32f10x_gpio.o
    0x08000c6c   0x00000004   Code   RO          273    i.HardFault_Handler  stm32f10x_it.o
    0x08000c70   0x00000004   Code   RO          274    i.MemManage_Handler  stm32f10x_it.o
    0x08000c74   0x00000002   Code   RO          275    i.NMI_Handler       stm32f10x_it.o
    0x08000c76   0x00000002   PAD
    0x08000c78   0x00000070   Code   RO         1065    i.NVIC_Init         misc.o
    0x08000ce8   0x00000014   Code   RO         1066    i.NVIC_PriorityGroupConfig  misc.o
    0x08000cfc   0x00000020   Code   RO         1545    i.RCC_AHBPeriphClockCmd  stm32f10x_rcc.o
    0x08000d1c   0x00000020   Code   RO         1546    i.RCC_AHBPeriphResetCmd  stm32f10x_rcc.o
    0x08000d3c   0x00000020   Code   RO         1549    i.RCC_APB2PeriphClockCmd  stm32f10x_rcc.o
    0x08000d5c   0x00000190   Code   RO         1557    i.RCC_GetClocksFreq  stm32f10x_rcc.o
    0x08000eec   0x0000003c   Code   RO         1558    i.RCC_GetFlagStatus  stm32f10x_rcc.o
    0x08000f28   0x0000000c   Code   RO         1569    i.RCC_MCOConfig     stm32f10x_rcc.o
    0x08000f34   0x0000000c   Code   RO         1575    i.RCC_PLL3Cmd       stm32f10x_rcc.o
    0x08000f40   0x00000018   Code   RO         1576    i.RCC_PLL3Config    stm32f10x_rcc.o
    0x08000f58   0x00000008   Code   RO         3372    i.SetSysClock       system_stm32f10x.o
    0x08000f60   0x00000118   Code   RO         3373    i.SetSysClockTo72   system_stm32f10x.o
    0x08001078   0x0000002c   Code   RO         3672    i.Set_MAC_Address   ethernetif.o
    0x080010a4   0x00000060   Code   RO         3375    i.SystemInit        system_stm32f10x.o
    0x08001104   0x00000020   Code   RO            1    i.TASK_MAIN         main.o
    0x08001124   0x00000004   Code   RO          279    i.UsageFault_Handler  stm32f10x_it.o
    0x08001128   0x00000020   Code   RO         6061    i.__0printf$3       mc_w.l(printf3.o)
    0x08001148   0x0000000e   Code   RO         6279    i.__scatterload_copy  mc_w.l(handlers.o)
    0x08001156   0x00000002   Code   RO         6280    i.__scatterload_null  mc_w.l(handlers.o)
    0x08001158   0x0000000e   Code   RO         6281    i.__scatterload_zeroinit  mc_w.l(handlers.o)
    0x08001166   0x00000002   PAD
    0x08001168   0x000001b8   Code   RO         6068    i._printf_core      mc_w.l(printf3.o)
    0x08001320   0x000000f8   Code   RO         5575    i.accept_function   api_msg.o
    0x08001418   0x0000001c   Code   RO         4822    i.cyclic_timer      timeouts.o
    0x08001434   0x000000a4   Code   RO         3984    i.do_memp_free_pool  memp.o
    0x080014d8   0x000000c0   Code   RO         3985    i.do_memp_malloc_pool  memp.o
    0x08001598   0x000000b8   Code   RO          342    i.drv_ETH_Configuration  drv_ethernet.o
    0x08001650   0x00000128   Code   RO          343    i.drv_ETH_GPIO_Configuration  drv_ethernet.o
    0x08001778   0x00000020   Code   RO          344    i.drv_ETH_NVIC_Configuration  drv_ethernet.o
    0x08001798   0x0000021c   Code   RO         5576    i.err_tcp           api_msg.o
    0x080019b4   0x000002ec   Code   RO         5023    i.etharp_find_entry  etharp.o
    0x08001ca0   0x00000078   Code   RO         5024    i.etharp_free_entry  etharp.o
    0x08001d18   0x00000144   Code   RO         5026    i.etharp_input      etharp.o
    0x08001e5c   0x000001f0   Code   RO         5027    i.etharp_output     etharp.o
    0x0800204c   0x00000158   Code   RO         5028    i.etharp_output_to_arp_index  etharp.o
    0x080021a4   0x0000028c   Code   RO         5029    i.etharp_query      etharp.o
    0x08002430   0x00000180   Code   RO         5030    i.etharp_raw        etharp.o
    0x080025b0   0x0000001c   Code   RO         5031    i.etharp_request    etharp.o
    0x080025cc   0x0000002c   Code   RO         5032    i.etharp_request_dst  etharp.o
    0x080025f8   0x000000e4   Code   RO         5033    i.etharp_tmr        etharp.o
    0x080026dc   0x00000158   Code   RO         5034    i.etharp_update_arp_entry  etharp.o
    0x08002834   0x00000010   Code   RO          345    i.ethernet_init     drv_ethernet.o
    0x08002844   0x000000dc   Code   RO         3631    i.ethernet_input    ethernet.o
    0x08002920   0x000000f8   Code   RO         3632    i.ethernet_output   ethernet.o
    0x08002a18   0x000000c0   Code   RO         3673    i.ethernetif_init   ethernetif.o
    0x08002ad8   0x00000030   Code   RO         3674    i.ethernetif_input  ethernetif.o
    0x08002b08   0x00000012   Code   RO         6247    i.fputc             mc_w.l(fputc.o)
    0x08002b1a   0x00000012   Code   RO         5112    i.icmp_dest_unreach  icmp.o
    0x08002b2c   0x000002a4   Code   RO         5113    i.icmp_input        icmp.o
    0x08002dd0   0x00000128   Code   RO         5114    i.icmp_send_response  icmp.o
    0x08002ef8   0x00000012   Code   RO         5115    i.icmp_time_exceeded  icmp.o
    0x08002f0a   0x00000014   Code   RO         3786    i.inet_chksum       inet_chksum.o
    0x08002f1e   0x00000052   Code   RO         3787    i.inet_chksum_pbuf  inet_chksum.o
    0x08002f70   0x0000004e   Code   RO         5195    i.ip4_addr_isbroadcast_u32  ip4_addr.o
    0x08002fbe   0x00000002   PAD
    0x08002fc0   0x000002b0   Code   RO         5248    i.ip4_frag          ip4_frag.o
    0x08003270   0x00000208   Code   RO         5154    i.ip4_input         ip4.o
    0x08003478   0x00000036   Code   RO         5156    i.ip4_output_if     ip4.o
    0x080034ae   0x00000002   PAD
    0x080034b0   0x0000018c   Code   RO         5157    i.ip4_output_if_src  ip4.o
    0x0800363c   0x000001f0   Code   RO         5249    i.ip4_reass         ip4_frag.o
    0x0800382c   0x00000094   Code   RO         5158    i.ip4_route         ip4.o
    0x080038c0   0x0000000a   Code   RO         5250    i.ip_frag_alloc_pbuf_custom_ref  ip4_frag.o
    0x080038ca   0x00000002   PAD
    0x080038cc   0x00000084   Code   RO         5251    i.ip_frag_free_pbuf_custom_ref  ip4_frag.o
    0x08003950   0x000002e4   Code   RO         5252    i.ip_reass_chain_frag_into_datagram_and_validate  ip4_frag.o
    0x08003c34   0x000000ac   Code   RO         5253    i.ip_reass_dequeue_datagram  ip4_frag.o
    0x08003ce0   0x00000058   Code   RO         5254    i.ip_reass_enqueue_new_datagram  ip4_frag.o
    0x08003d38   0x000001c4   Code   RO         5255    i.ip_reass_free_complete_datagram  ip4_frag.o
    0x08003efc   0x00000088   Code   RO         5256    i.ip_reass_remove_oldest_datagram  ip4_frag.o
    0x08003f84   0x0000003c   Code   RO         5257    i.ip_reass_tmr      ip4_frag.o
    0x08003fc0   0x000000b4   Code   RO         5258    i.ipfrag_free_pbuf_custom  ip4_frag.o
    0x08004074   0x000000a4   Code   RO         3675    i.low_level_init    ethernetif.o
    0x08004118   0x00000074   Code   RO         3676    i.low_level_input   ethernetif.o
    0x0800418c   0x00000034   Code   RO         3677    i.low_level_output  ethernetif.o
    0x080041c0   0x000001fc   Code   RO          346    i.lwip_comm_init    drv_ethernet.o
    0x080043bc   0x0000001a   Code   RO         3734    i.lwip_htonl        def.o
    0x080043d6   0x0000000c   Code   RO         3735    i.lwip_htons        def.o
    0x080043e2   0x00000002   PAD
    0x080043e4   0x00000090   Code   RO         3847    i.lwip_init         init.o
    0x08004474   0x00000090   Code   RO         5577    i.lwip_netconn_do_bind  api_msg.o
    0x08004504   0x00000128   Code   RO         5578    i.lwip_netconn_do_close  api_msg.o
    0x0800462c   0x00000364   Code   RO         5579    i.lwip_netconn_do_close_internal  api_msg.o
    0x08004990   0x000001ec   Code   RO         5582    i.lwip_netconn_do_delconn  api_msg.o
    0x08004b7c   0x00000120   Code   RO         5585    i.lwip_netconn_do_listen  api_msg.o
    0x08004c9c   0x0000004e   Code   RO         5586    i.lwip_netconn_do_newconn  api_msg.o
    0x08004cea   0x0000007e   Code   RO         5587    i.lwip_netconn_do_recv  api_msg.o
    0x08004d68   0x00000150   Code   RO         5589    i.lwip_netconn_do_write  api_msg.o
    0x08004eb8   0x00000358   Code   RO         5590    i.lwip_netconn_do_writemore  api_msg.o
    0x08005210   0x00000010   Code   RO          348    i.lwip_pkt_handle   drv_ethernet.o
    0x08005220   0x0000005e   Code   RO         3794    i.lwip_standard_chksum  inet_chksum.o
    0x0800527e   0x00000002   PAD
    0x08005280   0x00000044   Code   RO            2    i.main              main.o
    0x080052c4   0x00000160   Code   RO         3924    i.mem_free          mem.o
    0x08005424   0x000000e4   Code   RO         3925    i.mem_init          mem.o
    0x08005508   0x00000280   Code   RO         3926    i.mem_malloc        mem.o
    0x08005788   0x000001e4   Code   RO         3927    i.mem_trim          mem.o
    0x0800596c   0x000000a0   Code   RO         3986    i.memp_free         memp.o
    0x08005a0c   0x00000020   Code   RO         3988    i.memp_init         memp.o
    0x08005a2c   0x00000002   Code   RO         3989    i.memp_init_pool    memp.o
    0x08005a2e   0x00000002   PAD
    0x08005a30   0x000000a0   Code   RO         3990    i.memp_malloc       memp.o
    0x08005ad0   0x00000118   Code   RO         5776    i.netbuf_data       netbuf.o
    0x08005be8   0x00000020   Code   RO         5777    i.netbuf_delete     netbuf.o
    0x08005c08   0x000000a4   Code   RO         5781    i.netbuf_next       netbuf.o
    0x08005cac   0x00000154   Code   RO         5443    i.netconn_accept    api_lib.o
    0x08005e00   0x0000010c   Code   RO         5591    i.netconn_alloc     api_msg.o
    0x08005f0c   0x00000026   Code   RO         5444    i.netconn_apimsg    api_lib.o
    0x08005f32   0x00000002   PAD
    0x08005f34   0x000000b4   Code   RO         5445    i.netconn_bind      api_lib.o
    0x08005fe8   0x0000000e   Code   RO         5446    i.netconn_close     api_lib.o
    0x08005ff6   0x00000002   PAD
    0x08005ff8   0x000000b0   Code   RO         5447    i.netconn_close_shutdown  api_lib.o
    0x080060a8   0x00000034   Code   RO         5449    i.netconn_delete    api_lib.o
    0x080060dc   0x000000b4   Code   RO         5592    i.netconn_drain     api_msg.o
    0x08006190   0x00000174   Code   RO         5593    i.netconn_free      api_msg.o
    0x08006304   0x000000a8   Code   RO         5452    i.netconn_listen_with_backlog  api_lib.o
    0x080063ac   0x00000194   Code   RO         5453    i.netconn_new_with_proto_and_callback  api_lib.o
    0x08006540   0x00000148   Code   RO         5454    i.netconn_recv      api_lib.o
    0x08006688   0x0000020c   Code   RO         5455    i.netconn_recv_data  api_lib.o
    0x08006894   0x00000144   Code   RO         5460    i.netconn_write_partly  api_lib.o
    0x080069d8   0x00000104   Code   RO         4078    i.netif_add         netif.o
    0x08006adc   0x00000002   Code   RO         4080    i.netif_init        netif.o
    0x08006ade   0x00000024   Code   RO         4082    i.netif_issue_reports  netif.o
    0x08006b02   0x00000048   Code   RO         4084    i.netif_set_addr    netif.o
    0x08006b4a   0x00000002   PAD
    0x08006b4c   0x00000010   Code   RO         4085    i.netif_set_default  netif.o
    0x08006b5c   0x00000010   Code   RO         4087    i.netif_set_gw      netif.o
    0x08006b6c   0x00000054   Code   RO         4088    i.netif_set_ipaddr  netif.o
    0x08006bc0   0x00000010   Code   RO         4091    i.netif_set_netmask  netif.o
    0x08006bd0   0x0000002c   Code   RO         4092    i.netif_set_up      netif.o
    0x08006bfc   0x00000424   Code   RO         4197    i.pbuf_alloc        pbuf.o
    0x08007020   0x00000104   Code   RO         4198    i.pbuf_alloced_custom  pbuf.o
    0x08007124   0x00000140   Code   RO         4199    i.pbuf_cat          pbuf.o
    0x08007264   0x00000012   Code   RO         4201    i.pbuf_clen         pbuf.o
    0x08007276   0x00000002   PAD
    0x08007278   0x0000022c   Code   RO         4203    i.pbuf_copy         pbuf.o
    0x080074a4   0x00000144   Code   RO         4204    i.pbuf_copy_partial  pbuf.o
    0x080075e8   0x000001b8   Code   RO         4206    i.pbuf_free         pbuf.o
    0x080077a0   0x00000012   Code   RO         4208    i.pbuf_header       pbuf.o
    0x080077b2   0x00000012   Code   RO         4209    i.pbuf_header_force  pbuf.o
    0x080077c4   0x00000160   Code   RO         4210    i.pbuf_header_impl  pbuf.o
    0x08007924   0x000001c4   Code   RO         4214    i.pbuf_realloc      pbuf.o
    0x08007ae8   0x00000098   Code   RO         4215    i.pbuf_ref          pbuf.o
    0x08007b80   0x000000fc   Code   RO         5594    i.pcb_new           api_msg.o
    0x08007c7c   0x000001b4   Code   RO         3928    i.plug_holes        mem.o
    0x08007e30   0x000000ec   Code   RO         5595    i.poll_tcp          api_msg.o
    0x08007f1c   0x00000098   Code   RO          766    i.prvAddCurrentTaskToDelayedList  tasks.o
    0x08007fb4   0x000000b4   Code   RO          767    i.prvAddNewTaskToReadyList  tasks.o
    0x08008068   0x00000048   Code   RO          768    i.prvCheckTasksWaitingTermination  tasks.o
    0x080080b0   0x0000002a   Code   RO          611    i.prvCopyDataFromQueue  queue.o
    0x080080da   0x0000006a   Code   RO          612    i.prvCopyDataToQueue  queue.o
    0x08008144   0x00000012   Code   RO          769    i.prvDeleteTCB      tasks.o
    0x08008156   0x00000002   PAD
    0x08008158   0x00000038   Code   RO          453    i.prvHeapInit       heap_2.o
    0x08008190   0x00000028   Code   RO          770    i.prvIdleTask       tasks.o
    0x080081b8   0x00000026   Code   RO          613    i.prvInitialiseNewQueue  queue.o
    0x080081de   0x00000080   Code   RO          771    i.prvInitialiseNewTask  tasks.o
    0x0800825e   0x00000002   PAD
    0x08008260   0x00000068   Code   RO          772    i.prvInitialiseTaskLists  tasks.o
    0x080082c8   0x0000001a   Code   RO          614    i.prvIsQueueEmpty   queue.o
    0x080082e2   0x0000001e   Code   RO          615    i.prvIsQueueFull    queue.o
    0x08008300   0x00000034   Code   RO          773    i.prvResetNextTaskUnblockTime  tasks.o
    0x08008334   0x00000016   Code   RO          540    i.prvTaskExitError  port.o
    0x0800834a   0x0000007e   Code   RO          616    i.prvUnlockQueue    queue.o
    0x080083c8   0x000000b8   Code   RO          454    i.pvPortMalloc      heap_2.o
    0x08008480   0x00000024   Code   RO          541    i.pxPortInitialiseStack  port.o
    0x080084a4   0x00000188   Code   RO         5596    i.recv_tcp          api_msg.o
    0x0800862c   0x00000180   Code   RO         5597    i.recv_udp          api_msg.o
    0x080087ac   0x000000d4   Code   RO         5598    i.sent_tcp          api_msg.o
    0x08008880   0x00000044   Code   RO         5599    i.setup_tcp         api_msg.o
    0x080088c4   0x00000058   Code   RO         5317    i.sys_arch_mbox_fetch  sys_arch.o
    0x0800891c   0x00000012   Code   RO         5318    i.sys_arch_mbox_tryfetch  sys_arch.o
    0x0800892e   0x0000000a   Code   RO         5319    i.sys_arch_protect  sys_arch.o
    0x08008938   0x00000048   Code   RO         5320    i.sys_arch_sem_wait  sys_arch.o
    0x08008980   0x0000000a   Code   RO         5321    i.sys_arch_unprotect  sys_arch.o
    0x0800898a   0x00000002   PAD
    0x0800898c   0x0000006c   Code   RO         4823    i.sys_check_timeouts  timeouts.o
    0x080089f8   0x00000002   Code   RO         5322    i.sys_init          sys_arch.o
    0x080089fa   0x00000010   Code   RO         5323    i.sys_mbox_free     sys_arch.o
    0x08008a0a   0x00000020   Code   RO         5324    i.sys_mbox_new      sys_arch.o
    0x08008a2a   0x00000018   Code   RO         5325    i.sys_mbox_post     sys_arch.o
    0x08008a42   0x00000006   Code   RO         5326    i.sys_mbox_set_invalid  sys_arch.o
    0x08008a48   0x0000001e   Code   RO         5327    i.sys_mbox_trypost  sys_arch.o
    0x08008a66   0x0000000e   Code   RO         5328    i.sys_mbox_valid    sys_arch.o
    0x08008a74   0x00000008   Code   RO         5330    i.sys_now           sys_arch.o
    0x08008a7c   0x00000010   Code   RO         5331    i.sys_sem_free      sys_arch.o
    0x08008a8c   0x0000002c   Code   RO         5332    i.sys_sem_new       sys_arch.o
    0x08008ab8   0x00000006   Code   RO         5333    i.sys_sem_set_invalid  sys_arch.o
    0x08008abe   0x00000012   Code   RO         5334    i.sys_sem_signal    sys_arch.o
    0x08008ad0   0x0000000e   Code   RO         5335    i.sys_sem_valid     sys_arch.o
    0x08008ade   0x00000032   Code   RO         5336    i.sys_thread_new    sys_arch.o
    0x08008b10   0x00000178   Code   RO         4825    i.sys_timeout       timeouts.o
    0x08008c88   0x00000034   Code   RO         4826    i.sys_timeouts_init  timeouts.o
    0x08008cbc   0x00000040   Code   RO         4827    i.sys_timeouts_mbox_fetch  timeouts.o
    0x08008cfc   0x00000038   Code   RO         4828    i.sys_timeouts_sleeptime  timeouts.o
    0x08008d34   0x00000184   Code   RO         4372    i.tcp_abandon       tcp.o
    0x08008eb8   0x0000000e   Code   RO         4373    i.tcp_abort         tcp.o
    0x08008ec6   0x00000010   Code   RO         4374    i.tcp_accept        tcp.o
    0x08008ed6   0x00000014   Code   RO         4375    i.tcp_accept_null   tcp.o
    0x08008eea   0x00000002   PAD
    0x08008eec   0x000000c8   Code   RO         4376    i.tcp_alloc         tcp.o
    0x08008fb4   0x00000006   Code   RO         4377    i.tcp_arg           tcp.o
    0x08008fba   0x00000002   PAD
    0x08008fbc   0x00000134   Code   RO         4378    i.tcp_bind          tcp.o
    0x080090f0   0x00000020   Code   RO         4379    i.tcp_close         tcp.o
    0x08009110   0x000001e4   Code   RO         4380    i.tcp_close_shutdown  tcp.o
    0x080092f4   0x000000d4   Code   RO         4381    i.tcp_close_shutdown_fin  tcp.o
    0x080093c8   0x0000014c   Code   RO         4717    i.tcp_create_segment  tcp_out.o
    0x08009514   0x0000003a   Code   RO         4384    i.tcp_eff_send_mss_impl  tcp.o
    0x0800954e   0x00000002   PAD
    0x08009550   0x00000294   Code   RO         4718    i.tcp_enqueue_flags  tcp_out.o
    0x080097e4   0x0000009c   Code   RO         4385    i.tcp_err           tcp.o
    0x08009880   0x00000098   Code   RO         4386    i.tcp_fasttmr       tcp.o
    0x08009918   0x00000058   Code   RO         4650    i.tcp_getoptbyte    tcp_in.o
    0x08009970   0x00000002   Code   RO         4387    i.tcp_init          tcp.o
    0x08009972   0x00000002   PAD
    0x08009974   0x00000794   Code   RO         4651    i.tcp_input         tcp_in.o
    0x0800a108   0x0000004c   Code   RO         4652    i.tcp_input_delayed_close  tcp_in.o
    0x0800a154   0x00000072   Code   RO         4719    i.tcp_keepalive     tcp_out.o
    0x0800a1c6   0x00000002   PAD
    0x0800a1c8   0x0000005c   Code   RO         4388    i.tcp_kill_prio     tcp.o
    0x0800a224   0x000000c4   Code   RO         4389    i.tcp_kill_state    tcp.o
    0x0800a2e8   0x00000040   Code   RO         4390    i.tcp_kill_timewait  tcp.o
    0x0800a328   0x000000c0   Code   RO         4391    i.tcp_listen_closed  tcp.o
    0x0800a3e8   0x00000154   Code   RO         4653    i.tcp_listen_input  tcp_in.o
    0x0800a53c   0x0000014c   Code   RO         4393    i.tcp_listen_with_backlog_and_err  tcp.o
    0x0800a688   0x00000054   Code   RO         4394    i.tcp_netif_ip_addr_changed  tcp.o
    0x0800a6dc   0x0000002e   Code   RO         4395    i.tcp_netif_ip_addr_changed_pcblist  tcp.o
    0x0800a70a   0x00000010   Code   RO         4397    i.tcp_new_ip_type   tcp.o
    0x0800a71a   0x00000002   PAD
    0x0800a71c   0x00000068   Code   RO         4398    i.tcp_new_port      tcp.o
    0x0800a784   0x00000020   Code   RO         4399    i.tcp_next_iss      tcp.o
    0x0800a7a4   0x00000314   Code   RO         4720    i.tcp_output        tcp_out.o
    0x0800aab8   0x00000114   Code   RO         4721    i.tcp_output_alloc_header  tcp_out.o
    0x0800abcc   0x000000cc   Code   RO         4722    i.tcp_output_segment  tcp_out.o
    0x0800ac98   0x000000b4   Code   RO         4654    i.tcp_parseopt      tcp_in.o
    0x0800ad4c   0x000000f0   Code   RO         4723    i.tcp_pbuf_prealloc  tcp_out.o
    0x0800ae3c   0x00000058   Code   RO         4400    i.tcp_pcb_purge     tcp.o
    0x0800ae94   0x00000120   Code   RO         4401    i.tcp_pcb_remove    tcp.o
    0x0800afb4   0x00000094   Code   RO         4402    i.tcp_poll          tcp.o
    0x0800b048   0x000006fc   Code   RO         4655    i.tcp_process       tcp_in.o
    0x0800b744   0x00000098   Code   RO         4403    i.tcp_process_refused_data  tcp.o
    0x0800b7dc   0x000008e4   Code   RO         4656    i.tcp_receive       tcp_in.o
    0x0800c0c0   0x0000009c   Code   RO         4404    i.tcp_recv          tcp.o
    0x0800c15c   0x0000002e   Code   RO         4405    i.tcp_recv_null     tcp.o
    0x0800c18a   0x00000002   PAD
    0x0800c18c   0x00000124   Code   RO         4406    i.tcp_recved        tcp.o
    0x0800c2b0   0x00000018   Code   RO         4407    i.tcp_remove_listener  tcp.o
    0x0800c2c8   0x00000062   Code   RO         4724    i.tcp_rexmit        tcp_out.o
    0x0800c32a   0x00000076   Code   RO         4725    i.tcp_rexmit_fast   tcp_out.o
    0x0800c3a0   0x0000004c   Code   RO         4726    i.tcp_rexmit_rto    tcp_out.o
    0x0800c3ec   0x00000124   Code   RO         4727    i.tcp_rst           tcp_out.o
    0x0800c510   0x0000001a   Code   RO         4408    i.tcp_seg_free      tcp.o
    0x0800c52a   0x00000018   Code   RO         4409    i.tcp_segs_free     tcp.o
    0x0800c542   0x0000007e   Code   RO         4728    i.tcp_send_empty_ack  tcp_out.o
    0x0800c5c0   0x0000004a   Code   RO         4729    i.tcp_send_fin      tcp_out.o
    0x0800c60a   0x00000002   PAD
    0x0800c60c   0x0000009c   Code   RO         4410    i.tcp_sent          tcp.o
    0x0800c6a8   0x00000062   Code   RO         4412    i.tcp_shutdown      tcp.o
    0x0800c70a   0x00000002   PAD
    0x0800c70c   0x0000061c   Code   RO         4413    i.tcp_slowtmr       tcp.o
    0x0800cd28   0x00000038   Code   RO         4830    i.tcp_timer_needed  timeouts.o
    0x0800cd60   0x000000a4   Code   RO         4657    i.tcp_timewait_input  tcp_in.o
    0x0800ce04   0x00000024   Code   RO         4414    i.tcp_tmr           tcp.o
    0x0800ce28   0x00000014   Code   RO         4658    i.tcp_trigger_input_pcb_close  tcp_in.o
    0x0800ce3c   0x000000cc   Code   RO         4416    i.tcp_update_rcv_ann_wnd  tcp.o
    0x0800cf08   0x000008b0   Code   RO         4730    i.tcp_write         tcp_out.o
    0x0800d7b8   0x00000178   Code   RO         4731    i.tcp_write_checks  tcp_out.o
    0x0800d930   0x000000f6   Code   RO         4732    i.tcp_zero_window_probe  tcp_out.o
    0x0800da26   0x00000002   PAD
    0x0800da28   0x0000002c   Code   RO         3595    i.tcpecho_init      tcpecho.o
    0x0800da54   0x000000fc   Code   RO         3596    i.tcpecho_thread    tcpecho.o
    0x0800db50   0x000000d4   Code   RO         5862    i.tcpip_init        tcpip.o
    0x0800dc24   0x000000dc   Code   RO         5865    i.tcpip_send_msg_wait_sem  tcpip.o
    0x0800dd00   0x00000038   Code   RO         4831    i.tcpip_tcp_timer   timeouts.o
    0x0800dd38   0x00000144   Code   RO         5866    i.tcpip_thread      tcpip.o
    0x0800de7c   0x000000b4   Code   RO         4897    i.udp_bind          udp.o
    0x0800df30   0x00000002   Code   RO         4900    i.udp_init          udp.o
    0x0800df32   0x00000002   PAD
    0x0800df34   0x000001e4   Code   RO         4901    i.udp_input         udp.o
    0x0800e118   0x00000048   Code   RO         4902    i.udp_input_local_match  udp.o
    0x0800e160   0x00000030   Code   RO         4903    i.udp_netif_ip_addr_changed  udp.o
    0x0800e190   0x0000001c   Code   RO         4904    i.udp_new           udp.o
    0x0800e1ac   0x0000000e   Code   RO         4905    i.udp_new_ip_type   udp.o
    0x0800e1ba   0x00000002   PAD
    0x0800e1bc   0x00000058   Code   RO         4906    i.udp_new_port      udp.o
    0x0800e214   0x00000006   Code   RO         4907    i.udp_recv          udp.o
    0x0800e21a   0x00000002   PAD
    0x0800e21c   0x00000044   Code   RO         4908    i.udp_remove        udp.o
    0x0800e260   0x00000028   Code   RO          503    i.uxListRemove      list.o
    0x0800e288   0x0000001a   Code   RO          504    i.vListInitialise   list.o
    0x0800e2a2   0x00000006   Code   RO          505    i.vListInitialiseItem  list.o
    0x0800e2a8   0x00000034   Code   RO          506    i.vListInsert       list.o
    0x0800e2dc   0x00000018   Code   RO          507    i.vListInsertEnd    list.o
    0x0800e2f4   0x00000024   Code   RO          543    i.vPortEnterCritical  port.o
    0x0800e318   0x00000020   Code   RO          544    i.vPortExitCritical  port.o
    0x0800e338   0x00000040   Code   RO          455    i.vPortFree         heap_2.o
    0x0800e378   0x00000018   Code   RO          545    i.vPortSetupTimerInterrupt  port.o
    0x0800e390   0x0000000e   Code   RO          620    i.vQueueDelete      queue.o
    0x0800e39e   0x00000002   PAD
    0x0800e3a0   0x00000018   Code   RO          784    i.vTaskInternalSetTimeOutState  tasks.o
    0x0800e3b8   0x0000000c   Code   RO          785    i.vTaskMissedYield  tasks.o
    0x0800e3c4   0x00000020   Code   RO          787    i.vTaskPlaceOnEventList  tasks.o
    0x0800e3e4   0x00000064   Code   RO          793    i.vTaskStartScheduler  tasks.o
    0x0800e448   0x00000010   Code   RO          795    i.vTaskSuspendAll   tasks.o
    0x0800e458   0x00000060   Code   RO          796    i.vTaskSwitchContext  tasks.o
    0x0800e4b8   0x00000034   Code   RO          546    i.xPortStartScheduler  port.o
    0x0800e4ec   0x00000034   Code   RO          547    i.xPortSysTickHandler  port.o
    0x0800e520   0x0000001a   Code   RO          621    i.xQueueCreateCountingSemaphore  queue.o
    0x0800e53a   0x00000038   Code   RO          622    i.xQueueGenericCreate  queue.o
    0x0800e572   0x00000002   PAD
    0x0800e574   0x00000080   Code   RO          623    i.xQueueGenericReset  queue.o
    0x0800e5f4   0x00000118   Code   RO          624    i.xQueueGenericSend  queue.o
    0x0800e70c   0x00000104   Code   RO          631    i.xQueueReceive     queue.o
    0x0800e810   0x000000f0   Code   RO          633    i.xQueueSemaphoreTake  queue.o
    0x0800e900   0x0000005c   Code   RO          797    i.xTaskCheckForTimeOut  tasks.o
    0x0800e95c   0x00000060   Code   RO          798    i.xTaskCreate       tasks.o
    0x0800e9bc   0x0000000c   Code   RO          802    i.xTaskGetTickCount  tasks.o
    0x0800e9c8   0x0000011c   Code   RO          804    i.xTaskIncrementTick  tasks.o
    0x0800eae4   0x00000080   Code   RO          807    i.xTaskRemoveFromEventList  tasks.o
    0x0800eb64   0x000000e8   Code   RO          808    i.xTaskResumeAll    tasks.o
    0x0800ec4c   0x0000000c   Data   RO         3633    .constdata          ethernet.o
    0x0800ec58   0x0000009c   Data   RO         3992    .constdata          memp.o
    0x0800ecf4   0x00000050   Data   RO         4417    .constdata          tcp.o
    0x0800ed44   0x00000018   Data   RO         4832    .constdata          timeouts.o
    0x0800ed5c   0x00000008   Data   RO         5202    .constdata          ip4_addr.o
    0x0800ed64   0x00000041   Data   RO         3848    .conststring        init.o
    0x0800eda5   0x00000003   PAD
    0x0800eda8   0x00000098   Data   RO         3993    .conststring        memp.o
    0x0800ee40   0x0000006d   Data   RO         4418    .conststring        tcp.o
    0x0800eead   0x00000003   PAD
    0x0800eeb0   0x00000055   Data   RO         4733    .conststring        tcp_out.o
    0x0800ef05   0x00000003   PAD
    0x0800ef08   0x00000041   Data   RO         5036    .conststring        etharp.o
    0x0800ef49   0x00000003   PAD
    0x0800ef4c   0x00000020   Data   RO         6277    Region$$Table       anon$$obj.o


    Execution Region RW_IRAM1 (Base: 0x20000000, Size: 0x0000c378, Max: 0x00010000, ABSOLUTE, COMPRESSED[0x0000003c])

    Base Addr    Size         Type   Attr      Idx    E Section Name        Object

    0x20000000   0x00000008   Data   RW            3    .data               main.o
    0x20000008   0x00000020   Data   RW          350    .data               drv_ethernet.o
    0x20000028   0x00000018   Data   RW          459    .data               heap_2.o
    0x20000040   0x00000004   Data   RW          548    .data               port.o
    0x20000044   0x0000003c   Data   RW          811    .data               tasks.o
    0x20000080   0x00000014   Data   RW         1585    .data               stm32f10x_rcc.o
    0x20000094   0x00000010   Data   RW         2854    .data               stm32_eth.o
    0x200000a4   0x00000014   Data   RW         3679    .data               ethernetif.o
    0x200000b8   0x00000010   Data   RW         3930    .data               mem.o
    0x200000c8   0x00000009   Data   RW         4093    .data               netif.o
    0x200000d1   0x00000003   PAD
    0x200000d4   0x00000020   Data   RW         4419    .data               tcp.o
    0x200000f4   0x00000028   Data   RW         4660    .data               tcp_in.o
    0x2000011c   0x0000000c   Data   RW         4833    .data               timeouts.o
    0x20000128   0x00000008   Data   RW         4913    .data               udp.o
    0x20000130   0x00000001   Data   RW         5037    .data               etharp.o
    0x20000131   0x00000001   PAD
    0x20000132   0x00000002   Data   RW         5159    .data               ip4.o
    0x20000134   0x00000006   Data   RW         5259    .data               ip4_frag.o
    0x2000013a   0x00000001   Data   RW         5600    .data               api_msg.o
    0x2000013b   0x00000001   PAD
    0x2000013c   0x0000000c   Data   RW         5868    .data               tcpip.o
    0x20000148   0x00000004   Data   RW         6249    .data               mc_w.l(stdout.o)
    0x2000014c   0x00000030   Zero   RW          349    .bss                drv_ethernet.o
    0x2000017c   0x00005000   Zero   RW          458    .bss                heap_2.o
    0x2000517c   0x000000c8   Zero   RW          810    .bss                tasks.o
    0x20005244   0x00003000   Zero   RW         3678    .bss                ethernetif.o
    0x20008244   0x00000018   Zero   RW         3904    .bss                ip.o
    0x2000825c   0x00003c13   Zero   RW         3929    .bss                mem.o
    0x2000be6f   0x00000001   PAD
    0x2000be70   0x00000014   Zero   RW         4659    .bss                tcp_in.o
    0x2000be84   0x000000f0   Zero   RW         5035    .bss                etharp.o
    0x2000bf74   0x00000004   PAD
    0x2000bf78   0x00000400   Zero   RW         3428    STACK               startup_stm32f10x_cl.o


==============================================================================

Image component sizes


      Code (inc. data)   RO Data    RW Data    ZI Data      Debug   Object Name

      2548       1170          0          0          0      24279   api_lib.o
      6636       2160          0          1          0      29929   api_msg.o
        38          0          0          0          0       2482   def.o
      1052         52          0         32         48      13847   drv_ethernet.o
      3712       1070         65          1        240      10728   etharp.o
       468        132         12          0          0       4861   ethernet.o
       888        160          0         20      12288       7652   ethernetif.o
       304         40          0         24      20480       4887   heap_2.o
      1008        310          0          0          0       7428   icmp.o
       196          0          0          0          0       2652   inet_chksum.o
       144         76         65          0          0       1012   init.o
         0          0          0          0         24       5933   ip.o
      1118        164          0          2          0       4828   ip4.o
        78          0          8          0          0       6982   ip4_addr.o
      3154        920          0          6          0      11646   ip4_frag.o
       148          0          0          0          0       3146   list.o
       100         26          0          8          0     276492   main.o
      2140        896          0         16      15379       8441   mem.o
       710        436        308          0          0       8988   memp.o
       132         22          0          0          0       1699   misc.o
       476        262          0          0          0       2316   netbuf.o
       546        114          0          9          0       8614   netif.o
      3970       1672          0          0          0      11726   pbuf.o
       404         48          0          4          0       8928   port.o
      1372         20          0          0          0      18912   queue.o
        36          8        336          0       1024        912   startup_stm32f10x_cl.o
      1650        136          0         16          0      15742   stm32_eth.o
       402         12          0          0          0       3450   stm32f10x_gpio.o
        52          0          0          0          0      35406   stm32f10x_it.o
       604         66          0         20          0       8492   stm32f10x_rcc.o
       478          0          0          0          0      11711   sys_arch.o
       384         28          0          0          0       2333   system_stm32f10x.o
      1870        312          0         60        200      24304   tasks.o
      6508       2180        189         32          0      36620   tcp.o
      6872       1278          0         40         20      18947   tcp_in.o
      6244       1680         85          0          0      25110   tcp_out.o
       296        120          0          0          0      14827   tcpecho.o
         0          0          0          0          0       4119   tcpecho_raw.o
       756        382          0         12          0       7374   tcpip.o
       796        228         24         12          0       6952   timeouts.o
       990        134          0          8          0       8845   udp.o

    ----------------------------------------------------------------------
     59348      16314       1136        328      49708     713552   Object Totals
         0          0         32          0          0          0   (incl. Generated)
        68          0         12          5          5          0   (incl. Padding)

    ----------------------------------------------------------------------

      Code (inc. data)   RO Data    RW Data    ZI Data      Debug   Library Member Name

        86          0          0          0          0          0   __dczerorl2.o
         0          0          0          0          0          0   entry.o
         0          0          0          0          0          0   entry10a.o
         0          0          0          0          0          0   entry11a.o
         8          4          0          0          0          0   entry2.o
         4          0          0          0          0          0   entry5.o
         0          0          0          0          0          0   entry7b.o
         0          0          0          0          0          0   entry8b.o
         8          4          0          0          0          0   entry9a.o
        18          0          0          0          0         80   fputc.o
        30          0          0          0          0          0   handlers.o
        36          8          0          0          0         68   init.o
         0          0          0          0          0          0   iusesemip.o
        26          0          0          0          0         80   memcmp.o
        36          0          0          0          0         68   memcpya.o
        36          0          0          0          0        108   memseta.o
       472         14          0          0          0        184   printf3.o
         0          0          0          0          0          0   semi.o
         0          0          0          4          0          0   stdout.o
        44          0          0          0          0         80   uidiv.o

    ----------------------------------------------------------------------
       808         30          0          4          0        668   Library Totals
         4          0          0          0          0          0   (incl. Padding)

    ----------------------------------------------------------------------

      Code (inc. data)   RO Data    RW Data    ZI Data      Debug   Library Name

       804         30          0          4          0        668   mc_w.l

    ----------------------------------------------------------------------
       808         30          0          4          0        668   Library Totals

    ----------------------------------------------------------------------

==============================================================================


      Code (inc. data)   RO Data    RW Data    ZI Data      Debug   

     60156      16344       1136        332      49708     697604   Grand Totals
     60156      16344       1136         60      49708     697604   ELF Image Totals (compressed)
     60156      16344       1136         60          0          0   ROM Totals

==============================================================================

    Total RO  Size (Code + RO Data)                61292 (  59.86kB)
    Total RW  Size (RW Data + ZI Data)             50040 (  48.87kB)
    Total ROM Size (Code + RO Data + RW Data)      61352 (  59.91kB)

==============================================================================

